Archive member included to satisfy reference by file (symbol)

d:/software/work/gcc-arm-none-eabi-10.3-2021.07/bin/../lib/gcc/arm-none-eabi/10.3.1/thumb/v7e-m+dp/hard\libgcc.a(_aeabi_uldivmod.o)
                              ./build/stm32h7xx_ll_lpuart.o (__aeabi_uldivmod)
d:/software/work/gcc-arm-none-eabi-10.3-2021.07/bin/../lib/gcc/arm-none-eabi/10.3.1/thumb/v7e-m+dp/hard\libgcc.a(_udivmoddi4.o)
                              d:/software/work/gcc-arm-none-eabi-10.3-2021.07/bin/../lib/gcc/arm-none-eabi/10.3.1/thumb/v7e-m+dp/hard\libgcc.a(_aeabi_uldivmod.o) (__udivmoddi4)
d:/software/work/gcc-arm-none-eabi-10.3-2021.07/bin/../lib/gcc/arm-none-eabi/10.3.1/thumb/v7e-m+dp/hard\libgcc.a(_dvmd_tls.o)
                              d:/software/work/gcc-arm-none-eabi-10.3-2021.07/bin/../lib/gcc/arm-none-eabi/10.3.1/thumb/v7e-m+dp/hard\libgcc.a(_aeabi_uldivmod.o) (__aeabi_ldiv0)
d:/software/work/gcc-arm-none-eabi-10.3-2021.07/bin/../lib/gcc/arm-none-eabi/10.3.1/../../../../arm-none-eabi/lib/thumb/v7e-m+dp/hard\libc.a(lib_a-atoi.o)
                              ./build/adc.o (atoi)
d:/software/work/gcc-arm-none-eabi-10.3-2021.07/bin/../lib/gcc/arm-none-eabi/10.3.1/../../../../arm-none-eabi/lib/thumb/v7e-m+dp/hard\libc.a(lib_a-exit.o)
                              d:/software/work/gcc-arm-none-eabi-10.3-2021.07/bin/../lib/gcc/arm-none-eabi/10.3.1/../../../../arm-none-eabi/lib/thumb/v7e-m+dp/hard/crt0.o (exit)
d:/software/work/gcc-arm-none-eabi-10.3-2021.07/bin/../lib/gcc/arm-none-eabi/10.3.1/../../../../arm-none-eabi/lib/thumb/v7e-m+dp/hard\libc.a(lib_a-impure.o)
                              d:/software/work/gcc-arm-none-eabi-10.3-2021.07/bin/../lib/gcc/arm-none-eabi/10.3.1/../../../../arm-none-eabi/lib/thumb/v7e-m+dp/hard\libc.a(lib_a-exit.o) (_global_impure_ptr)
d:/software/work/gcc-arm-none-eabi-10.3-2021.07/bin/../lib/gcc/arm-none-eabi/10.3.1/../../../../arm-none-eabi/lib/thumb/v7e-m+dp/hard\libc.a(lib_a-init.o)
                              d:/software/work/gcc-arm-none-eabi-10.3-2021.07/bin/../lib/gcc/arm-none-eabi/10.3.1/../../../../arm-none-eabi/lib/thumb/v7e-m+dp/hard/crt0.o (__libc_init_array)
d:/software/work/gcc-arm-none-eabi-10.3-2021.07/bin/../lib/gcc/arm-none-eabi/10.3.1/../../../../arm-none-eabi/lib/thumb/v7e-m+dp/hard\libc.a(lib_a-memcmp.o)
                              ./build/shell.o (memcmp)
d:/software/work/gcc-arm-none-eabi-10.3-2021.07/bin/../lib/gcc/arm-none-eabi/10.3.1/../../../../arm-none-eabi/lib/thumb/v7e-m+dp/hard\libc.a(lib_a-memcpy.o)
                              ./build/stm32h7xx_hal_fdcan.o (memcpy)
d:/software/work/gcc-arm-none-eabi-10.3-2021.07/bin/../lib/gcc/arm-none-eabi/10.3.1/../../../../arm-none-eabi/lib/thumb/v7e-m+dp/hard\libc.a(lib_a-memset.o)
                              d:/software/work/gcc-arm-none-eabi-10.3-2021.07/bin/../lib/gcc/arm-none-eabi/10.3.1/../../../../arm-none-eabi/lib/thumb/v7e-m+dp/hard/crt0.o (memset)
d:/software/work/gcc-arm-none-eabi-10.3-2021.07/bin/../lib/gcc/arm-none-eabi/10.3.1/../../../../arm-none-eabi/lib/thumb/v7e-m+dp/hard\libc.a(lib_a-strcat.o)
                              ./build/sensor.o (strcat)
d:/software/work/gcc-arm-none-eabi-10.3-2021.07/bin/../lib/gcc/arm-none-eabi/10.3.1/../../../../arm-none-eabi/lib/thumb/v7e-m+dp/hard\libc.a(lib_a-strcmp.o)
                              ./build/dfs.o (strcmp)
d:/software/work/gcc-arm-none-eabi-10.3-2021.07/bin/../lib/gcc/arm-none-eabi/10.3.1/../../../../arm-none-eabi/lib/thumb/v7e-m+dp/hard\libc.a(lib_a-strcpy.o)
                              ./build/shell.o (strcpy)
d:/software/work/gcc-arm-none-eabi-10.3-2021.07/bin/../lib/gcc/arm-none-eabi/10.3.1/../../../../arm-none-eabi/lib/thumb/v7e-m+dp/hard\libc.a(lib_a-strlen.o)
                              ./build/dfs.o (strlen)
d:/software/work/gcc-arm-none-eabi-10.3-2021.07/bin/../lib/gcc/arm-none-eabi/10.3.1/../../../../arm-none-eabi/lib/thumb/v7e-m+dp/hard\libc.a(lib_a-strncmp.o)
                              ./build/dfs_fs.o (strncmp)
d:/software/work/gcc-arm-none-eabi-10.3-2021.07/bin/../lib/gcc/arm-none-eabi/10.3.1/../../../../arm-none-eabi/lib/thumb/v7e-m+dp/hard\libc.a(lib_a-strncpy.o)
                              ./build/shell.o (strncpy)
d:/software/work/gcc-arm-none-eabi-10.3-2021.07/bin/../lib/gcc/arm-none-eabi/10.3.1/../../../../arm-none-eabi/lib/thumb/v7e-m+dp/hard\libc.a(lib_a-strrchr.o)
                              ./build/dfs_file.o (strrchr)
d:/software/work/gcc-arm-none-eabi-10.3-2021.07/bin/../lib/gcc/arm-none-eabi/10.3.1/../../../../arm-none-eabi/lib/thumb/v7e-m+dp/hard\libc.a(lib_a-strtol.o)
                              d:/software/work/gcc-arm-none-eabi-10.3-2021.07/bin/../lib/gcc/arm-none-eabi/10.3.1/../../../../arm-none-eabi/lib/thumb/v7e-m+dp/hard\libc.a(lib_a-atoi.o) (_strtol_r)
d:/software/work/gcc-arm-none-eabi-10.3-2021.07/bin/../lib/gcc/arm-none-eabi/10.3.1/../../../../arm-none-eabi/lib/thumb/v7e-m+dp/hard\libc.a(lib_a-__call_atexit.o)
[...]
Memory Configuration

Name             Origin             Length             Attributes
FLASH            0x08000000         0x00200000         xr
RAM              0x20000000         0x00020000         xrw
ITCMRAM          0x00000000         0x00010000         xrw
*default*        0x00000000         0xffffffff

Linker script and memory map

LOAD d:/software/work/gcc-arm-none-eabi-10.3-2021.07/bin/../lib/gcc/arm-none-eabi/10.3.1/thumb/v7e-m+dp/hard/crti.o
LOAD d:/software/work/gcc-arm-none-eabi-10.3-2021.07/bin/../lib/gcc/arm-none-eabi/10.3.1/thumb/v7e-m+dp/hard/crtbegin.o
LOAD d:/software/work/gcc-arm-none-eabi-10.3-2021.07/bin/../lib/gcc/arm-none-eabi/10.3.1/../../../../arm-none-eabi/lib/thumb/v7e-m+dp/hard/crt0.o
LOAD ./build/drv_sdio.o
LOAD ./build/drv_usart_v2.o
LOAD ./build/drv_soft_i2c.o
LOAD ./build/drv_gpio.o
LOAD ./build/drv_spi.o
LOAD ./build/drv_adc.o
LOAD ./build/drv_common.o
LOAD ./build/drv_fdcan.o
LOAD ./build/drv_flash_h7.o
LOAD ./build/system_stm32h7xx.o
LOAD ./build/stm32h7xx_ll_dma.o
LOAD ./build/stm32h7xx_hal_cryp.o
LOAD ./build/stm32h7xx_hal_hrtim.o
LOAD ./build/stm32h7xx_hal.o
LOAD ./build/stm32h7xx_hal_rcc_ex.o
LOAD ./build/stm32h7xx_hal_fdcan.o
LOAD ./build/stm32h7xx_hal_sd_ex.o
LOAD ./build/stm32h7xx_hal_hcd.o
LOAD ./build/stm32h7xx_hal_tim.o
LOAD ./build/stm32h7xx_hal_pcd.o
LOAD ./build/stm32h7xx_hal_dcmi.o
LOAD ./build/stm32h7xx_hal_usart.o
LOAD ./build/stm32h7xx_hal_crc.o
LOAD ./build/stm32h7xx_hal_opamp_ex.o
LOAD ./build/stm32h7xx_hal_dac.o
LOAD ./build/stm32h7xx_hal_pwr_ex.o
LOAD ./build/stm32h7xx_hal_cordic.o
LOAD ./build/stm32h7xx_hal_dsi.o
LOAD ./build/stm32h7xx_ll_adc.o
LOAD ./build/stm32h7xx_ll_swpmi.o
LOAD ./build/stm32h7xx_hal_msp_template.o
LOAD ./build/stm32h7xx_hal_opamp.o
LOAD ./build/stm32h7xx_hal_rcc.o
LOAD ./build/stm32h7xx_hal_exti.o
LOAD ./build/stm32h7xx_hal_sd.o
LOAD ./build/stm32h7xx_ll_lpuart.o
LOAD ./build/stm32h7xx_hal_eth.o
LOAD ./build/stm32h7xx_hal_i2s_ex.o
LOAD ./build/stm32h7xx_hal_dma2d.o
LOAD ./build/stm32h7xx_hal_i2c.o
LOAD ./build/stm32h7xx_hal_iwdg.o
LOAD ./build/stm32h7xx_hal_flash.o
LOAD ./build/stm32h7xx_hal_smartcard.o
LOAD ./build/stm32h7xx_hal_pwr.o
LOAD ./build/stm32h7xx_hal_rtc.o
LOAD ./build/stm32h7xx_hal_ramecc.o
LOAD ./build/stm32h7xx_ll_usart.o
LOAD ./build/stm32h7xx_hal_spdifrx.o
LOAD ./build/stm32h7xx_ll_crc.o
LOAD ./build/stm32h7xx_hal_mdios.o
LOAD ./build/stm32h7xx_hal_spi_ex.o
LOAD ./build/stm32h7xx_ll_cordic.o
LOAD ./build/stm32h7xx_hal_uart_ex.o
LOAD ./build/stm32h7xx_hal_dfsdm.o
LOAD ./build/stm32h7xx_hal_cortex.o
LOAD ./build/stm32h7xx_hal_hsem.o
LOAD ./build/stm32h7xx_ll_fmc.o
LOAD ./build/stm32h7xx_hal_rng_ex.o
LOAD ./build/stm32h7xx_hal_smartcard_ex.o
LOAD ./build/stm32h7xx_ll_crs.o
LOAD ./build/stm32h7xx_hal_lptim.o
LOAD ./build/stm32h7xx_ll_i2c.o
LOAD ./build/stm32h7xx_hal_comp.o
LOAD ./build/stm32h7xx_ll_gpio.o
LOAD ./build/stm32h7xx_hal_mmc.o
LOAD ./build/stm32h7xx_hal_spi.o
LOAD ./build/stm32h7xx_ll_rtc.o
LOAD ./build/stm32h7xx_hal_uart.o
LOAD ./build/stm32h7xx_hal_sdram.o
LOAD ./build/stm32h7xx_hal_wwdg.o
LOAD ./build/stm32h7xx_ll_pwr.o
LOAD ./build/stm32h7xx_hal_smbus_ex.o
LOAD ./build/stm32h7xx_hal_pssi.o
LOAD ./build/stm32h7xx_hal_rng.o
LOAD ./build/stm32h7xx_hal_flash_ex.o
LOAD ./build/stm32h7xx_ll_rcc.o
LOAD ./build/stm32h7xx_ll_usb.o
LOAD ./build/stm32h7xx_hal_irda.o
LOAD ./build/stm32h7xx_hal_nor.o
LOAD ./build/stm32h7xx_ll_exti.o
LOAD ./build/stm32h7xx_hal_smbus.o
LOAD ./build/stm32h7xx_ll_comp.o
LOAD ./build/stm32h7xx_hal_cec.o
LOAD ./build/stm32h7xx_ll_spi.o
LOAD ./build/stm32h7xx_ll_lptim.o
LOAD ./build/stm32h7xx_hal_dfsdm_ex.o
LOAD ./build/stm32h7xx_hal_dts.o
LOAD ./build/stm32h7xx_ll_hrtim.o
LOAD ./build/stm32h7xx_hal_dac_ex.o
LOAD ./build/stm32h7xx_ll_tim.o
LOAD ./build/stm32h7xx_hal_fmac.o
LOAD ./build/stm32h7xx_hal_i2c_ex.o
LOAD ./build/stm32h7xx_ll_bdma.o
LOAD ./build/stm32h7xx_hal_sram.o
LOAD ./build/stm32h7xx_hal_dma_ex.o
LOAD ./build/stm32h7xx_ll_rng.o
LOAD ./build/stm32h7xx_hal_ltdc_ex.o
LOAD ./build/stm32h7xx_hal_swpmi.o
LOAD ./build/stm32h7xx_hal_hash_ex.o
LOAD ./build/stm32h7xx_hal_qspi.o
LOAD ./build/stm32h7xx_hal_nand.o
LOAD ./build/stm32h7xx_hal_i2s.o
LOAD ./build/stm32h7xx_hal_sai_ex.o
LOAD ./build/stm32h7xx_ll_sdmmc.o
LOAD ./build/stm32h7xx_hal_ltdc.o
LOAD ./build/stm32h7xx_hal_dma.o
LOAD ./build/stm32h7xx_hal_mdma.o
LOAD ./build/stm32h7xx_hal_mmc_ex.o
LOAD ./build/stm32h7xx_hal_adc_ex.o
LOAD ./build/stm32h7xx_hal_tim_ex.o
LOAD ./build/stm32h7xx_hal_eth_ex.o
LOAD ./build/stm32h7xx_ll_fmac.o
LOAD ./build/stm32h7xx_ll_delayblock.o
LOAD ./build/stm32h7xx_ll_dma2d.o
LOAD ./build/stm32h7xx_hal_hash.o
LOAD ./build/stm32h7xx_ll_mdma.o
LOAD ./build/stm32h7xx_hal_cryp_ex.o
LOAD ./build/stm32h7xx_hal_sai.o
LOAD ./build/stm32h7xx_hal_gfxmmu.o
LOAD ./build/stm32h7xx_ll_utils.o
LOAD ./build/stm32h7xx_hal_gpio.o
LOAD ./build/stm32h7xx_hal_jpeg.o
LOAD ./build/stm32h7xx_hal_ospi.o
LOAD ./build/stm32h7xx_ll_opamp.o
LOAD ./build/stm32h7xx_hal_adc.o
LOAD ./build/stm32h7xx_hal_pcd_ex.o
LOAD ./build/stm32h7xx_ll_dac.o
LOAD ./build/stm32h7xx_hal_usart_ex.o
LOAD ./build/stm32h7xx_hal_crc_ex.o
LOAD ./build/stm32h7xx_hal_rtc_ex.o
LOAD ./build/stm32h7xx_hal_otfdec.o
LOAD ./build/main.o
LOAD ./build/stm32h7xx_it.o
LOAD ./build/stm32h7xx_hal_msp.o
LOAD ./build/bmi088_sample.o
LOAD ./build/sensor_intf_bmi088.o
LOAD ./build/bmi088.o
LOAD ./build/board.o
LOAD ./build/sensor_intf_hmc5883l.o
LOAD ./build/hmc5883l.o
LOAD ./build/sensor_intf_mmc5983ma.o
LOAD ./build/mmc5983ma.o
LOAD ./build/fport.o
LOAD ./build/spl06_001.o
LOAD ./build/dfs.o
LOAD ./build/select.o
LOAD ./build/dfs_file.o
LOAD ./build/poll.o
LOAD ./build/dfs_posix.o
LOAD ./build/dfs_fs.o
LOAD ./build/audio_pipe.o
LOAD ./build/audio.o
LOAD ./build/can.o
LOAD ./build/i2c_dev.o
LOAD ./build/i2c-bit-ops.o
LOAD ./build/i2c_core.o
LOAD ./build/completion.o
LOAD ./build/waitqueue.o
LOAD ./build/pipe.o
LOAD ./build/ringbuffer.o
LOAD ./build/dataqueue.o
LOAD ./build/workqueue.o
LOAD ./build/ringblk_buf.o
LOAD ./build/adc.o
LOAD ./build/pin.o
LOAD ./build/sd.o
LOAD ./build/sdio.o
LOAD ./build/mmc.o
LOAD ./build/mmcsd_core.o
LOAD ./build/block_dev.o
LOAD ./build/sensor_cmd.o
LOAD ./build/sensor.o
LOAD ./build/serial_v2.o
LOAD ./build/spi_core.o
LOAD ./build/spi_msd.o
LOAD ./build/spi_dev.o
LOAD ./build/winusb.o
LOAD ./build/audio_mic.o
LOAD ./build/cdc_vcom.o
LOAD ./build/hid.o
LOAD ./build/mstorage.o
LOAD ./build/audio_speaker.o
LOAD ./build/ecm.o
LOAD ./build/rndis.o
LOAD ./build/usbdevice_core.o
LOAD ./build/usbdevice.o
LOAD ./build/cmd.o
LOAD ./build/msh.o
LOAD ./build/shell.o
LOAD ./build/msh_file.o
LOAD ./build/cpuport.o
LOAD ./build/components.o
LOAD ./build/timer.o
LOAD ./build/thread.o
LOAD ./build/slab.o
LOAD ./build/memheap.o
LOAD ./build/object.o
LOAD ./build/signal.o
LOAD ./build/cpu.o
LOAD ./build/device.o
LOAD ./build/ipc.o
LOAD ./build/kservice.o
LOAD ./build/clock.o
LOAD ./build/scheduler.o
LOAD ./build/irq.o
LOAD ./build/mempool.o
LOAD ./build/idle.o
LOAD ./build/mem.o
LOAD ./build/startup_stm32h750xx.o
LOAD ./build/context_gcc.o
START GROUP
LOAD d:/software/work/gcc-arm-none-eabi-10.3-2021.07/bin/../lib/gcc/arm-none-eabi/10.3.1/thumb/v7e-m+dp/hard\libgcc.a
LOAD d:/software/work/gcc-arm-none-eabi-10.3-2021.07/bin/../lib/gcc/arm-none-eabi/10.3.1/../../../../arm-none-eabi/lib/thumb/v7e-m+dp/hard\libc.a
END GROUP
LOAD d:/software/work/gcc-arm-none-eabi-10.3-2021.07/bin/../lib/gcc/arm-none-eabi/10.3.1/thumb/v7e-m+dp/hard/crtend.o
LOAD d:/software/work/gcc-arm-none-eabi-10.3-2021.07/bin/../lib/gcc/arm-none-eabi/10.3.1/thumb/v7e-m+dp/hard/crtn.o
                0x20020000                _estack = 0x20020000
                0x00000200                _Min_Heap_Size = 0x200
                0x00000400                _Min_Stack_Size = 0x400

.isr_vector     0x08000000      0x298
                0x08000000                . = ALIGN (0x4)
 *(.isr_vector)
 .isr_vector    0x08000000      0x298 ./build/startup_stm32h750xx.o
                0x08000000                g_pfnVectors
                0x08000298                . = ALIGN (0x4)

.text           0x080002c0    0x63620
                0x080002c0                . = ALIGN (0x4)
 *(.text)
 .text          0x080002c0        0x0 d:/software/work/gcc-arm-none-eabi-10.3-2021.07/bin/../lib/gcc/arm-none-eabi/10.3.1/thumb/v7e-m+dp/hard/crti.o
 .text          0x080002c0       0x40 d:/software/work/gcc-arm-none-eabi-10.3-2021.07/bin/../lib/gcc/arm-none-eabi/10.3.1/thumb/v7e-m+dp/hard/crtbegin.o
 .text          0x08000300       0x7c d:/software/work/gcc-arm-none-eabi-10.3-2021.07/bin/../lib/gcc/arm-none-eabi/10.3.1/../../../../arm-none-eabi/lib/thumb/v7e-m+dp/hard/crt0.o
                0x08000300                _stack_init
                0x08000308                _mainCRTStartup
                0x08000308                _start
 .text          0x0800037c      0x564 ./build/drv_sdio.o
                0x08000748                rthw_sdio_irq_process
                0x0800075c                sdio_host_create
                0x08000854                rt_hw_sdio_init
                0x080008a4                SDMMC1_IRQHandler
                0x080008bc                SDMMC2_IRQHandler
                0x080008ce                sdcard_change
 .text          0x080008e0      0xc14 ./build/drv_usart_v2.o
                0x08001058                stm32_uart_get_mask
                0x080012c4                USART1_IRQHandler
                0x080012dc                USART2_IRQHandler
                0x080012f4                USART3_IRQHandler
                0x0800130c                UART4_IRQHandler
                0x08001324                USART6_IRQHandler
                0x0800133c                UART8_IRQHandler
                0x08001354                HAL_UART_ErrorCallback
                0x08001370                HAL_UART_RxCpltCallback
                0x08001398                HAL_UART_RxHalfCpltCallback
                0x080013c0                HAL_UART_TxCpltCallback
                0x08001480                rt_hw_usart_init
 .text          0x080014f4      0x170 ./build/drv_soft_i2c.o
                0x080015e8                rt_hw_i2c_init
 .text          0x08001664      0x64c ./build/drv_gpio.o
                0x08001a80                HAL_GPIO_EXTI_Callback
                0x08001ac0                EXTI0_IRQHandler
                0x08001ad2                EXTI1_IRQHandler
                0x08001ae4                EXTI2_IRQHandler
                0x08001af6                EXTI3_IRQHandler
                0x08001b08                EXTI4_IRQHandler
                0x08001b1a                EXTI9_5_IRQHandler
                0x08001b48                EXTI15_10_IRQHandler
                0x08001b84                rt_hw_pin_init
 .text          0x08001cb0      0x758 ./build/drv_spi.o
                0x08001e28                rt_hw_spi_init
                0x08002320                rt_hw_spi_device_attach
 .text          0x08002408        0x0 ./build/drv_adc.o
 .text          0x08002408      0x16c ./build/drv_common.o
                0x08002410                rt_hw_systick_init
                0x08002440                HAL_IncTick
                0x08002458                SysTick_Handler
                0x0800247a                HAL_GetTick
                0x08002498                HAL_SuspendTick
                0x0800249a                HAL_ResumeTick
                0x0800249c                HAL_InitTick
                0x080024a6                _Error_Handler
                0x080024d0                rt_hw_us_delay
                0x08002514                HAL_Delay
                0x08002540                rt_hw_board_init
 .text          0x08002574      0x7d8 ./build/drv_fdcan.o
                0x08002c70                HAL_FDCAN_RxFifo0Callback
                0x08002c98                HAL_FDCAN_TxBufferCompleteCallback
                0x08002cbc                HAL_FDCAN_TxFifoEmptyCallback
                0x08002cbe                HAL_FDCAN_TxBufferAbortCallback
                0x08002cc0                HAL_FDCAN_ErrorCallback
                0x08002d1c                FDCAN1_IT0_IRQHandler
                0x08002d34                FDCAN1_IT1_IRQHandler
 .text          0x08002d4c        0x0 ./build/drv_flash_h7.o
 .text          0x08002d4c      0x2dc ./build/system_stm32h7xx.o
                0x08002d4c                SystemInit
                0x08002e18                SystemCoreClockUpdate
 .text          0x08003028      0x310 ./build/stm32h7xx_ll_dma.o
                0x08003028                LL_DMA_DeInit
                0x08003254                LL_DMA_Init
                0x08003314                LL_DMA_StructInit
 .text          0x08003338     0x3174 ./build/stm32h7xx_hal_cryp.o
                0x08003e20                HAL_CRYP_SetConfig
                0x08003eb0                HAL_CRYP_GetConfig
                0x08003f24                HAL_CRYP_MspInit
                0x08003f26                HAL_CRYP_Init
                0x08003f70                HAL_CRYP_MspDeInit
                0x08003f72                HAL_CRYP_DeInit
                0x08003fa2                HAL_CRYP_Encrypt_IT
                0x08004134                HAL_CRYP_Decrypt_IT
                0x080042c4                HAL_CRYP_GetError
                0x080042c8                HAL_CRYP_GetState
                0x080042ce                HAL_CRYP_InCpltCallback
                0x080042e4                HAL_CRYP_OutCpltCallback
                0x080045c4                HAL_CRYP_ErrorCallback
                0x08005460                HAL_CRYP_Encrypt
                0x080055c0                HAL_CRYP_Decrypt
                0x08005ef2                HAL_CRYP_Encrypt_DMA
                0x08006090                HAL_CRYP_Decrypt_DMA
                0x08006458                HAL_CRYP_IRQHandler
 .text          0x080064ac     0x4240 ./build/stm32h7xx_hal_hrtim.o
                0x08006dca                HAL_HRTIM_MspInit
                0x08006dcc                HAL_HRTIM_Init
                0x08006ea8                HAL_HRTIM_MspDeInit
                0x08006eaa                HAL_HRTIM_DeInit
                0x08006ec8                HAL_HRTIM_TimeBaseConfig
                0x08006efa                HAL_HRTIM_SimpleBaseStart
                0x08006f38                HAL_HRTIM_SimpleBaseStop
                0x0800701c                HAL_HRTIM_SimpleBaseStart_IT
                0x08007080                HAL_HRTIM_SimpleBaseStop_IT
                0x08007184                HAL_HRTIM_SimpleBaseStart_DMA
                0x08007268                HAL_HRTIM_SimpleBaseStop_DMA
                0x080073b0                HAL_HRTIM_SimpleOCChannelConfig
                0x08007500                HAL_HRTIM_SimpleOCStart
                0x0800754c                HAL_HRTIM_SimpleOCStop
                0x08007640                HAL_HRTIM_SimpleOCStart_IT
                0x080076a0                HAL_HRTIM_SimpleOCStop_IT
                0x080077ac                HAL_HRTIM_SimpleOCStart_DMA
                0x08007880                HAL_HRTIM_SimpleOCStop_DMA
                0x080079b0                HAL_HRTIM_SimplePWMChannelConfig
                0x08007aa8                HAL_HRTIM_SimplePWMStart
                0x08007af4                HAL_HRTIM_SimplePWMStop
                0x08007be8                HAL_HRTIM_SimplePWMStart_IT
                0x08007cbc                HAL_HRTIM_SimplePWMStop_IT
                0x08007e3c                HAL_HRTIM_SimplePWMStart_DMA
                0x08007f84                HAL_HRTIM_SimplePWMStop_DMA
                0x0800811c                HAL_HRTIM_SimpleCaptureChannelConfig
                0x08008192                HAL_HRTIM_SimpleCaptureStart
                0x08008220                HAL_HRTIM_SimpleCaptureStop
                0x08008358                HAL_HRTIM_SimpleCaptureStart_IT
                0x0800840c                HAL_HRTIM_SimpleCaptureStop_IT
                0x0800856c                HAL_HRTIM_SimpleCaptureStart_DMA
                0x08008664                HAL_HRTIM_SimpleCaptureStop_DMA
                0x080087dc                HAL_HRTIM_SimpleOnePulseChannelConfig
                0x080088f8                HAL_HRTIM_SimpleOnePulseStart
                0x08008944                HAL_HRTIM_SimpleOnePulseStop
                0x08008a38                HAL_HRTIM_SimpleOnePulseStart_IT
                0x08008b0c                HAL_HRTIM_SimpleOnePulseStop_IT
                0x08008c8c                HAL_HRTIM_BurstModeConfig
                0x08008d14                HAL_HRTIM_EventConfig
                0x08008d4c                HAL_HRTIM_EventPrescalerConfig
                0x08008d98                HAL_HRTIM_FaultConfig
                0x08008f28                HAL_HRTIM_FaultPrescalerConfig
                0x08008f74                HAL_HRTIM_FaultModeCtl
                0x08009012                HAL_HRTIM_ADCTriggerConfig
                0x080090da                HAL_HRTIM_WaveformTimerConfig
                0x0800914a                HAL_HRTIM_TimerEventFilteringConfig
                0x0800930a                HAL_HRTIM_DeadTimeConfig
                0x080093b0                HAL_HRTIM_ChopperModeConfig
                0x08009418                HAL_HRTIM_BurstDMAConfig
                0x080094a2                HAL_HRTIM_WaveformCompareConfig
                0x08009664                HAL_HRTIM_WaveformCaptureConfig
                0x080096d8                HAL_HRTIM_WaveformOutputConfig
                0x08009710                HAL_HRTIM_WaveformSetOutputLevel
                0x08009802                HAL_HRTIM_WaveformOutputStart
                0x0800983a                HAL_HRTIM_WaveformOutputStop
                0x08009872                HAL_HRTIM_WaveformCountStart
                0x080098a6                HAL_HRTIM_WaveformCountStop
                0x080098dc                HAL_HRTIM_WaveformCountStart_IT
                0x08009968                HAL_HRTIM_WaveformCountStop_IT
                0x08009a14                HAL_HRTIM_WaveformCountStart_DMA
                0x08009b40                HAL_HRTIM_WaveformCountStop_DMA
                0x08009c88                HAL_HRTIM_BurstModeCtl
                0x08009cd0                HAL_HRTIM_BurstModeSoftwareTrigger
                0x08009d0c                HAL_HRTIM_SoftwareCapture
                0x08009d88                HAL_HRTIM_SoftwareUpdate
                0x08009dcc                HAL_HRTIM_SoftwareReset
                0x08009e02                HAL_HRTIM_BurstDMATransfer
                0x08009e9c                HAL_HRTIM_UpdateEnable
                0x08009ed6                HAL_HRTIM_UpdateDisable
                0x08009f0e                HAL_HRTIM_GetState
                0x08009f14                HAL_HRTIM_GetCapturedValue
                0x08009f46                HAL_HRTIM_WaveformGetOutputLevel
                0x08009fda                HAL_HRTIM_WaveformGetOutputState
                0x0800a05a                HAL_HRTIM_GetDelayedProtectionStatus
                0x0800a0ee                HAL_HRTIM_GetBurstStatus
                0x0800a0fa                HAL_HRTIM_GetCurrentPushPullStatus
                0x0800a10a                HAL_HRTIM_GetIdlePushPullStatus
                0x0800a11a                HAL_HRTIM_Fault1Callback
                0x0800a11c                HAL_HRTIM_Fault2Callback
                0x0800a11e                HAL_HRTIM_Fault3Callback
                0x0800a120                HAL_HRTIM_Fault4Callback
                0x0800a122                HAL_HRTIM_Fault5Callback
                0x0800a124                HAL_HRTIM_SystemFaultCallback
                0x0800a1da                HAL_HRTIM_BurstModePeriodCallback
                0x0800a1dc                HAL_HRTIM_SynchronizationEventCallback
                0x0800a1de                HAL_HRTIM_RegistersUpdateCallback
                0x0800a1e0                HAL_HRTIM_RepetitionEventCallback
                0x0800a1e2                HAL_HRTIM_Compare1EventCallback
                0x0800a1e4                HAL_HRTIM_Compare2EventCallback
                0x0800a1e6                HAL_HRTIM_Compare3EventCallback
                0x0800a1e8                HAL_HRTIM_Compare4EventCallback
                0x0800a34e                HAL_HRTIM_Capture1EventCallback
                0x0800a350                HAL_HRTIM_Capture2EventCallback
                0x0800a352                HAL_HRTIM_DelayedProtectionCallback
                0x0800a354                HAL_HRTIM_CounterResetCallback
                0x0800a356                HAL_HRTIM_Output1SetCallback
                0x0800a358                HAL_HRTIM_Output1ResetCallback
                0x0800a35a                HAL_HRTIM_Output2SetCallback
                0x0800a35c                HAL_HRTIM_Output2ResetCallback
                0x0800a6ac                HAL_HRTIM_IRQHandler
                0x0800a6c8                HAL_HRTIM_BurstDMATransferCallback
                0x0800a6e0                HAL_HRTIM_ErrorCallback
 .text          0x0800a6ec      0x594 ./build/stm32h7xx_hal.o
                0x0800a6f0                HAL_DeInit
                0x0800a7c0                HAL_Init
                0x0800a840                HAL_GetTickPrio
                0x0800a84c                HAL_SetTickFreq
                0x0800a870                HAL_GetTickFreq
                0x0800a8c0                HAL_GetHalVersion
                0x0800a8c8                HAL_GetREVID
                0x0800a8d4                HAL_GetDEVID
                0x0800a8e4                HAL_GetUIDw0
                0x0800a8f0                HAL_GetUIDw1
                0x0800a8fc                HAL_GetUIDw2
                0x0800a908                HAL_SYSCFG_VREFBUF_VoltageScalingConfig
                0x0800a91c                HAL_SYSCFG_VREFBUF_HighImpedanceConfig
                0x0800a930                HAL_SYSCFG_VREFBUF_TrimmingConfig
                0x0800a944                HAL_SYSCFG_EnableVREFBUF
                0x0800a978                HAL_SYSCFG_DisableVREFBUF
                0x0800a988                HAL_SYSCFG_ETHInterfaceSelect
                0x0800a99c                HAL_SYSCFG_AnalogSwitchConfig
                0x0800a9b0                HAL_SYSCFG_EnableBOOST
                0x0800a9c0                HAL_SYSCFG_DisableBOOST
                0x0800a9d0                HAL_SYSCFG_CM7BootAddConfig
                0x0800aa04                HAL_EnableCompensationCell
                0x0800aa14                HAL_DisableCompensationCell
                0x0800aa24                HAL_SYSCFG_EnableIOSpeedOptimize
                0x0800aa34                HAL_SYSCFG_DisableIOSpeedOptimize
                0x0800aa44                HAL_SYSCFG_CompensationCodeSelect
                0x0800aa58                HAL_SYSCFG_CompensationCodeConfig
                0x0800aa70                HAL_DBGMCU_EnableDBGSleepMode
                0x0800aa80                HAL_DBGMCU_DisableDBGSleepMode
                0x0800aa90                HAL_DBGMCU_EnableDBGStopMode
                0x0800aaa0                HAL_DBGMCU_DisableDBGStopMode
                0x0800aab0                HAL_DBGMCU_EnableDBGStandbyMode
                0x0800aac0                HAL_DBGMCU_DisableDBGStandbyMode
                0x0800aad0                HAL_SetFMCMemorySwappingConfig
                0x0800aae4                HAL_GetFMCMemorySwappingConfig
                0x0800aaf4                HAL_EXTI_EdgeConfig
                0x0800ab48                HAL_EXTI_GenerateSWInterrupt
                0x0800ab68                HAL_EXTI_D1_ClearFlag
                0x0800ab80                HAL_EXTI_D1_EventInputConfig
                0x0800ac04                HAL_EXTI_D3_EventInputConfig
 .text          0x0800ac80     0x1ccc ./build/stm32h7xx_hal_rcc_ex.o
                0x0800ae98                HAL_RCCEx_PeriphCLKConfig
                0x0800b85c                HAL_RCCEx_GetPeriphCLKConfig
                0x0800ba28                HAL_RCCEx_GetD1PCLK1Freq
                0x0800ba4c                HAL_RCCEx_GetD3PCLK1Freq
                0x0800ba70                HAL_RCCEx_GetPLL2ClockFreq
                0x0800bc68                HAL_RCCEx_GetPLL3ClockFreq
                0x0800be60                HAL_RCCEx_GetPLL1ClockFreq
                0x0800c058                HAL_RCCEx_GetPeriphCLKFreq
                0x0800c66c                HAL_RCCEx_GetD1SysClockFreq
                0x0800c6b0                HAL_RCCEx_EnableLSECSS
                0x0800c6c0                HAL_RCCEx_DisableLSECSS
                0x0800c6d8                HAL_RCCEx_EnableLSECSS_IT
                0x0800c708                HAL_RCCEx_WakeUpStopCLKConfig
                0x0800c71c                HAL_RCCEx_KerWakeUpStopCLKConfig
                0x0800c730                HAL_RCCEx_WWDGxSysResetConfig
                0x0800c744                HAL_RCCEx_CRSConfig
                0x0800c7b8                HAL_RCCEx_CRSSoftwareSynchronizationGenerate
                0x0800c7c8                HAL_RCCEx_CRSGetSynchronizationInfo
                0x0800c7ec                HAL_RCCEx_CRSWaitSynchronization
                0x0800c898                HAL_RCCEx_CRS_SyncOkCallback
                0x0800c89a                HAL_RCCEx_CRS_SyncWarnCallback
                0x0800c89c                HAL_RCCEx_CRS_ExpectedSyncCallback
                0x0800c89e                HAL_RCCEx_CRS_ErrorCallback
                0x0800c8a0                HAL_RCCEx_CRS_IRQHandler
                0x0800c928                HAL_RCCEx_LSECSS_Callback
                0x0800c92a                HAL_RCCEx_LSECSS_IRQHandler
 .text          0x0800c94c     0x208c ./build/stm32h7xx_hal_fdcan.o
                0x0800cbaa                HAL_FDCAN_Init
                0x0800ce3c                HAL_FDCAN_MspDeInit
                0x0800ce3e                HAL_FDCAN_EnterPowerDownMode
                0x0800ce80                HAL_FDCAN_ExitPowerDownMode
                0x0800ceca                HAL_FDCAN_ConfigClockCalibration
                0x0800cf60                HAL_FDCAN_GetClockCalibrationState
                0x0800cf70                HAL_FDCAN_ResetClockCalibrationState
                0x0800cfb8                HAL_FDCAN_GetClockCalibrationCounter
                0x0800cfe0                HAL_FDCAN_ConfigFilter
                0x0800d068                HAL_FDCAN_ConfigGlobalFilter
                0x0800d09e                HAL_FDCAN_ConfigExtendedIdMask
                0x0800d0c2                HAL_FDCAN_ConfigRxFifoOverwrite
                0x0800d106                HAL_FDCAN_ConfigFifoWatermark
                0x0800d164                HAL_FDCAN_ConfigRamWatchdog
                0x0800d18e                HAL_FDCAN_ConfigTimestampCounter
                0x0800d1b8                HAL_FDCAN_EnableTimestampCounter
                0x0800d1e2                HAL_FDCAN_DisableTimestampCounter
                0x0800d20a                HAL_FDCAN_GetTimestampCounter
                0x0800d212                HAL_FDCAN_ResetTimestampCounter
                0x0800d234                HAL_FDCAN_ConfigTimeoutCounter
                0x0800d266                HAL_FDCAN_EnableTimeoutCounter
                0x0800d28e                HAL_FDCAN_DisableTimeoutCounter
                0x0800d2b6                HAL_FDCAN_GetTimeoutCounter
                0x0800d2be                HAL_FDCAN_ResetTimeoutCounter
                0x0800d2de                HAL_FDCAN_ConfigTxDelayCompensation
                0x0800d304                HAL_FDCAN_EnableTxDelayCompensation
                0x0800d32c                HAL_FDCAN_DisableTxDelayCompensation
                0x0800d354                HAL_FDCAN_EnableISOMode
                0x0800d37c                HAL_FDCAN_DisableISOMode
                0x0800d3a4                HAL_FDCAN_EnableEdgeFiltering
                0x0800d3cc                HAL_FDCAN_DisableEdgeFiltering
                0x0800d3f4                HAL_FDCAN_Start
                0x0800d428                HAL_FDCAN_Stop
                0x0800d4c0                HAL_FDCAN_DeInit
                0x0800d4ea                HAL_FDCAN_AddMessageToTxFifoQ
                0x0800d560                HAL_FDCAN_AddMessageToTxBuffer
                0x0800d5de                HAL_FDCAN_EnableTxBufferRequest
                0x0800d602                HAL_FDCAN_GetLatestTxFifoQRequestBuffer
                0x0800d608                HAL_FDCAN_AbortTxRequest
                0x0800d62c                HAL_FDCAN_GetRxMessage
                0x0800d80c                HAL_FDCAN_GetTxEvent
                0x0800d8d8                HAL_FDCAN_GetHighPriorityMessageStatus
                0x0800d90c                HAL_FDCAN_GetProtocolStatus
                0x0800d956                HAL_FDCAN_GetErrorCounters
                0x0800d974                HAL_FDCAN_IsRxBufferMessageAvailable
                0x0800d9bc                HAL_FDCAN_IsTxBufferMessagePending
                0x0800d9ca                HAL_FDCAN_GetRxFifoFillLevel
                0x0800d9e6                HAL_FDCAN_GetTxFifoFreeLevel
                0x0800d9f2                HAL_FDCAN_IsRestrictedOperationMode
                0x0800d9fc                HAL_FDCAN_ExitRestrictedOperationMode
                0x0800da26                HAL_FDCAN_TT_ConfigOperation
                0x0800dbcc                HAL_FDCAN_TT_ConfigReferenceMessage
                0x0800dc1e                HAL_FDCAN_TT_ConfigTrigger
                0x0800dc9c                HAL_FDCAN_TT_SetGlobalTime
                0x0800dd30                HAL_FDCAN_TT_SetClockSynchronization
                0x0800ddc8                HAL_FDCAN_TT_ConfigStopWatch
                0x0800de22                HAL_FDCAN_TT_ConfigRegisterTimeMark
                0x0800dee6                HAL_FDCAN_TT_EnableRegisterTimeMarkPulse
                0x0800df38                HAL_FDCAN_TT_DisableRegisterTimeMarkPulse
                0x0800df8a                HAL_FDCAN_TT_EnableTriggerTimeMarkPulse
                0x0800dff6                HAL_FDCAN_TT_DisableTriggerTimeMarkPulse
                0x0800e062                HAL_FDCAN_TT_EnableHardwareGapControl
                0x0800e0ce                HAL_FDCAN_TT_DisableHardwareGapControl
                0x0800e13a                HAL_FDCAN_TT_EnableTimeMarkGapControl
                0x0800e1a6                HAL_FDCAN_TT_DisableTimeMarkGapControl
                0x0800e212                HAL_FDCAN_TT_SetNextIsGap
                0x0800e296                HAL_FDCAN_TT_SetEndOfGap
                0x0800e31a                HAL_FDCAN_TT_ConfigExternalSyncPhase
                0x0800e35e                HAL_FDCAN_TT_EnableExternalSynchronization
                0x0800e3b0                HAL_FDCAN_TT_DisableExternalSynchronization
                0x0800e402                HAL_FDCAN_TT_GetOperationStatus
                0x0800e45c                HAL_FDCAN_ConfigInterruptLines
                0x0800e494                HAL_FDCAN_TT_ConfigInterruptLines
                0x0800e4cc                HAL_FDCAN_ActivateNotification
                0x0800e55c                HAL_FDCAN_DeactivateNotification
                0x0800e5e4                HAL_FDCAN_TT_ActivateNotification
                0x0800e63a                HAL_FDCAN_TT_DeactivateNotification
                0x0800e68c                HAL_FDCAN_ClockCalibrationCallback
                0x0800e68e                HAL_FDCAN_TxEventFifoCallback
                0x0800e692                HAL_FDCAN_RxFifo1Callback
                0x0800e69a                HAL_FDCAN_RxBufferNewMessageCallback
                0x0800e69c                HAL_FDCAN_TimestampWraparoundCallback
                0x0800e69e                HAL_FDCAN_TimeoutOccurredCallback
                0x0800e6a0                HAL_FDCAN_HighPriorityMessageCallback
                0x0800e6a4                HAL_FDCAN_ErrorStatusCallback
                0x0800e6a6                HAL_FDCAN_TT_ScheduleSyncCallback
                0x0800e6a8                HAL_FDCAN_TT_TimeMarkCallback
                0x0800e6aa                HAL_FDCAN_TT_StopWatchCallback
                0x0800e6ac                HAL_FDCAN_TT_GlobalTimeCallback
                0x0800e6ae                HAL_FDCAN_IRQHandler
                0x0800e9cc                HAL_FDCAN_GetState
                0x0800e9d2                HAL_FDCAN_GetError
 .text          0x0800e9d8      0x1d0 ./build/stm32h7xx_hal_sd_ex.o
                0x0800e9d8                HAL_SDEx_ConfigDMAMultiBuffer
                0x0800ea02                HAL_SDEx_ReadBlocksDMAMultiBuffer
                0x0800ead8                HAL_SDEx_WriteBlocksDMAMultiBuffer
                0x0800eb98                HAL_SDEx_ChangeDMABuffer
 .text          0x0800eba8      0xb9e ./build/stm32h7xx_hal_hcd.o
                0x0800ec46                HAL_HCD_HC_Init
                0x0800ecd4                HAL_HCD_HC_Halt
                0x0800ecf8                HAL_HCD_MspInit
                0x0800ecfa                HAL_HCD_Init
                0x0800ed9e                HAL_HCD_MspDeInit
                0x0800eda0                HAL_HCD_DeInit
                0x0800edc2                HAL_HCD_HC_SubmitRequest
                0x0800ef26                HAL_HCD_SOF_Callback
                0x0800ef28                HAL_HCD_Connect_Callback
                0x0800ef2a                HAL_HCD_Disconnect_Callback
                0x0800ef2c                HAL_HCD_PortEnabled_Callback
                0x0800ef2e                HAL_HCD_PortDisabled_Callback
                0x0800efe0                HAL_HCD_HC_NotifyURBChange_Callback
                0x0800f55e                HAL_HCD_IRQHandler
                0x0800f6b2                HAL_HCD_Start
                0x0800f6dc                HAL_HCD_Stop
                0x0800f700                HAL_HCD_ResetPort
                0x0800f70a                HAL_HCD_GetState
                0x0800f710                HAL_HCD_HC_GetURBState
                0x0800f71c                HAL_HCD_HC_GetXferCount
                0x0800f726                HAL_HCD_HC_GetState
                0x0800f732                HAL_HCD_GetCurrentFrame
                0x0800f73c                HAL_HCD_GetCurrentSpeed
 *fill*         0x0800f746        0x2 
 .text          0x0800f748     0x4268 ./build/stm32h7xx_hal_tim.o
                0x0800fae4                HAL_TIM_Base_MspInit
                0x0800fae6                HAL_TIM_Base_MspDeInit
                0x0800fae8                HAL_TIM_Base_DeInit
                0x0800fb4e                HAL_TIM_Base_Start
                0x0800fbd4                HAL_TIM_Base_Stop
                0x0800fbfc                HAL_TIM_Base_Start_IT
                0x0800fc8c                HAL_TIM_Base_Stop_IT
                0x0800fcbe                HAL_TIM_Base_Start_DMA
                0x0800fda0                HAL_TIM_Base_Stop_DMA
                0x0800fddc                HAL_TIM_OC_MspInit
                0x0800fdde                HAL_TIM_OC_MspDeInit
                0x0800fde0                HAL_TIM_OC_DeInit
                0x0800fe46                HAL_TIM_PWM_MspInit
                0x0800fe48                HAL_TIM_PWM_MspDeInit
                0x0800fe4a                HAL_TIM_PWM_DeInit
                0x0800feb0                HAL_TIM_IC_MspInit
                0x0800feb2                HAL_TIM_IC_MspDeInit
                0x0800feb4                HAL_TIM_IC_DeInit
                0x0800ff1a                HAL_TIM_OnePulse_MspInit
                0x0800ff1c                HAL_TIM_OnePulse_MspDeInit
                0x0800ff1e                HAL_TIM_OnePulse_DeInit
                0x0800ff6c                HAL_TIM_Encoder_MspInit
                0x0800ff6e                HAL_TIM_Encoder_MspDeInit
                0x0800ff70                HAL_TIM_Encoder_DeInit
                0x0800ffbe                HAL_TIM_DMABurst_MultiWriteStart
                0x0801016c                HAL_TIM_DMABurst_WriteStart
                0x08010182                HAL_TIM_DMABurst_WriteStop
                0x08010206                HAL_TIM_DMABurst_MultiReadStart
                0x080103b8                HAL_TIM_DMABurst_ReadStart
                0x080103ce                HAL_TIM_DMABurst_ReadStop
                0x08010452                HAL_TIM_GenerateEvent
                0x0801047c                HAL_TIM_ConfigTI1Input
                0x0801048c                HAL_TIM_ReadCapturedValue
                0x080104be                HAL_TIM_PeriodElapsedCallback
                0x080104d6                HAL_TIM_PeriodElapsedHalfCpltCallback
                0x080104e2                HAL_TIM_OC_DelayElapsedCallback
                0x080104e4                HAL_TIM_IC_CaptureCallback
                0x080104e6                TIM_DMACaptureCplt
                0x08010566                HAL_TIM_IC_CaptureHalfCpltCallback
                0x08010568                TIM_DMACaptureHalfCplt
                0x080105a6                HAL_TIM_PWM_PulseFinishedCallback
                0x08010618                HAL_TIM_PWM_PulseFinishedHalfCpltCallback
                0x0801061a                TIM_DMADelayPulseHalfCplt
                0x08010658                HAL_TIM_TriggerCallback
                0x0801065a                HAL_TIM_IRQHandler
                0x0801080a                HAL_TIM_TriggerHalfCpltCallback
                0x08010816                HAL_TIM_ErrorCallback
                0x08010818                TIM_DMAError
                0x08010874                HAL_TIM_Base_GetState
                0x0801087a                HAL_TIM_OC_GetState
                0x08010880                HAL_TIM_PWM_GetState
                0x08010886                HAL_TIM_IC_GetState
                0x0801088c                HAL_TIM_OnePulse_GetState
                0x08010892                HAL_TIM_Encoder_GetState
                0x08010898                HAL_TIM_GetActiveChannel
                0x0801089c                HAL_TIM_GetChannelState
                0x080108de                HAL_TIM_DMABurstState
                0x080108e4                TIM_Base_SetConfig
                0x080109e8                HAL_TIM_Base_Init
                0x08010a48                HAL_TIM_OC_Init
                0x08010aa8                HAL_TIM_PWM_Init
                0x08010b08                HAL_TIM_IC_Init
                0x08010b68                HAL_TIM_OnePulse_Init
                0x08010bc4                HAL_TIM_Encoder_Init
                0x08010c78                TIM_OC2_SetConfig
                0x08010d0c                HAL_TIM_OC_ConfigChannel
                0x08010d86                HAL_TIM_PWM_ConfigChannel
                0x08010ec0                TIM_TI1_SetConfig
                0x08010f54                HAL_TIM_IC_ConfigChannel
                0x08011018                HAL_TIM_OnePulse_ConfigChannel
                0x0801111c                TIM_ETR_SetConfig
                0x08011136                HAL_TIM_ConfigOCrefClear
                0x0801127a                HAL_TIM_ConfigClockSource
                0x08011504                HAL_TIM_SlaveConfigSynchro
                0x08011556                HAL_TIM_SlaveConfigSynchro_IT
                0x080115a8                TIM_CCxChannelCmd
                0x080115c6                HAL_TIM_OC_Start
                0x0801172c                HAL_TIM_OC_Stop
                0x080117e8                HAL_TIM_OC_Start_IT
                0x08011998                HAL_TIM_OC_Stop_IT
                0x08011aa8                HAL_TIM_OC_Start_DMA
                0x08011da8                HAL_TIM_OC_Stop_DMA
                0x08011ed0                HAL_TIM_PWM_Start
                0x08012038                HAL_TIM_PWM_Stop
                0x080120f4                HAL_TIM_PWM_Start_IT
                0x080122a4                HAL_TIM_PWM_Stop_IT
                0x080123b4                HAL_TIM_PWM_Start_DMA
                0x080126b4                HAL_TIM_PWM_Stop_DMA
                0x080127dc                HAL_TIM_IC_Start
                0x08012944                HAL_TIM_IC_Stop
                0x080129dc                HAL_TIM_IC_Start_IT
                0x08012b8c                HAL_TIM_IC_Stop_IT
                0x08012c74                HAL_TIM_IC_Start_DMA
                0x08012f00                HAL_TIM_IC_Stop_DMA
                0x08013000                HAL_TIM_OnePulse_Start
                0x0801309c                HAL_TIM_OnePulse_Stop
                0x08013134                HAL_TIM_OnePulse_Start_IT
                0x080131e8                HAL_TIM_OnePulse_Stop_IT
                0x08013294                HAL_TIM_Encoder_Start
                0x0801335c                HAL_TIM_Encoder_Stop
                0x0801343a                HAL_TIM_Encoder_Start_IT
                0x0801352e                HAL_TIM_Encoder_Stop_IT
                0x08013636                HAL_TIM_Encoder_Start_DMA
                0x0801388c                HAL_TIM_Encoder_Stop_DMA
 .text          0x080139b0      0xe40 ./build/stm32h7xx_hal_pcd.o
                0x08013a82                HAL_PCD_Init
                0x08013bbe                HAL_PCD_MspDeInit
                0x08013bc0                HAL_PCD_DeInit
                0x08013bee                HAL_PCD_Start
                0x08013c30                HAL_PCD_Stop
                0x08013c7a                HAL_PCD_DataOutStageCallback
                0x08013d80                HAL_PCD_DataInStageCallback
                0x08013d82                HAL_PCD_SetupStageCallback
                0x08013dd4                HAL_PCD_SOFCallback
                0x08013dd6                HAL_PCD_ResetCallback
                0x08013dd8                HAL_PCD_SuspendCallback
                0x08013dda                HAL_PCD_ResumeCallback
                0x08013ddc                HAL_PCD_ISOOUTIncompleteCallback
                0x08013dde                HAL_PCD_ISOINIncompleteCallback
                0x08013de0                HAL_PCD_ConnectCallback
                0x08013de2                HAL_PCD_DisconnectCallback
                0x08013de4                HAL_PCD_DevConnect
                0x08013e20                HAL_PCD_DevDisconnect
                0x08013e5c                HAL_PCD_SetAddress
                0x08013e84                HAL_PCD_EP_Open
                0x08013f0e                HAL_PCD_EP_Close
                0x08013f80                HAL_PCD_EP_Receive
                0x08013fde                HAL_PCD_EP_GetRxCount
                0x08013ff0                HAL_PCD_EP_Transmit
                0x0801404e                HAL_PCD_EP_SetStall
                0x080140d6                HAL_PCD_EP_ClrStall
                0x0801414c                HAL_PCD_EP_Abort
                0x08014180                HAL_PCD_IRQHandler
                0x08014786                HAL_PCD_EP_Flush
                0x080147bc                HAL_PCD_ActivateRemoteWakeup
                0x080147c6                HAL_PCD_DeActivateRemoteWakeup
                0x080147d0                HAL_PCD_GetState
                0x080147d6                HAL_PCD_SetTestMode
 .text          0x080147f0      0x540 ./build/stm32h7xx_hal_dcmi.o
                0x08014890                HAL_DCMI_MspInit
                0x08014892                HAL_DCMI_Init
                0x08014930                HAL_DCMI_MspDeInit
                0x08014932                HAL_DCMI_DeInit
                0x08014948                HAL_DCMI_Start_DMA
                0x08014a34                HAL_DCMI_Stop
                0x08014ab8                HAL_DCMI_Suspend
                0x08014b30                HAL_DCMI_Resume
                0x08014b68                HAL_DCMI_ErrorCallback
                0x08014b8a                HAL_DCMI_LineEventCallback
                0x08014b8c                HAL_DCMI_VsyncEventCallback
                0x08014b8e                HAL_DCMI_FrameEventCallback
                0x08014b90                HAL_DCMI_IRQHandler
                0x08014c40                HAL_DCMI_ConfigCrop
                0x08014c80                HAL_DCMI_DisableCrop
                0x08014cb0                HAL_DCMI_EnableCrop
                0x08014ce0                HAL_DCMI_ConfigSyncUnmask
                0x08014d24                HAL_DCMI_GetState
                0x08014d2a                HAL_DCMI_GetError
 .text          0x08014d30     0x1d24 ./build/stm32h7xx_hal_usart.o
                0x0801552c                HAL_USART_MspInit
                0x0801552e                HAL_USART_Init
                0x08015588                HAL_USART_MspDeInit
                0x0801558a                HAL_USART_DeInit
                0x080155ba                HAL_USART_Transmit
                0x080156ac                HAL_USART_Receive
                0x080157f8                HAL_USART_TransmitReceive
                0x080159c4                HAL_USART_Transmit_IT
                0x08015a70                HAL_USART_Receive_IT
                0x08015bc4                HAL_USART_TransmitReceive_IT
                0x08015d74                HAL_USART_Transmit_DMA
                0x08015e0c                HAL_USART_Receive_DMA
                0x08015f04                HAL_USART_TransmitReceive_DMA
                0x08016008                HAL_USART_DMAPause
                0x08016080                HAL_USART_DMAResume
                0x080160ec                HAL_USART_DMAStop
                0x0801614c                HAL_USART_Abort
                0x08016208                HAL_USART_TxCpltCallback
                0x0801624e                HAL_USART_TxHalfCpltCallback
                0x0801625a                HAL_USART_RxCpltCallback
                0x0801625c                HAL_USART_RxHalfCpltCallback
                0x08016268                HAL_USART_TxRxCpltCallback
                0x080166de                HAL_USART_ErrorCallback
                0x08016706                HAL_USART_IRQHandler
                0x08016900                HAL_USART_AbortCpltCallback
                0x08016902                HAL_USART_Abort_IT
                0x08016a48                HAL_USART_GetState
                0x08016a4e                HAL_USART_GetError
 .text          0x08016a54      0x228 ./build/stm32h7xx_hal_crc.o
                0x08016b2a                HAL_CRC_MspInit
                0x08016b2c                HAL_CRC_Init
                0x08016bac                HAL_CRC_MspDeInit
                0x08016bae                HAL_CRC_DeInit
                0x08016be4                HAL_CRC_Accumulate
                0x08016c26                HAL_CRC_Calculate
                0x08016c76                HAL_CRC_GetState
 .text          0x08016c7c      0x310 ./build/stm32h7xx_hal_opamp_ex.o
                0x08016c7c                HAL_OPAMPEx_SelfCalibrateAll
                0x08016f6c                HAL_OPAMPEx_Unlock
 .text          0x08016f8c      0x468 ./build/stm32h7xx_hal_dac.o
                0x08016f8c                HAL_DAC_MspInit
                0x08016f8e                HAL_DAC_Init
                0x08016fb2                HAL_DAC_MspDeInit
                0x08016fb4                HAL_DAC_DeInit
                0x08016fd0                HAL_DAC_Start
                0x08017038                HAL_DAC_Stop
                0x08017058                HAL_DAC_Start_DMA
                0x08017154                HAL_DAC_Stop_DMA
                0x080171aa                HAL_DAC_SetValue
                0x080171d8                HAL_DAC_ConvCpltCallbackCh1
                0x080171da                DAC_DMAConvCpltCh1
                0x080171ea                HAL_DAC_ConvHalfCpltCallbackCh1
                0x080171ec                DAC_DMAHalfConvCpltCh1
                0x080171f6                HAL_DAC_ErrorCallbackCh1
                0x080171f8                DAC_DMAErrorCh1
                0x08017210                HAL_DAC_DMAUnderrunCallbackCh1
                0x08017212                HAL_DAC_IRQHandler
                0x08017282                HAL_DAC_GetValue
                0x08017290                HAL_DAC_ConfigChannel
                0x080173ec                HAL_DAC_GetState
                0x080173f0                HAL_DAC_GetError
 .text          0x080173f4      0x664 ./build/stm32h7xx_hal_pwr_ex.o
                0x080173f4                HAL_PWREx_ConfigSupply
                0x08017448                HAL_PWREx_GetSupplyConfig
                0x08017458                HAL_PWREx_ControlVoltageScaling
                0x0801752c                HAL_PWREx_GetVoltageRange
                0x0801753c                HAL_PWREx_ControlStopModeVoltageScaling
                0x08017550                HAL_PWREx_GetStopModeVoltageRange
                0x08017560                HAL_PWREx_EnterSTOPMode
                0x080175c8                HAL_PWREx_ClearPendingEvent
                0x080175cc                HAL_PWREx_EnterSTANDBYMode
                0x0801760c                HAL_PWREx_ConfigD3Domain
                0x08017620                HAL_PWREx_EnableFlashPowerDown
                0x08017630                HAL_PWREx_DisableFlashPowerDown
                0x08017640                HAL_PWREx_EnableWakeUpPin
                0x080176e8                HAL_PWREx_DisableWakeUpPin
                0x080176f8                HAL_PWREx_GetWakeupFlag
                0x08017704                HAL_PWREx_ClearWakeupFlag
                0x08017720                HAL_PWREx_WKUP1_Callback
                0x08017722                HAL_PWREx_WKUP2_Callback
                0x08017724                HAL_PWREx_WKUP3_Callback
                0x08017726                HAL_PWREx_WKUP4_Callback
                0x08017728                HAL_PWREx_WKUP5_Callback
                0x0801772a                HAL_PWREx_WKUP6_Callback
                0x0801772c                HAL_PWREx_WAKEUP_PIN_IRQHandler
                0x080177c4                HAL_PWREx_EnableBkUpReg
                0x080177f8                HAL_PWREx_DisableBkUpReg
                0x0801782c                HAL_PWREx_EnableUSBReg
                0x08017860                HAL_PWREx_DisableUSBReg
                0x08017894                HAL_PWREx_EnableUSBVoltageDetector
                0x080178a4                HAL_PWREx_DisableUSBVoltageDetector
                0x080178b4                HAL_PWREx_EnableBatteryCharging
                0x080178d0                HAL_PWREx_DisableBatteryCharging
                0x080178e0                HAL_PWREx_EnableMonitoring
                0x080178f0                HAL_PWREx_DisableMonitoring
                0x08017900                HAL_PWREx_GetTemperatureLevel
                0x0801791c                HAL_PWREx_GetVBATLevel
                0x08017938                HAL_PWREx_ConfigAVD
                0x080179d0                HAL_PWREx_EnableAVD
                0x080179e0                HAL_PWREx_DisableAVD
                0x080179f0                HAL_PWREx_AVDCallback
                0x080179f2                HAL_PWREx_PVD_AVD_IRQHandler
 .text          0x08017a58        0x0 ./build/stm32h7xx_hal_cordic.o
 .text          0x08017a58        0x0 ./build/stm32h7xx_hal_dsi.o
 .text          0x08017a58      0x3fc ./build/stm32h7xx_ll_adc.o
                0x08017a58                LL_ADC_CommonDeInit
                0x08017aa0                LL_ADC_CommonInit
                0x08017b24                LL_ADC_CommonStructInit
                0x08017b34                LL_ADC_DeInit
                0x08017d44                LL_ADC_Init
                0x08017d7c                LL_ADC_StructInit
                0x08017d86                LL_ADC_REG_Init
                0x08017de8                LL_ADC_REG_StructInit
                0x08017dfc                LL_ADC_INJ_Init
                0x08017e48                LL_ADC_INJ_StructInit
 .text          0x08017e54       0x70 ./build/stm32h7xx_ll_swpmi.o
                0x08017e54                LL_SWPMI_DeInit
                0x08017e84                LL_SWPMI_Init
                0x08017eb4                LL_SWPMI_StructInit
 .text          0x08017ec4        0x8 ./build/stm32h7xx_hal_msp_template.o
                0x08017ec4                HAL_MspInit
                0x08017ec6                HAL_MspDeInit
                0x08017ec8                HAL_PPP_MspInit
                0x08017eca                HAL_PPP_MspDeInit
 .text          0x08017ecc      0x3b0 ./build/stm32h7xx_hal_opamp.o
                0x08017ecc                HAL_OPAMP_MspInit
                0x08017ece                HAL_OPAMP_Init
                0x08017fd0                HAL_OPAMP_MspDeInit
                0x08017fd2                HAL_OPAMP_DeInit
                0x08018000                HAL_OPAMP_Start
                0x08018036                HAL_OPAMP_Stop
                0x0801807a                HAL_OPAMP_SelfCalibrate
                0x08018206                HAL_OPAMP_Lock
                0x08018224                HAL_OPAMP_GetTrimOffset
                0x0801826c                HAL_OPAMP_GetState
 .text          0x0801827c      0xfe4 ./build/stm32h7xx_hal_rcc.o
                0x0801827c                HAL_RCC_DeInit
                0x08018448                HAL_RCC_OscConfig
                0x08018abc                HAL_RCC_MCOConfig
                0x08018b60                HAL_RCC_EnableCSS
                0x08018b70                HAL_RCC_DisableCSS
                0x08018b80                HAL_RCC_GetSysClockFreq
                0x08018d74                HAL_RCC_ClockConfig
                0x08019008                HAL_RCC_GetHCLKFreq
                0x0801904c                HAL_RCC_GetPCLK1Freq
                0x08019070                HAL_RCC_GetPCLK2Freq
                0x08019094                HAL_RCC_GetOscConfig
                0x080191e8                HAL_RCC_GetClockConfig
                0x0801923c                HAL_RCC_CSSCallback
                0x0801923e                HAL_RCC_NMI_IRQHandler
 .text          0x08019260      0x3dc ./build/stm32h7xx_hal_exti.o
                0x08019260                HAL_EXTI_SetConfigLine
                0x080193a4                HAL_EXTI_GetConfigLine
                0x080194b0                HAL_EXTI_ClearConfigLine
                0x0801959c                HAL_EXTI_RegisterCallback
                0x080195ae                HAL_EXTI_GetHandle
                0x080195ba                HAL_EXTI_IRQHandler
                0x080195e4                HAL_EXTI_GetPending
                0x08019604                HAL_EXTI_ClearPending
                0x08019620                HAL_EXTI_GenerateSWI
 .text          0x0801963c     0x1884 ./build/stm32h7xx_hal_sd.o
                0x08019b7e                HAL_SD_MspDeInit
                0x08019b80                HAL_SD_DeInit
                0x08019ba4                HAL_SD_ReadBlocks
                0x08019da8                HAL_SD_WriteBlocks
                0x08019fbc                HAL_SD_ReadBlocks_IT
                0x0801a090                HAL_SD_WriteBlocks_IT
                0x0801a160                HAL_SD_ReadBlocks_DMA
                0x0801a240                HAL_SD_WriteBlocks_DMA
                0x0801a320                HAL_SD_Erase
                0x0801a418                HAL_SD_GetState
                0x0801a41e                HAL_SD_GetError
                0x0801a422                HAL_SD_TxCpltCallback
                0x0801a424                HAL_SD_RxCpltCallback
                0x0801a426                HAL_SD_ErrorCallback
                0x0801a428                HAL_SD_AbortCallback
                0x0801a42a                HAL_SD_GetCardCID
                0x0801a47c                HAL_SD_GetCardCSD
                0x0801a730                HAL_SD_InitCard
                0x0801a7f4                HAL_SD_GetCardStatus
                0x0801a8c4                HAL_SD_GetCardInfo
                0x0801a8e8                HAL_SD_ConfigWideBusOperation
                0x0801aa3c                HAL_SD_GetCardState
                0x0801aa5e                HAL_SD_Init
                0x0801ab18                HAL_SD_ConfigSpeedBusOperation
                0x0801abf8                HAL_SD_Abort
                0x0801ac40                HAL_SD_Abort_IT
                0x0801ac8c                HAL_SDEx_Read_DMADoubleBuf0CpltCallback
                0x0801ac8e                HAL_SDEx_Read_DMADoubleBuf1CpltCallback
                0x0801ac90                HAL_SDEx_Write_DMADoubleBuf0CpltCallback
                0x0801ac92                HAL_SDEx_Write_DMADoubleBuf1CpltCallback
                0x0801ac94                HAL_SD_IRQHandler
 .text          0x0801aec0       0xe8 ./build/stm32h7xx_ll_lpuart.o
                0x0801aec0                LL_LPUART_DeInit
                0x0801aef0                LL_LPUART_Init
                0x0801af90                LL_LPUART_StructInit
 .text          0x0801afa8     0x169c ./build/stm32h7xx_hal_eth.o
                0x0801afa8                HAL_ETH_RxAllocateCallback
                0x0801b042                HAL_ETH_RxLinkCallback
                0x0801b044                HAL_ETH_TxFreeCallback
                0x0801b7a8                HAL_ETH_MspInit
                0x0801b7aa                HAL_ETH_MspDeInit
                0x0801b7ac                HAL_ETH_DeInit
                0x0801b7c2                HAL_ETH_Start
                0x0801b840                HAL_ETH_Start_IT
                0x0801b8fc                HAL_ETH_Stop
                0x0801b95c                HAL_ETH_Stop_IT
                0x0801b9f0                HAL_ETH_Transmit
                0x0801bac0                HAL_ETH_Transmit_IT
                0x0801bb28                HAL_ETH_ReadData
                0x0801bc26                HAL_ETH_RegisterRxAllocateCallback
                0x0801bc34                HAL_ETH_UnRegisterRxAllocateCallback
                0x0801bc44                HAL_ETH_RegisterRxLinkCallback
                0x0801bc52                HAL_ETH_UnRegisterRxLinkCallback
                0x0801bc60                HAL_ETH_GetRxDataErrorCode
                0x0801bc6c                HAL_ETH_RegisterTxFreeCallback
                0x0801bc7a                HAL_ETH_UnRegisterTxFreeCallback
                0x0801bc88                HAL_ETH_ReleaseTxPacket
                0x0801bce6                HAL_ETH_TxCpltCallback
                0x0801bce8                HAL_ETH_RxCpltCallback
                0x0801bcea                HAL_ETH_ErrorCallback
                0x0801bcec                HAL_ETH_PMTCallback
                0x0801bcee                HAL_ETH_EEECallback
                0x0801bcf0                HAL_ETH_WakeUpCallback
                0x0801bcf2                HAL_ETH_IRQHandler
                0x0801be7e                HAL_ETH_ReadPHYRegister
                0x0801bede                HAL_ETH_WritePHYRegister
                0x0801bf44                HAL_ETH_GetMACConfig
                0x0801c12a                HAL_ETH_GetDMAConfig
                0x0801c1ec                HAL_ETH_SetMACConfig
                0x0801c208                HAL_ETH_SetDMAConfig
                0x0801c224                HAL_ETH_SetMDIOClockRange
                0x0801c29c                HAL_ETH_Init
                0x0801c3e8                HAL_ETH_SetMACFilterConfig
                0x0801c448                HAL_ETH_GetMACFilterConfig
                0x0801c4c6                HAL_ETH_SetSourceMACAddrMatch
                0x0801c516                HAL_ETH_SetHashTable
                0x0801c52e                HAL_ETH_SetRxVLANIdentifier
                0x0801c570                HAL_ETH_EnterPowerDownMode
                0x0801c5b0                HAL_ETH_ExitPowerDownMode
                0x0801c5ec                HAL_ETH_SetWakeUpFilter
                0x0801c626                HAL_ETH_GetState
                0x0801c62c                HAL_ETH_GetError
                0x0801c632                HAL_ETH_GetDMAError
                0x0801c638                HAL_ETH_GetMACError
                0x0801c63e                HAL_ETH_GetMACWakeUpSource
 .text          0x0801c644        0x0 ./build/stm32h7xx_hal_i2s_ex.o
 .text          0x0801c644      0xc70 ./build/stm32h7xx_hal_dma2d.o
                0x0801c6e2                HAL_DMA2D_MspInit
                0x0801c6e4                HAL_DMA2D_Init
                0x0801c768                HAL_DMA2D_MspDeInit
                0x0801c76a                HAL_DMA2D_Start
                0x0801c7a2                HAL_DMA2D_Start_IT
                0x0801c7e4                HAL_DMA2D_BlendingStart
                0x0801c85a                HAL_DMA2D_BlendingStart_IT
                0x0801c8da                HAL_DMA2D_Abort
                0x0801c934                HAL_DMA2D_Suspend
                0x0801c992                HAL_DMA2D_Resume
                0x0801c9b2                HAL_DMA2D_EnableCLUT
                0x0801c9e8                HAL_DMA2D_CLUTStartLoad
                0x0801ca60                HAL_DMA2D_CLUTStartLoad_IT
                0x0801caec                HAL_DMA2D_CLUTLoad
                0x0801cb70                HAL_DMA2D_CLUTLoad_IT
                0x0801cc08                HAL_DMA2D_CLUTLoading_Abort
                0x0801cc6c                HAL_DMA2D_DeInit
                0x0801cd00                HAL_DMA2D_CLUTLoading_Suspend
                0x0801cd98                HAL_DMA2D_CLUTLoading_Resume
                0x0801cdda                HAL_DMA2D_PollForTransfer
                0x0801cf18                HAL_DMA2D_LineEventCallback
                0x0801cf1a                HAL_DMA2D_CLUTLoadingCpltCallback
                0x0801cf1c                HAL_DMA2D_IRQHandler
                0x0801d058                HAL_DMA2D_ConfigLayer
                0x0801d15c                HAL_DMA2D_ConfigCLUT
                0x0801d1d4                HAL_DMA2D_ProgramLineEvent
                0x0801d212                HAL_DMA2D_EnableDeadTime
                0x0801d240                HAL_DMA2D_DisableDeadTime
                0x0801d270                HAL_DMA2D_ConfigDeadTime
                0x0801d2aa                HAL_DMA2D_GetState
                0x0801d2b0                HAL_DMA2D_GetError
 .text          0x0801d2b4     0x3690 ./build/stm32h7xx_hal_i2c.o
                0x0801d7e8                HAL_I2C_Init
                0x0801d8a4                HAL_I2C_MspDeInit
                0x0801d8a6                HAL_I2C_DeInit
                0x0801d8d8                HAL_I2C_Master_Transmit
                0x0801da54                HAL_I2C_Master_Receive
                0x0801dbd0                HAL_I2C_Slave_Transmit
                0x0801dd80                HAL_I2C_Slave_Receive
                0x0801df04                HAL_I2C_Master_Transmit_IT
                0x0801df9c                HAL_I2C_Master_Receive_IT
                0x0801e034                HAL_I2C_Slave_Transmit_IT
                0x0801e098                HAL_I2C_Slave_Receive_IT
                0x0801e0fc                HAL_I2C_Master_Transmit_DMA
                0x0801e250                HAL_I2C_Master_Receive_DMA
                0x0801e3a0                HAL_I2C_Slave_Transmit_DMA
                0x0801e490                HAL_I2C_Slave_Receive_DMA
                0x0801e584                HAL_I2C_Mem_Write
                0x0801e72e                HAL_I2C_Mem_Read
                0x0801e8e0                HAL_I2C_Mem_Write_IT
                0x0801e9c4                HAL_I2C_Mem_Read_IT
                0x0801eaac                HAL_I2C_Mem_Write_DMA
                0x0801ec14                HAL_I2C_Mem_Read_DMA
                0x0801ed80                HAL_I2C_IsDeviceReady
                0x0801eeec                HAL_I2C_Master_Seq_Transmit_IT
                0x0801efa0                HAL_I2C_Master_Seq_Transmit_DMA
                0x0801f114                HAL_I2C_Master_Seq_Receive_IT
                0x0801f1c8                HAL_I2C_Master_Seq_Receive_DMA
                0x0801f33c                HAL_I2C_Slave_Seq_Transmit_IT
                0x0801f418                HAL_I2C_Slave_Seq_Transmit_DMA
                0x0801f5bc                HAL_I2C_Slave_Seq_Receive_IT
                0x0801f698                HAL_I2C_Slave_Seq_Receive_DMA
                0x0801f83c                HAL_I2C_EnableListen_IT
                0x0801f868                HAL_I2C_DisableListen_IT
                0x0801f8a2                HAL_I2C_Master_Abort_IT
                0x0801f928                HAL_I2C_EV_IRQHandler
                0x0801f938                HAL_I2C_MasterTxCpltCallback
                0x0801f93a                HAL_I2C_MasterRxCpltCallback
                0x0801f990                HAL_I2C_SlaveTxCpltCallback
                0x0801f992                HAL_I2C_SlaveRxCpltCallback
                0x0801fad8                HAL_I2C_AddrCallback
                0x0801fb7a                HAL_I2C_ListenCpltCallback
                0x0801fbe4                HAL_I2C_MemTxCpltCallback
                0x0801fbe6                HAL_I2C_MemRxCpltCallback
                0x0801fbe8                HAL_I2C_ErrorCallback
                0x0801fbea                HAL_I2C_AbortCpltCallback
                0x080208b0                HAL_I2C_ER_IRQHandler
                0x08020934                HAL_I2C_GetState
                0x0802093a                HAL_I2C_GetMode
                0x08020940                HAL_I2C_GetError
 .text          0x08020944       0x74 ./build/stm32h7xx_hal_iwdg.o
                0x08020944                HAL_IWDG_Init
                0x080209ac                HAL_IWDG_Refresh
 .text          0x080209b8      0x44c ./build/stm32h7xx_hal_flash.o
                0x080209b8                HAL_FLASH_EndOfOperationCallback
                0x080209ba                HAL_FLASH_OperationErrorCallback
                0x080209bc                HAL_FLASH_IRQHandler
                0x08020abc                HAL_FLASH_Unlock
                0x08020af0                HAL_FLASH_Lock
                0x08020b10                HAL_FLASH_OB_Unlock
                0x08020b44                HAL_FLASH_OB_Lock
                0x08020b64                HAL_FLASH_GetError
                0x08020b70                FLASH_WaitForLastOperation
                0x08020bf4                HAL_FLASH_Program
                0x08020c7c                HAL_FLASH_Program_IT
                0x08020d04                FLASH_OB_WaitForLastOperation
                0x08020d64                FLASH_CRC_WaitForLastOperation
                0x08020dd8                HAL_FLASH_OB_Launch
 .text          0x08020e04     0x15b0 ./build/stm32h7xx_hal_smartcard.o
                0x08021446                HAL_SMARTCARD_MspInit
                0x08021448                HAL_SMARTCARD_Init
                0x080214c8                HAL_SMARTCARD_MspDeInit
                0x080214ca                HAL_SMARTCARD_DeInit
                0x08021512                HAL_SMARTCARD_Transmit
                0x08021670                HAL_SMARTCARD_Receive
                0x08021708                HAL_SMARTCARD_Transmit_IT
                0x080217ec                HAL_SMARTCARD_Receive_IT
                0x08021888                HAL_SMARTCARD_Transmit_DMA
                0x0802197c                HAL_SMARTCARD_Receive_DMA
                0x08021a20                HAL_SMARTCARD_Abort
                0x08021ad0                HAL_SMARTCARD_AbortTransmit
                0x08021b46                HAL_SMARTCARD_AbortReceive
                0x08021bc8                HAL_SMARTCARD_TxCpltCallback
                0x08021c8c                HAL_SMARTCARD_RxCpltCallback
                0x08021de8                HAL_SMARTCARD_ErrorCallback
                0x08021e42                HAL_SMARTCARD_IRQHandler
                0x080220e4                HAL_SMARTCARD_AbortCpltCallback
                0x080220e6                HAL_SMARTCARD_Abort_IT
                0x08022238                HAL_SMARTCARD_AbortTransmitCpltCallback
                0x0802223a                HAL_SMARTCARD_AbortTransmit_IT
                0x080222e4                HAL_SMARTCARD_AbortReceiveCpltCallback
                0x080222e6                HAL_SMARTCARD_AbortReceive_IT
                0x080223a2                HAL_SMARTCARD_GetState
                0x080223ae                HAL_SMARTCARD_GetError
 .text          0x080223b4      0x214 ./build/stm32h7xx_hal_pwr.o
                0x080223b4                HAL_PWR_DeInit
                0x080223b6                HAL_PWR_EnableBkUpAccess
                0x080223c8                HAL_PWR_DisableBkUpAccess
                0x080223d8                HAL_PWR_ConfigPVD
                0x08022478                HAL_PWR_EnablePVD
                0x08022488                HAL_PWR_DisablePVD
                0x08022498                HAL_PWR_EnableWakeUpPin
                0x080224b0                HAL_PWR_DisableWakeUpPin
                0x080224c4                HAL_PWR_EnterSLEEPMode
                0x080224e0                HAL_PWR_EnterSTOPMode
                0x0802252c                HAL_PWR_EnterSTANDBYMode
                0x0802255c                HAL_PWR_EnableSleepOnExit
                0x0802256c                HAL_PWR_DisableSleepOnExit
                0x0802257c                HAL_PWR_EnableSEVOnPend
                0x0802258c                HAL_PWR_DisableSEVOnPend
                0x0802259c                HAL_PWR_PVDCallback
                0x0802259e                HAL_PWR_PVD_IRQHandler
 .text          0x080225c8      0x9a8 ./build/stm32h7xx_hal_rtc.o
                0x080225c8                HAL_RTC_MspInit
                0x080225ca                HAL_RTC_MspDeInit
                0x080225cc                HAL_RTC_DeactivateAlarm
                0x08022696                HAL_RTC_AlarmAEventCallback
                0x08022698                HAL_RTC_AlarmIRQHandler
                0x080226f6                HAL_RTC_PollForAlarmAEvent
                0x0802273c                HAL_RTC_WaitForSynchro
                0x0802276e                HAL_RTC_GetState
                0x08022774                RTC_EnterInitMode
                0x080227b8                RTC_ExitInitMode
                0x08022808                HAL_RTC_Init
                0x080228a0                HAL_RTC_DeInit
                0x08022974                RTC_ByteToBcd2
                0x0802298a                HAL_RTC_SetTime
                0x08022a54                HAL_RTC_SetDate
                0x08022afc                HAL_RTC_SetAlarm
                0x08022c86                HAL_RTC_SetAlarm_IT
                0x08022e28                RTC_Bcd2ToByte
                0x08022e3a                HAL_RTC_GetTime
                0x08022e86                HAL_RTC_GetDate
                0x08022ec2                HAL_RTC_GetAlarm
 .text          0x08022f70      0x24c ./build/stm32h7xx_hal_ramecc.o
                0x08022f70                HAL_RAMECC_Init
                0x08022fb2                HAL_RAMECC_DeInit
                0x08022ff0                HAL_RAMECC_StartMonitor
                0x08023016                HAL_RAMECC_StopMonitor
                0x0802303c                HAL_RAMECC_EnableNotification
                0x080230a0                HAL_RAMECC_DisableNotification
                0x08023108                HAL_RAMECC_RegisterCallback
                0x0802312c                HAL_RAMECC_UnRegisterCallback
                0x08023144                HAL_RAMECC_IRQHandler
                0x08023180                HAL_RAMECC_GetFailingAddress
                0x08023186                HAL_RAMECC_GetFailingDataLow
                0x0802318c                HAL_RAMECC_GetFailingDataHigh
                0x08023192                HAL_RAMECC_GetHammingErrorCode
                0x08023198                HAL_RAMECC_IsECCSingleErrorDetected
                0x080231a6                HAL_RAMECC_IsECCDoubleErrorDetected
                0x080231b4                HAL_RAMECC_GetState
                0x080231b8                HAL_RAMECC_GetError
 .text          0x080231bc      0x2f0 ./build/stm32h7xx_ll_usart.o
                0x080231bc                LL_USART_DeInit
                0x08023304                LL_USART_Init
                0x08023458                LL_USART_StructInit
                0x08023472                LL_USART_ClockInit
                0x080234a0                LL_USART_ClockStructInit
 .text          0x080234ac      0xb30 ./build/stm32h7xx_hal_spdifrx.o
                0x0802355c                HAL_SPDIFRX_MspInit
                0x0802355e                HAL_SPDIFRX_Init
                0x080235ec                HAL_SPDIFRX_MspDeInit
                0x080235ee                HAL_SPDIFRX_DeInit
                0x0802361a                HAL_SPDIFRX_SetDataFormat
                0x08023676                HAL_SPDIFRX_ReceiveDataFlow
                0x0802372c                HAL_SPDIFRX_ReceiveCtrlFlow
                0x080237e2                HAL_SPDIFRX_ReceiveDataFlow_IT
                0x08023910                HAL_SPDIFRX_ReceiveCtrlFlow_IT
                0x08023a40                HAL_SPDIFRX_ReceiveDataFlow_DMA
                0x08023b98                HAL_SPDIFRX_ReceiveCtrlFlow_DMA
                0x08023cf0                HAL_SPDIFRX_DMAStop
                0x08023e34                HAL_SPDIFRX_RxHalfCpltCallback
                0x08023e40                HAL_SPDIFRX_RxCpltCallback
                0x08023eb0                HAL_SPDIFRX_CxHalfCpltCallback
                0x08023ebc                HAL_SPDIFRX_CxCpltCallback
                0x08023f22                HAL_SPDIFRX_ErrorCallback
                0x08023f52                HAL_SPDIFRX_IRQHandler
                0x08023fd0                HAL_SPDIFRX_GetState
                0x08023fd6                HAL_SPDIFRX_GetError
 .text          0x08023fdc       0x30 ./build/stm32h7xx_ll_crc.o
                0x08023fdc                LL_CRC_DeInit
 .text          0x0802400c      0x1cc ./build/stm32h7xx_hal_mdios.o
                0x0802400c                HAL_MDIOS_MspInit
                0x0802400e                HAL_MDIOS_Init
                0x08024050                HAL_MDIOS_MspDeInit
                0x08024052                HAL_MDIOS_DeInit
                0x08024076                HAL_MDIOS_WriteReg
                0x08024098                HAL_MDIOS_ReadReg
                0x080240bc                HAL_MDIOS_GetWrittenRegAddress
                0x080240c2                HAL_MDIOS_GetReadRegAddress
                0x080240c8                HAL_MDIOS_ClearWriteRegAddress
                0x080240e6                HAL_MDIOS_ClearReadRegAddress
                0x08024104                HAL_MDIOS_EnableEvents
                0x08024124                HAL_MDIOS_WriteCpltCallback
                0x08024126                HAL_MDIOS_ReadCpltCallback
                0x08024128                HAL_MDIOS_ErrorCallback
                0x0802412a                HAL_MDIOS_WakeUpCallback
                0x0802412c                HAL_MDIOS_IRQHandler
                0x080241ce                HAL_MDIOS_GetError
                0x080241d2                HAL_MDIOS_GetState
 .text          0x080241d8      0x15c ./build/stm32h7xx_hal_spi_ex.o
                0x080241d8                HAL_SPIEx_FlushRxFifo
                0x08024234                HAL_SPIEx_EnableLockConfiguration
                0x080242a0                HAL_SPIEx_ConfigureUnderrun
 .text          0x08024334        0x0 ./build/stm32h7xx_ll_cordic.o
 .text          0x08024334      0x558 ./build/stm32h7xx_hal_uart_ex.o
                0x080243a8                HAL_RS485Ex_Init
                0x08024430                HAL_UARTEx_WakeupCallback
                0x08024432                HAL_UARTEx_RxFifoFullCallback
                0x08024434                HAL_UARTEx_TxFifoEmptyCallback
                0x08024436                HAL_MultiProcessorEx_AddressLength_Set
                0x0802446e                HAL_UARTEx_StopModeWakeUpSourceConfig
                0x080244f0                HAL_UARTEx_EnableStopMode
                0x0802451e                HAL_UARTEx_DisableStopMode
                0x0802454c                HAL_UARTEx_EnableFifoMode
                0x08024594                HAL_UARTEx_DisableFifoMode
                0x080245d2                HAL_UARTEx_SetTxFifoThreshold
                0x0802461c                HAL_UARTEx_SetRxFifoThreshold
                0x08024666                HAL_UARTEx_ReceiveToIdle
                0x080247d6                HAL_UARTEx_ReceiveToIdle_IT
                0x08024830                HAL_UARTEx_ReceiveToIdle_DMA
 .text          0x0802488c     0x10bc ./build/stm32h7xx_hal_dfsdm.o
                0x08024a9a                HAL_DFSDM_ChannelMspInit
                0x08024a9c                HAL_DFSDM_ChannelInit
                0x08024ba0                HAL_DFSDM_ChannelMspDeInit
                0x08024ba2                HAL_DFSDM_ChannelDeInit
                0x08024c04                HAL_DFSDM_ChannelCkabStart
                0x08024c64                HAL_DFSDM_ChannelPollForCkab
                0x08024cc4                HAL_DFSDM_ChannelCkabStop
                0x08024cf8                HAL_DFSDM_ChannelCkabStart_IT
                0x08024d64                HAL_DFSDM_ChannelCkabCallback
                0x08024d66                HAL_DFSDM_ChannelCkabStop_IT
                0x08024da0                HAL_DFSDM_ChannelScdStart
                0x08024dd8                HAL_DFSDM_ChannelPollForScd
                0x08024e34                HAL_DFSDM_ChannelScdStop
                0x08024e68                HAL_DFSDM_ChannelScdStart_IT
                0x08024eb0                HAL_DFSDM_ChannelScdCallback
                0x08024eb2                HAL_DFSDM_ChannelScdStop_IT
                0x08024eec                HAL_DFSDM_ChannelGetAwdValue
                0x08024ef4                HAL_DFSDM_ChannelModifyOffset
                0x08024f16                HAL_DFSDM_ChannelGetState
                0x08024f1c                HAL_DFSDM_FilterMspInit
                0x08024f1e                HAL_DFSDM_FilterInit
                0x08025044                HAL_DFSDM_FilterMspDeInit
                0x08025046                HAL_DFSDM_FilterDeInit
                0x08025066                HAL_DFSDM_FilterConfigRegChannel
                0x080250b4                HAL_DFSDM_FilterConfigInjChannel
                0x080250e6                HAL_DFSDM_FilterRegularStart
                0x08025100                HAL_DFSDM_FilterRegularStop
                0x0802511a                HAL_DFSDM_FilterRegularStart_IT
                0x0802513e                HAL_DFSDM_FilterRegularStop_IT
                0x08025162                HAL_DFSDM_FilterRegularStart_DMA
                0x0802520c                HAL_DFSDM_FilterRegularMsbStart_DMA
                0x080252b8                HAL_DFSDM_FilterRegularStop_DMA
                0x080252ea                HAL_DFSDM_FilterGetRegularValue
                0x080252f8                HAL_DFSDM_FilterInjectedStart
                0x08025312                HAL_DFSDM_FilterInjectedStop
                0x0802532c                HAL_DFSDM_FilterInjectedStart_IT
                0x08025350                HAL_DFSDM_FilterInjectedStop_IT
                0x08025374                HAL_DFSDM_FilterInjectedStart_DMA
                0x08025418                HAL_DFSDM_FilterInjectedMsbStart_DMA
                0x080254bc                HAL_DFSDM_FilterInjectedStop_DMA
                0x080254ee                HAL_DFSDM_FilterGetInjectedValue
                0x080254fc                HAL_DFSDM_FilterAwdStart_IT
                0x08025576                HAL_DFSDM_FilterAwdStop_IT
                0x080255c0                HAL_DFSDM_FilterExdStart
                0x080255f0                HAL_DFSDM_FilterExdStop
                0x08025620                HAL_DFSDM_FilterGetExdMaxValue
                0x0802562e                HAL_DFSDM_FilterGetExdMinValue
                0x0802563c                HAL_DFSDM_FilterGetConvTimeValue
                0x08025644                HAL_DFSDM_FilterRegConvCpltCallback
                0x08025650                HAL_DFSDM_FilterRegConvHalfCpltCallback
                0x0802565c                HAL_DFSDM_FilterInjConvCpltCallback
                0x08025668                HAL_DFSDM_FilterInjConvHalfCpltCallback
                0x08025674                HAL_DFSDM_FilterAwdCallback
                0x08025676                HAL_DFSDM_FilterErrorCallback
                0x08025678                HAL_DFSDM_FilterPollForRegConversion
                0x08025700                HAL_DFSDM_FilterPollForInjConversion
                0x0802578e                HAL_DFSDM_IRQHandler
                0x0802593c                HAL_DFSDM_FilterGetState
                0x08025942                HAL_DFSDM_FilterGetError
 .text          0x08025948      0x2d4 ./build/stm32h7xx_hal_cortex.o
                0x08025948                HAL_NVIC_SetPriorityGrouping
                0x0802596c                HAL_NVIC_SetPriority
                0x080259d8                HAL_NVIC_EnableIRQ
                0x080259f4                HAL_NVIC_DisableIRQ
                0x08025a18                HAL_NVIC_SystemReset
                0x08025a3c                HAL_SYSTICK_Config
                0x08025a64                HAL_MPU_Disable
                0x08025a80                HAL_MPU_Enable
                0x08025aa0                HAL_MPU_ConfigRegion
                0x08025b00                HAL_NVIC_GetPriorityGrouping
                0x08025b10                HAL_NVIC_GetPriority
                0x08025b6c                HAL_NVIC_SetPendingIRQ
                0x08025b88                HAL_NVIC_GetPendingIRQ
                0x08025bac                HAL_NVIC_ClearPendingIRQ
                0x08025bc8                HAL_NVIC_GetActive
                0x08025bec                HAL_SYSTICK_CLKSourceConfig
                0x08025c0c                HAL_SYSTICK_Callback
                0x08025c0e                HAL_SYSTICK_IRQHandler
                0x08025c16                HAL_GetCurrentCPUID
 .text          0x08025c1c       0xe4 ./build/stm32h7xx_hal_hsem.o
                0x08025c1c                HAL_HSEM_Take
                0x08025c40                HAL_HSEM_FastTake
                0x08025c60                HAL_HSEM_IsSemTaken
                0x08025c78                HAL_HSEM_Release
                0x08025c88                HAL_HSEM_ReleaseAll
                0x08025c9c                HAL_HSEM_SetClearKey
                0x08025cb4                HAL_HSEM_GetClearKey
                0x08025cc4                HAL_HSEM_ActivateNotification
                0x08025cd4                HAL_HSEM_DeactivateNotification
                0x08025ce4                HAL_HSEM_FreeCallback
                0x08025ce6                HAL_HSEM_IRQHandler
 .text          0x08025d00      0x434 ./build/stm32h7xx_ll_fmc.o
                0x08025d00                FMC_NORSRAM_Init
                0x08025d94                FMC_NORSRAM_DeInit
                0x08025dc8                FMC_NORSRAM_Timing_Init
                0x08025e2c                FMC_NORSRAM_Extended_Timing_Init
                0x08025e70                FMC_NORSRAM_WriteOperation_Enable
                0x08025e80                FMC_NORSRAM_WriteOperation_Disable
                0x08025e90                FMC_NAND_Init
                0x08025ec8                FMC_NAND_CommonSpace_Timing_Init
                0x08025ee4                FMC_NAND_AttributeSpace_Timing_Init
                0x08025f00                FMC_NAND_DeInit
                0x08025f1c                FMC_NAND_ECC_Enable
                0x08025f28                FMC_NAND_ECC_Disable
                0x08025f34                FMC_NAND_GetECC
                0x08025f6e                FMC_SDRAM_Init
                0x08025fe4                FMC_SDRAM_Timing_Init
                0x0802608c                FMC_SDRAM_DeInit
                0x080260aa                FMC_SDRAM_WriteProtection_Enable
                0x080260ba                FMC_SDRAM_WriteProtection_Disable
                0x080260ca                FMC_SDRAM_SendCommand
                0x080260f8                FMC_SDRAM_ProgramRefreshRate
                0x0802610c                FMC_SDRAM_SetAutoRefreshNumber
                0x0802611e                FMC_SDRAM_GetModeStatus
 .text          0x08026134        0x0 ./build/stm32h7xx_hal_rng_ex.o
 .text          0x08026134      0x210 ./build/stm32h7xx_hal_smartcard_ex.o
                0x0802617c                HAL_SMARTCARDEx_BlockLength_Config
                0x0802618c                HAL_SMARTCARDEx_TimeOut_Config
                0x0802619a                HAL_SMARTCARDEx_EnableReceiverTimeOut
                0x080261d8                HAL_SMARTCARDEx_DisableReceiverTimeOut
                0x08026216                HAL_SMARTCARDEx_RxFifoFullCallback
                0x08026218                HAL_SMARTCARDEx_TxFifoEmptyCallback
                0x0802621a                HAL_SMARTCARDEx_EnableFifoMode
                0x08026262                HAL_SMARTCARDEx_DisableFifoMode
                0x080262a0                HAL_SMARTCARDEx_SetTxFifoThreshold
                0x080262f2                HAL_SMARTCARDEx_SetRxFifoThreshold
 .text          0x08026344       0x24 ./build/stm32h7xx_ll_crs.o
                0x08026344                LL_CRS_DeInit
 .text          0x08026368      0xd4c ./build/stm32h7xx_hal_lptim.o
                0x080263a4                HAL_LPTIM_MspInit
                0x080263a6                HAL_LPTIM_Init
                0x08026478                HAL_LPTIM_MspDeInit
                0x0802647a                HAL_LPTIM_PWM_Start
                0x080264d6                HAL_LPTIM_OnePulse_Start
                0x08026538                HAL_LPTIM_SetOnce_Start
                0x08026598                HAL_LPTIM_Encoder_Start
                0x080265ec                HAL_LPTIM_TimeOut_Start
                0x08026648                HAL_LPTIM_Counter_Start
                0x080266a0                HAL_LPTIM_ReadCounter
                0x080266a6                HAL_LPTIM_ReadAutoReload
                0x080266ac                HAL_LPTIM_ReadCapturedValue
                0x080266b2                HAL_LPTIM_CompareMatchCallback
                0x080266b4                HAL_LPTIM_AutoReloadMatchCallback
                0x080266b6                HAL_LPTIM_TriggerCallback
                0x080266b8                HAL_LPTIM_CompareWriteCallback
                0x080266ba                HAL_LPTIM_AutoReloadWriteCallback
                0x080266bc                HAL_LPTIM_DirectionUpCallback
                0x080266be                HAL_LPTIM_DirectionDownCallback
                0x080266c0                HAL_LPTIM_IRQHandler
                0x08026796                HAL_LPTIM_GetState
                0x0802679c                LPTIM_Disable
                0x08026a34                HAL_LPTIM_DeInit
                0x08026a64                HAL_LPTIM_PWM_Stop
                0x08026a86                HAL_LPTIM_PWM_Start_IT
                0x08026b38                HAL_LPTIM_PWM_Stop_IT
                0x08026b96                HAL_LPTIM_OnePulse_Stop
                0x08026bb8                HAL_LPTIM_OnePulse_Start_IT
                0x08026c70                HAL_LPTIM_OnePulse_Stop_IT
                0x08026cce                HAL_LPTIM_SetOnce_Stop
                0x08026cf0                HAL_LPTIM_SetOnce_Start_IT
                0x08026da8                HAL_LPTIM_SetOnce_Stop_IT
                0x08026e06                HAL_LPTIM_Encoder_Stop
                0x08026e32                HAL_LPTIM_Encoder_Start_IT
                0x08026eb4                HAL_LPTIM_Encoder_Stop_IT
                0x08026ef4                HAL_LPTIM_TimeOut_Stop
                0x08026f20                HAL_LPTIM_TimeOut_Start_IT
                0x08026fa0                HAL_LPTIM_TimeOut_Stop_IT
                0x08026fd6                HAL_LPTIM_Counter_Stop
                0x08026ff8                HAL_LPTIM_Counter_Start_IT
                0x0802707e                HAL_LPTIM_Counter_Stop_IT
 .text          0x080270b4      0x134 ./build/stm32h7xx_ll_i2c.o
                0x080270b4                LL_I2C_DeInit
                0x08027160                LL_I2C_Init
                0x080271d0                LL_I2C_StructInit
 .text          0x080271e8      0x430 ./build/stm32h7xx_hal_comp.o
                0x080271e8                HAL_COMP_MspInit
                0x080271ea                HAL_COMP_Init
                0x0802738c                HAL_COMP_MspDeInit
                0x0802738e                HAL_COMP_DeInit
                0x080273b8                HAL_COMP_Start
                0x0802741c                HAL_COMP_Stop
                0x0802744a                HAL_COMP_Start_IT
                0x080274b8                HAL_COMP_Stop_IT
                0x080274f4                HAL_COMP_Lock
                0x08027538                HAL_COMP_GetOutputLevel
                0x0802755c                HAL_COMP_TriggerCallback
                0x0802755e                HAL_COMP_IRQHandler
                0x08027604                HAL_COMP_GetState
                0x08027612                HAL_COMP_GetError
 .text          0x08027618      0x2cc ./build/stm32h7xx_ll_gpio.o
                0x08027618                LL_GPIO_DeInit
                0x080277f0                LL_GPIO_Init
                0x080278cc                LL_GPIO_StructInit
 .text          0x080278e4     0x20d4 ./build/stm32h7xx_hal_mmc.o
                0x08027eac                HAL_MMC_MspInit
                0x08027eae                HAL_MMC_MspDeInit
                0x08027eb0                HAL_MMC_DeInit
                0x08027ed4                HAL_MMC_ReadBlocks
                0x080280dc                HAL_MMC_WriteBlocks
                0x080282f8                HAL_MMC_ReadBlocks_IT
                0x080283ec                HAL_MMC_WriteBlocks_IT
                0x080284e0                HAL_MMC_ReadBlocks_DMA
                0x080285e0                HAL_MMC_WriteBlocks_DMA
                0x080286e4                HAL_MMC_Erase
                0x080287f4                HAL_MMC_GetState
                0x080287fa                HAL_MMC_GetError
                0x080287fe                HAL_MMC_TxCpltCallback
                0x08028800                HAL_MMC_RxCpltCallback
                0x08028802                HAL_MMC_ErrorCallback
                0x08028804                HAL_MMC_AbortCallback
                0x08028806                HAL_MMC_GetCardCID
                0x08028858                HAL_MMC_GetCardCSD
                0x08028a1c                HAL_MMC_GetCardInfo
                0x08028a3c                HAL_MMC_GetCardExtCSD
                0x08028cb8                HAL_MMC_InitCard
                0x08028d7c                HAL_MMC_ConfigWideBusOperation
                0x08028ea8                HAL_MMC_Init
                0x08028ef2                HAL_MMC_GetCardState
                0x08028f14                HAL_MMC_ConfigSpeedBusOperation
                0x080290a4                HAL_MMC_Abort
                0x080290ec                HAL_MMC_Abort_IT
                0x08029138                HAL_MMC_EraseSequence
                0x0802926c                HAL_MMC_Sanitize
                0x08029354                HAL_MMC_GetSupportedSecRemovalType
                0x0802937c                HAL_MMC_ConfigSecRemovalType
                0x08029464                HAL_MMC_SleepDevice
                0x08029644                HAL_MMC_AwakeDevice
                0x0802978c                HAL_MMCEx_Read_DMADoubleBuf0CpltCallback
                0x0802978e                HAL_MMCEx_Read_DMADoubleBuf1CpltCallback
                0x08029790                HAL_MMCEx_Write_DMADoubleBuf0CpltCallback
                0x08029792                HAL_MMCEx_Write_DMADoubleBuf1CpltCallback
                0x08029794                HAL_MMC_IRQHandler
 .text          0x080299b8     0x1d84 ./build/stm32h7xx_hal_spi.o
                0x08029caa                HAL_SPI_Init
                0x08029ed0                HAL_SPI_MspDeInit
                0x08029ed2                HAL_SPI_DeInit
                0x08029f00                HAL_SPI_Transmit
                0x0802a1c4                HAL_SPI_TransmitReceive
                0x0802a4d6                HAL_SPI_Receive
                0x0802a744                HAL_SPI_Transmit_IT
                0x0802a824                HAL_SPI_TransmitReceive_IT
                0x0802aa58                HAL_SPI_Receive_IT
                0x0802ab64                HAL_SPI_Transmit_DMA
                0x0802ad20                HAL_SPI_TransmitReceive_DMA
                0x0802af9c                HAL_SPI_Receive_DMA
                0x0802b178                HAL_SPI_Abort
                0x0802b268                HAL_SPI_DMAPause
                0x0802b278                HAL_SPI_DMAResume
                0x0802b288                HAL_SPI_DMAStop
                0x0802b298                HAL_SPI_TxCpltCallback
                0x0802b2c4                HAL_SPI_RxCpltCallback
                0x0802b2f0                HAL_SPI_TxRxCpltCallback
                0x0802b31c                HAL_SPI_TxHalfCpltCallback
                0x0802b328                HAL_SPI_RxHalfCpltCallback
                0x0802b334                HAL_SPI_TxRxHalfCpltCallback
                0x0802b340                HAL_SPI_ErrorCallback
                0x0802b370                HAL_SPI_IRQHandler
                0x0802b5ca                HAL_SPI_AbortCpltCallback
                0x0802b5cc                HAL_SPI_Abort_IT
                0x0802b730                HAL_SPI_GetState
                0x0802b736                HAL_SPI_GetError
 .text          0x0802b73c      0x618 ./build/stm32h7xx_ll_rtc.o
                0x0802b73c                LL_RTC_StructInit
                0x0802b74a                LL_RTC_TIME_StructInit
                0x0802b756                LL_RTC_DATE_StructInit