Archive member included to satisfy reference by file (symbol)

d:/software/work/gcc-arm-none-eabi-10.3-2021.07/bin/../lib/gcc/arm-none-eabi/10.3.1/thumb/v7e-m+dp/hard\libgcc.a(_aeabi_uldivmod.o)
                              ./build/stm32h7xx_ll_lpuart.o (__aeabi_uldivmod)
d:/software/work/gcc-arm-none-eabi-10.3-2021.07/bin/../lib/gcc/arm-none-eabi/10.3.1/thumb/v7e-m+dp/hard\libgcc.a(_udivmoddi4.o)
                              d:/software/work/gcc-arm-none-eabi-10.3-2021.07/bin/../lib/gcc/arm-none-eabi/10.3.1/thumb/v7e-m+dp/hard\libgcc.a(_aeabi_uldivmod.o) (__udivmoddi4)
d:/software/work/gcc-arm-none-eabi-10.3-2021.07/bin/../lib/gcc/arm-none-eabi/10.3.1/thumb/v7e-m+dp/hard\libgcc.a(_dvmd_tls.o)
                              d:/software/work/gcc-arm-none-eabi-10.3-2021.07/bin/../lib/gcc/arm-none-eabi/10.3.1/thumb/v7e-m+dp/hard\libgcc.a(_aeabi_uldivmod.o) (__aeabi_ldiv0)
d:/software/work/gcc-arm-none-eabi-10.3-2021.07/bin/../lib/gcc/arm-none-eabi/10.3.1/../../../../arm-none-eabi/lib/thumb/v7e-m+dp/hard\libc.a(lib_a-atoi.o)
                              ./build/adc.o (atoi)
d:/software/work/gcc-arm-none-eabi-10.3-2021.07/bin/../lib/gcc/arm-none-eabi/10.3.1/../../../../arm-none-eabi/lib/thumb/v7e-m+dp/hard\libc.a(lib_a-exit.o)
                              d:/software/work/gcc-arm-none-eabi-10.3-2021.07/bin/../lib/gcc/arm-none-eabi/10.3.1/../../../../arm-none-eabi/lib/thumb/v7e-m+dp/hard/crt0.o (exit)
d:/software/work/gcc-arm-none-eabi-10.3-2021.07/bin/../lib/gcc/arm-none-eabi/10.3.1/../../../../arm-none-eabi/lib/thumb/v7e-m+dp/hard\libc.a(lib_a-impure.o)
                              d:/software/work/gcc-arm-none-eabi-10.3-2021.07/bin/../lib/gcc/arm-none-eabi/10.3.1/../../../../arm-none-eabi/lib/thumb/v7e-m+dp/hard\libc.a(lib_a-exit.o) (_global_impure_ptr)
d:/software/work/gcc-arm-none-eabi-10.3-2021.07/bin/../lib/gcc/arm-none-eabi/10.3.1/../../../../arm-none-eabi/lib/thumb/v7e-m+dp/hard\libc.a(lib_a-init.o)
                              d:/software/work/gcc-arm-none-eabi-10.3-2021.07/bin/../lib/gcc/arm-none-eabi/10.3.1/../../../../arm-none-eabi/lib/thumb/v7e-m+dp/hard/crt0.o (__libc_init_array)
d:/software/work/gcc-arm-none-eabi-10.3-2021.07/bin/../lib/gcc/arm-none-eabi/10.3.1/../../../../arm-none-eabi/lib/thumb/v7e-m+dp/hard\libc.a(lib_a-memcmp.o)
                              ./build/shell.o (memcmp)
d:/software/work/gcc-arm-none-eabi-10.3-2021.07/bin/../lib/gcc/arm-none-eabi/10.3.1/../../../../arm-none-eabi/lib/thumb/v7e-m+dp/hard\libc.a(lib_a-memcpy.o)
                              ./build/stm32h7xx_hal_fdcan.o (memcpy)
d:/software/work/gcc-arm-none-eabi-10.3-2021.07/bin/../lib/gcc/arm-none-eabi/10.3.1/../../../../arm-none-eabi/lib/thumb/v7e-m+dp/hard\libc.a(lib_a-memset.o)
                              d:/software/work/gcc-arm-none-eabi-10.3-2021.07/bin/../lib/gcc/arm-none-eabi/10.3.1/../../../../arm-none-eabi/lib/thumb/v7e-m+dp/hard/crt0.o (memset)
d:/software/work/gcc-arm-none-eabi-10.3-2021.07/bin/../lib/gcc/arm-none-eabi/10.3.1/../../../../arm-none-eabi/lib/thumb/v7e-m+dp/hard\libc.a(lib_a-strcat.o)
                              ./build/sensor.o (strcat)
d:/software/work/gcc-arm-none-eabi-10.3-2021.07/bin/../lib/gcc/arm-none-eabi/10.3.1/../../../../arm-none-eabi/lib/thumb/v7e-m+dp/hard\libc.a(lib_a-strcmp.o)
                              ./build/adc.o (strcmp)
d:/software/work/gcc-arm-none-eabi-10.3-2021.07/bin/../lib/gcc/arm-none-eabi/10.3.1/../../../../arm-none-eabi/lib/thumb/v7e-m+dp/hard\libc.a(lib_a-strcpy.o)
                              ./build/shell.o (strcpy)
d:/software/work/gcc-arm-none-eabi-10.3-2021.07/bin/../lib/gcc/arm-none-eabi/10.3.1/../../../../arm-none-eabi/lib/thumb/v7e-m+dp/hard\libc.a(lib_a-strlen.o)
                              ./build/msh.o (strlen)
d:/software/work/gcc-arm-none-eabi-10.3-2021.07/bin/../lib/gcc/arm-none-eabi/10.3.1/../../../../arm-none-eabi/lib/thumb/v7e-m+dp/hard\libc.a(lib_a-strncmp.o)
                              ./build/msh.o (strncmp)
d:/software/work/gcc-arm-none-eabi-10.3-2021.07/bin/../lib/gcc/arm-none-eabi/10.3.1/../../../../arm-none-eabi/lib/thumb/v7e-m+dp/hard\libc.a(lib_a-strncpy.o)
                              ./build/shell.o (strncpy)
d:/software/work/gcc-arm-none-eabi-10.3-2021.07/bin/../lib/gcc/arm-none-eabi/10.3.1/../../../../arm-none-eabi/lib/thumb/v7e-m+dp/hard\libc.a(lib_a-strtol.o)
                              d:/software/work/gcc-arm-none-eabi-10.3-2021.07/bin/../lib/gcc/arm-none-eabi/10.3.1/../../../../arm-none-eabi/lib/thumb/v7e-m+dp/hard\libc.a(lib_a-atoi.o) (_strtol_r)
d:/software/work/gcc-arm-none-eabi-10.3-2021.07/bin/../lib/gcc/arm-none-eabi/10.3.1/../../../../arm-none-eabi/lib/thumb/v7e-m+dp/hard\libc.a(lib_a-__call_atexit.o)
                              d:/software/work/gcc-arm-none-eabi-10.3-2021.07/bin/../lib/gcc/arm-none-eabi/10.3.1/../../../../arm-none-eabi/lib/thumb/v7e-m+dp/hard\libc.a(lib_a-exit.o) (__call_exitprocs)
[...]
Memory Configuration

Name             Origin             Length             Attributes
FLASH            0x08000000         0x00200000         xr
RAM              0x20000000         0x00020000         xrw
ITCMRAM          0x00000000         0x00010000         xrw
*default*        0x00000000         0xffffffff

Linker script and memory map

LOAD d:/software/work/gcc-arm-none-eabi-10.3-2021.07/bin/../lib/gcc/arm-none-eabi/10.3.1/thumb/v7e-m+dp/hard/crti.o
LOAD d:/software/work/gcc-arm-none-eabi-10.3-2021.07/bin/../lib/gcc/arm-none-eabi/10.3.1/thumb/v7e-m+dp/hard/crtbegin.o
LOAD d:/software/work/gcc-arm-none-eabi-10.3-2021.07/bin/../lib/gcc/arm-none-eabi/10.3.1/../../../../arm-none-eabi/lib/thumb/v7e-m+dp/hard/crt0.o
LOAD ./build/drv_usart_v2.o
LOAD ./build/drv_soft_i2c.o
LOAD ./build/drv_gpio.o
LOAD ./build/drv_spi.o
LOAD ./build/drv_adc.o
LOAD ./build/drv_common.o
LOAD ./build/drv_fdcan.o
LOAD ./build/drv_flash_h7.o
LOAD ./build/system_stm32h7xx.o
LOAD ./build/stm32h7xx_ll_dma.o
LOAD ./build/stm32h7xx_hal_cryp.o
LOAD ./build/stm32h7xx_hal_hrtim.o
LOAD ./build/stm32h7xx_hal.o
LOAD ./build/stm32h7xx_hal_rcc_ex.o
LOAD ./build/stm32h7xx_hal_fdcan.o
LOAD ./build/stm32h7xx_hal_sd_ex.o
LOAD ./build/stm32h7xx_hal_hcd.o
LOAD ./build/stm32h7xx_hal_tim.o
LOAD ./build/stm32h7xx_hal_pcd.o
LOAD ./build/stm32h7xx_hal_dcmi.o
LOAD ./build/stm32h7xx_hal_usart.o
LOAD ./build/stm32h7xx_hal_crc.o
LOAD ./build/stm32h7xx_hal_opamp_ex.o
LOAD ./build/stm32h7xx_hal_dac.o
LOAD ./build/stm32h7xx_hal_pwr_ex.o
LOAD ./build/stm32h7xx_hal_cordic.o
LOAD ./build/stm32h7xx_hal_dsi.o
LOAD ./build/stm32h7xx_ll_adc.o
LOAD ./build/stm32h7xx_ll_swpmi.o
LOAD ./build/stm32h7xx_hal_msp_template.o
LOAD ./build/stm32h7xx_hal_opamp.o
LOAD ./build/stm32h7xx_hal_rcc.o
LOAD ./build/stm32h7xx_hal_exti.o
LOAD ./build/stm32h7xx_hal_sd.o
LOAD ./build/stm32h7xx_ll_lpuart.o
LOAD ./build/stm32h7xx_hal_eth.o
LOAD ./build/stm32h7xx_hal_i2s_ex.o
LOAD ./build/stm32h7xx_hal_dma2d.o
LOAD ./build/stm32h7xx_hal_i2c.o
LOAD ./build/stm32h7xx_hal_iwdg.o
LOAD ./build/stm32h7xx_hal_flash.o
LOAD ./build/stm32h7xx_hal_smartcard.o
LOAD ./build/stm32h7xx_hal_pwr.o
LOAD ./build/stm32h7xx_hal_rtc.o
LOAD ./build/stm32h7xx_hal_ramecc.o
LOAD ./build/stm32h7xx_ll_usart.o
LOAD ./build/stm32h7xx_hal_spdifrx.o
LOAD ./build/stm32h7xx_ll_crc.o
LOAD ./build/stm32h7xx_hal_mdios.o
LOAD ./build/stm32h7xx_hal_spi_ex.o
LOAD ./build/stm32h7xx_ll_cordic.o
LOAD ./build/stm32h7xx_hal_uart_ex.o
LOAD ./build/stm32h7xx_hal_dfsdm.o
LOAD ./build/stm32h7xx_hal_cortex.o
LOAD ./build/stm32h7xx_hal_hsem.o
LOAD ./build/stm32h7xx_ll_fmc.o
LOAD ./build/stm32h7xx_hal_rng_ex.o
LOAD ./build/stm32h7xx_hal_smartcard_ex.o
LOAD ./build/stm32h7xx_ll_crs.o
LOAD ./build/stm32h7xx_hal_lptim.o
LOAD ./build/stm32h7xx_ll_i2c.o
LOAD ./build/stm32h7xx_hal_comp.o
LOAD ./build/stm32h7xx_ll_gpio.o
LOAD ./build/stm32h7xx_hal_mmc.o
LOAD ./build/stm32h7xx_hal_spi.o
LOAD ./build/stm32h7xx_ll_rtc.o
LOAD ./build/stm32h7xx_hal_uart.o
LOAD ./build/stm32h7xx_hal_sdram.o
LOAD ./build/stm32h7xx_hal_wwdg.o
LOAD ./build/stm32h7xx_ll_pwr.o
LOAD ./build/stm32h7xx_hal_smbus_ex.o
LOAD ./build/stm32h7xx_hal_pssi.o
LOAD ./build/stm32h7xx_hal_rng.o
LOAD ./build/stm32h7xx_hal_flash_ex.o
LOAD ./build/stm32h7xx_ll_rcc.o
LOAD ./build/stm32h7xx_ll_usb.o
LOAD ./build/stm32h7xx_hal_irda.o
LOAD ./build/stm32h7xx_hal_nor.o
LOAD ./build/stm32h7xx_ll_exti.o
LOAD ./build/stm32h7xx_hal_smbus.o
LOAD ./build/stm32h7xx_ll_comp.o
LOAD ./build/stm32h7xx_hal_cec.o
LOAD ./build/stm32h7xx_ll_spi.o
LOAD ./build/stm32h7xx_ll_lptim.o
LOAD ./build/stm32h7xx_hal_dfsdm_ex.o
LOAD ./build/stm32h7xx_hal_dts.o
LOAD ./build/stm32h7xx_ll_hrtim.o
LOAD ./build/stm32h7xx_hal_dac_ex.o
LOAD ./build/stm32h7xx_ll_tim.o
LOAD ./build/stm32h7xx_hal_fmac.o
LOAD ./build/stm32h7xx_hal_i2c_ex.o
LOAD ./build/stm32h7xx_ll_bdma.o
LOAD ./build/stm32h7xx_hal_sram.o
LOAD ./build/stm32h7xx_hal_dma_ex.o
LOAD ./build/stm32h7xx_ll_rng.o
LOAD ./build/stm32h7xx_hal_ltdc_ex.o
LOAD ./build/stm32h7xx_hal_swpmi.o
LOAD ./build/stm32h7xx_hal_hash_ex.o
LOAD ./build/stm32h7xx_hal_qspi.o
LOAD ./build/stm32h7xx_hal_nand.o
LOAD ./build/stm32h7xx_hal_i2s.o
LOAD ./build/stm32h7xx_hal_sai_ex.o
LOAD ./build/stm32h7xx_ll_sdmmc.o
LOAD ./build/stm32h7xx_hal_ltdc.o
LOAD ./build/stm32h7xx_hal_dma.o
LOAD ./build/stm32h7xx_hal_mdma.o
LOAD ./build/stm32h7xx_hal_mmc_ex.o
LOAD ./build/stm32h7xx_hal_adc_ex.o
LOAD ./build/stm32h7xx_hal_tim_ex.o
LOAD ./build/stm32h7xx_hal_eth_ex.o
LOAD ./build/stm32h7xx_ll_fmac.o
LOAD ./build/stm32h7xx_ll_delayblock.o
LOAD ./build/stm32h7xx_ll_dma2d.o
LOAD ./build/stm32h7xx_hal_hash.o
LOAD ./build/stm32h7xx_ll_mdma.o
LOAD ./build/stm32h7xx_hal_cryp_ex.o
LOAD ./build/stm32h7xx_hal_sai.o
LOAD ./build/stm32h7xx_hal_gfxmmu.o
LOAD ./build/stm32h7xx_ll_utils.o
LOAD ./build/stm32h7xx_hal_gpio.o
LOAD ./build/stm32h7xx_hal_jpeg.o
LOAD ./build/stm32h7xx_hal_ospi.o
LOAD ./build/stm32h7xx_ll_opamp.o
LOAD ./build/stm32h7xx_hal_adc.o
LOAD ./build/stm32h7xx_hal_pcd_ex.o
LOAD ./build/stm32h7xx_ll_dac.o
LOAD ./build/stm32h7xx_hal_usart_ex.o
LOAD ./build/stm32h7xx_hal_crc_ex.o
LOAD ./build/stm32h7xx_hal_rtc_ex.o
LOAD ./build/stm32h7xx_hal_otfdec.o
LOAD ./build/main.o
LOAD ./build/stm32h7xx_it.o
LOAD ./build/stm32h7xx_hal_msp.o
LOAD ./build/bmi088_sample.o
LOAD ./build/sensor_intf_bmi088.o
LOAD ./build/bmi088.o
LOAD ./build/board.o
LOAD ./build/sensor_intf_hmc5883l.o
LOAD ./build/hmc5883l.o
LOAD ./build/sensor_intf_mmc5983ma.o
LOAD ./build/mmc5983ma.o
LOAD ./build/spl06_001.o
LOAD ./build/audio_pipe.o
LOAD ./build/audio.o
LOAD ./build/can.o
LOAD ./build/i2c_dev.o
LOAD ./build/i2c-bit-ops.o
LOAD ./build/i2c_core.o
LOAD ./build/completion.o
LOAD ./build/waitqueue.o
LOAD ./build/pipe.o
LOAD ./build/ringbuffer.o
LOAD ./build/dataqueue.o
LOAD ./build/workqueue.o
LOAD ./build/ringblk_buf.o
LOAD ./build/adc.o
LOAD ./build/pin.o
LOAD ./build/sensor_cmd.o
LOAD ./build/sensor.o
LOAD ./build/serial_v2.o
LOAD ./build/spi_core.o
LOAD ./build/spi_msd.o
LOAD ./build/spi_dev.o
LOAD ./build/winusb.o
LOAD ./build/audio_mic.o
LOAD ./build/cdc_vcom.o
LOAD ./build/hid.o
LOAD ./build/mstorage.o
LOAD ./build/audio_speaker.o
LOAD ./build/ecm.o
LOAD ./build/rndis.o
LOAD ./build/usbdevice_core.o
LOAD ./build/usbdevice.o
LOAD ./build/cmd.o
LOAD ./build/msh.o
LOAD ./build/shell.o
LOAD ./build/msh_file.o
LOAD ./build/cpuport.o
LOAD ./build/components.o
LOAD ./build/timer.o
LOAD ./build/thread.o
LOAD ./build/slab.o
LOAD ./build/memheap.o
LOAD ./build/object.o
LOAD ./build/signal.o
LOAD ./build/cpu.o
LOAD ./build/device.o
LOAD ./build/ipc.o
LOAD ./build/kservice.o
LOAD ./build/clock.o
LOAD ./build/scheduler.o
LOAD ./build/irq.o
LOAD ./build/mempool.o
LOAD ./build/idle.o
LOAD ./build/mem.o
LOAD ./build/startup_stm32h750xx.o
LOAD ./build/context_gcc.o
START GROUP
LOAD d:/software/work/gcc-arm-none-eabi-10.3-2021.07/bin/../lib/gcc/arm-none-eabi/10.3.1/thumb/v7e-m+dp/hard\libgcc.a
LOAD d:/software/work/gcc-arm-none-eabi-10.3-2021.07/bin/../lib/gcc/arm-none-eabi/10.3.1/../../../../arm-none-eabi/lib/thumb/v7e-m+dp/hard\libc.a
END GROUP
LOAD d:/software/work/gcc-arm-none-eabi-10.3-2021.07/bin/../lib/gcc/arm-none-eabi/10.3.1/thumb/v7e-m+dp/hard/crtend.o
LOAD d:/software/work/gcc-arm-none-eabi-10.3-2021.07/bin/../lib/gcc/arm-none-eabi/10.3.1/thumb/v7e-m+dp/hard/crtn.o
                0x20020000                _estack = 0x20020000
                0x00000200                _Min_Heap_Size = 0x200
                0x00000400                _Min_Stack_Size = 0x400

.isr_vector     0x08000000      0x298
                0x08000000                . = ALIGN (0x4)
 *(.isr_vector)
 .isr_vector    0x08000000      0x298 ./build/startup_stm32h750xx.o
                0x08000000                g_pfnVectors
                0x08000298                . = ALIGN (0x4)

.text           0x080002c0    0x5de18
                0x080002c0                . = ALIGN (0x4)
 *(.text)
 .text          0x080002c0        0x0 d:/software/work/gcc-arm-none-eabi-10.3-2021.07/bin/../lib/gcc/arm-none-eabi/10.3.1/thumb/v7e-m+dp/hard/crti.o
 .text          0x080002c0       0x40 d:/software/work/gcc-arm-none-eabi-10.3-2021.07/bin/../lib/gcc/arm-none-eabi/10.3.1/thumb/v7e-m+dp/hard/crtbegin.o
 .text          0x08000300       0x7c d:/software/work/gcc-arm-none-eabi-10.3-2021.07/bin/../lib/gcc/arm-none-eabi/10.3.1/../../../../arm-none-eabi/lib/thumb/v7e-m+dp/hard/crt0.o
                0x08000300                _stack_init
                0x08000308                _start
                0x08000308                _mainCRTStartup
 .text          0x0800037c      0xc14 ./build/drv_usart_v2.o
                0x08000af4                stm32_uart_get_mask
                0x08000d60                USART1_IRQHandler
                0x08000d78                USART2_IRQHandler
                0x08000d90                USART3_IRQHandler
                0x08000da8                UART4_IRQHandler
                0x08000dc0                USART6_IRQHandler
                0x08000dd8                UART8_IRQHandler
                0x08000df0                HAL_UART_ErrorCallback
                0x08000e0c                HAL_UART_RxCpltCallback
                0x08000e34                HAL_UART_RxHalfCpltCallback
                0x08000e5c                HAL_UART_TxCpltCallback
                0x08000f1c                rt_hw_usart_init
 .text          0x08000f90      0x170 ./build/drv_soft_i2c.o
                0x08001084                rt_hw_i2c_init
 .text          0x08001100      0x64c ./build/drv_gpio.o
                0x0800151c                HAL_GPIO_EXTI_Callback
                0x0800155c                EXTI0_IRQHandler
                0x0800156e                EXTI1_IRQHandler
                0x08001580                EXTI2_IRQHandler
                0x08001592                EXTI3_IRQHandler
                0x080015a4                EXTI4_IRQHandler
                0x080015b6                EXTI9_5_IRQHandler
                0x080015e4                EXTI15_10_IRQHandler
                0x08001620                rt_hw_pin_init
 .text          0x0800174c      0x72c ./build/drv_spi.o
                0x080018c4                rt_hw_spi_init
                0x08001d90                rt_hw_spi_device_attach
 .text          0x08001e78        0x0 ./build/drv_adc.o
 .text          0x08001e78      0x170 ./build/drv_common.o
                0x08001e80                rt_hw_systick_init
                0x08001eb4                HAL_IncTick
                0x08001ecc                SysTick_Handler
                0x08001eee                HAL_GetTick
                0x08001f0c                HAL_SuspendTick
                0x08001f0e                HAL_ResumeTick
                0x08001f10                HAL_InitTick
                0x08001f1a                _Error_Handler
                0x08001f44                rt_hw_us_delay
                0x08001f88                HAL_Delay
                0x08001fb4                rt_hw_board_init
 .text          0x08001fe8      0x7d8 ./build/drv_fdcan.o
                0x080026e4                HAL_FDCAN_RxFifo0Callback
                0x0800270c                HAL_FDCAN_TxBufferCompleteCallback
                0x08002730                HAL_FDCAN_TxFifoEmptyCallback
                0x08002732                HAL_FDCAN_TxBufferAbortCallback
                0x08002734                HAL_FDCAN_ErrorCallback
                0x08002790                FDCAN1_IT0_IRQHandler
                0x080027a8                FDCAN1_IT1_IRQHandler
 .text          0x080027c0        0x0 ./build/drv_flash_h7.o
 .text          0x080027c0      0x2dc ./build/system_stm32h7xx.o
                0x080027c0                SystemInit
                0x0800288c                SystemCoreClockUpdate
 .text          0x08002a9c      0x310 ./build/stm32h7xx_ll_dma.o
                0x08002a9c                LL_DMA_DeInit
                0x08002cc8                LL_DMA_Init
                0x08002d88                LL_DMA_StructInit
 .text          0x08002dac     0x3174 ./build/stm32h7xx_hal_cryp.o
                0x08003894                HAL_CRYP_SetConfig
                0x08003924                HAL_CRYP_GetConfig
                0x08003998                HAL_CRYP_MspInit
                0x0800399a                HAL_CRYP_Init
                0x080039e4                HAL_CRYP_MspDeInit
                0x080039e6                HAL_CRYP_DeInit
                0x08003a16                HAL_CRYP_Encrypt_IT
                0x08003ba8                HAL_CRYP_Decrypt_IT
                0x08003d38                HAL_CRYP_GetError
                0x08003d3c                HAL_CRYP_GetState
                0x08003d42                HAL_CRYP_InCpltCallback
                0x08003d58                HAL_CRYP_OutCpltCallback
                0x08004038                HAL_CRYP_ErrorCallback
                0x08004ed4                HAL_CRYP_Encrypt
                0x08005034                HAL_CRYP_Decrypt
                0x08005966                HAL_CRYP_Encrypt_DMA
                0x08005b04                HAL_CRYP_Decrypt_DMA
                0x08005ecc                HAL_CRYP_IRQHandler
 .text          0x08005f20     0x4240 ./build/stm32h7xx_hal_hrtim.o
                0x0800683e                HAL_HRTIM_MspInit
                0x08006840                HAL_HRTIM_Init
                0x0800691c                HAL_HRTIM_MspDeInit
                0x0800691e                HAL_HRTIM_DeInit
                0x0800693c                HAL_HRTIM_TimeBaseConfig
                0x0800696e                HAL_HRTIM_SimpleBaseStart
                0x080069ac                HAL_HRTIM_SimpleBaseStop
                0x08006a90                HAL_HRTIM_SimpleBaseStart_IT
                0x08006af4                HAL_HRTIM_SimpleBaseStop_IT
                0x08006bf8                HAL_HRTIM_SimpleBaseStart_DMA
                0x08006cdc                HAL_HRTIM_SimpleBaseStop_DMA
                0x08006e24                HAL_HRTIM_SimpleOCChannelConfig
                0x08006f74                HAL_HRTIM_SimpleOCStart
                0x08006fc0                HAL_HRTIM_SimpleOCStop
                0x080070b4                HAL_HRTIM_SimpleOCStart_IT
                0x08007114                HAL_HRTIM_SimpleOCStop_IT
                0x08007220                HAL_HRTIM_SimpleOCStart_DMA
                0x080072f4                HAL_HRTIM_SimpleOCStop_DMA
                0x08007424                HAL_HRTIM_SimplePWMChannelConfig
                0x0800751c                HAL_HRTIM_SimplePWMStart
                0x08007568                HAL_HRTIM_SimplePWMStop
                0x0800765c                HAL_HRTIM_SimplePWMStart_IT
                0x08007730                HAL_HRTIM_SimplePWMStop_IT
                0x080078b0                HAL_HRTIM_SimplePWMStart_DMA
                0x080079f8                HAL_HRTIM_SimplePWMStop_DMA
                0x08007b90                HAL_HRTIM_SimpleCaptureChannelConfig
                0x08007c06                HAL_HRTIM_SimpleCaptureStart
                0x08007c94                HAL_HRTIM_SimpleCaptureStop
                0x08007dcc                HAL_HRTIM_SimpleCaptureStart_IT
                0x08007e80                HAL_HRTIM_SimpleCaptureStop_IT
                0x08007fe0                HAL_HRTIM_SimpleCaptureStart_DMA
                0x080080d8                HAL_HRTIM_SimpleCaptureStop_DMA
                0x08008250                HAL_HRTIM_SimpleOnePulseChannelConfig
                0x0800836c                HAL_HRTIM_SimpleOnePulseStart
                0x080083b8                HAL_HRTIM_SimpleOnePulseStop
                0x080084ac                HAL_HRTIM_SimpleOnePulseStart_IT
                0x08008580                HAL_HRTIM_SimpleOnePulseStop_IT
                0x08008700                HAL_HRTIM_BurstModeConfig
                0x08008788                HAL_HRTIM_EventConfig
                0x080087c0                HAL_HRTIM_EventPrescalerConfig
                0x0800880c                HAL_HRTIM_FaultConfig
                0x0800899c                HAL_HRTIM_FaultPrescalerConfig
                0x080089e8                HAL_HRTIM_FaultModeCtl
                0x08008a86                HAL_HRTIM_ADCTriggerConfig
                0x08008b4e                HAL_HRTIM_WaveformTimerConfig
                0x08008bbe                HAL_HRTIM_TimerEventFilteringConfig
                0x08008d7e                HAL_HRTIM_DeadTimeConfig
                0x08008e24                HAL_HRTIM_ChopperModeConfig
                0x08008e8c                HAL_HRTIM_BurstDMAConfig
                0x08008f16                HAL_HRTIM_WaveformCompareConfig
                0x080090d8                HAL_HRTIM_WaveformCaptureConfig
                0x0800914c                HAL_HRTIM_WaveformOutputConfig
                0x08009184                HAL_HRTIM_WaveformSetOutputLevel
                0x08009276                HAL_HRTIM_WaveformOutputStart
                0x080092ae                HAL_HRTIM_WaveformOutputStop
                0x080092e6                HAL_HRTIM_WaveformCountStart
                0x0800931a                HAL_HRTIM_WaveformCountStop
                0x08009350                HAL_HRTIM_WaveformCountStart_IT
                0x080093dc                HAL_HRTIM_WaveformCountStop_IT
                0x08009488                HAL_HRTIM_WaveformCountStart_DMA
                0x080095b4                HAL_HRTIM_WaveformCountStop_DMA
                0x080096fc                HAL_HRTIM_BurstModeCtl
                0x08009744                HAL_HRTIM_BurstModeSoftwareTrigger
                0x08009780                HAL_HRTIM_SoftwareCapture
                0x080097fc                HAL_HRTIM_SoftwareUpdate
                0x08009840                HAL_HRTIM_SoftwareReset
                0x08009876                HAL_HRTIM_BurstDMATransfer
                0x08009910                HAL_HRTIM_UpdateEnable
                0x0800994a                HAL_HRTIM_UpdateDisable
                0x08009982                HAL_HRTIM_GetState
                0x08009988                HAL_HRTIM_GetCapturedValue
                0x080099ba                HAL_HRTIM_WaveformGetOutputLevel
                0x08009a4e                HAL_HRTIM_WaveformGetOutputState
                0x08009ace                HAL_HRTIM_GetDelayedProtectionStatus
                0x08009b62                HAL_HRTIM_GetBurstStatus
                0x08009b6e                HAL_HRTIM_GetCurrentPushPullStatus
                0x08009b7e                HAL_HRTIM_GetIdlePushPullStatus
                0x08009b8e                HAL_HRTIM_Fault1Callback
                0x08009b90                HAL_HRTIM_Fault2Callback
                0x08009b92                HAL_HRTIM_Fault3Callback
                0x08009b94                HAL_HRTIM_Fault4Callback
                0x08009b96                HAL_HRTIM_Fault5Callback
                0x08009b98                HAL_HRTIM_SystemFaultCallback
                0x08009c4e                HAL_HRTIM_BurstModePeriodCallback
                0x08009c50                HAL_HRTIM_SynchronizationEventCallback
                0x08009c52                HAL_HRTIM_RegistersUpdateCallback
                0x08009c54                HAL_HRTIM_RepetitionEventCallback
                0x08009c56                HAL_HRTIM_Compare1EventCallback
                0x08009c58                HAL_HRTIM_Compare2EventCallback
                0x08009c5a                HAL_HRTIM_Compare3EventCallback
                0x08009c5c                HAL_HRTIM_Compare4EventCallback
                0x08009dc2                HAL_HRTIM_Capture1EventCallback
                0x08009dc4                HAL_HRTIM_Capture2EventCallback
                0x08009dc6                HAL_HRTIM_DelayedProtectionCallback
                0x08009dc8                HAL_HRTIM_CounterResetCallback
                0x08009dca                HAL_HRTIM_Output1SetCallback
                0x08009dcc                HAL_HRTIM_Output1ResetCallback
                0x08009dce                HAL_HRTIM_Output2SetCallback
                0x08009dd0                HAL_HRTIM_Output2ResetCallback
                0x0800a120                HAL_HRTIM_IRQHandler
                0x0800a13c                HAL_HRTIM_BurstDMATransferCallback
                0x0800a154                HAL_HRTIM_ErrorCallback
 .text          0x0800a160      0x594 ./build/stm32h7xx_hal.o
                0x0800a164                HAL_DeInit
                0x0800a234                HAL_Init
                0x0800a2b4                HAL_GetTickPrio
                0x0800a2c0                HAL_SetTickFreq
                0x0800a2e4                HAL_GetTickFreq
                0x0800a334                HAL_GetHalVersion
                0x0800a33c                HAL_GetREVID
                0x0800a348                HAL_GetDEVID
                0x0800a358                HAL_GetUIDw0
                0x0800a364                HAL_GetUIDw1
                0x0800a370                HAL_GetUIDw2
                0x0800a37c                HAL_SYSCFG_VREFBUF_VoltageScalingConfig
                0x0800a390                HAL_SYSCFG_VREFBUF_HighImpedanceConfig
                0x0800a3a4                HAL_SYSCFG_VREFBUF_TrimmingConfig
                0x0800a3b8                HAL_SYSCFG_EnableVREFBUF
                0x0800a3ec                HAL_SYSCFG_DisableVREFBUF
                0x0800a3fc                HAL_SYSCFG_ETHInterfaceSelect
                0x0800a410                HAL_SYSCFG_AnalogSwitchConfig
                0x0800a424                HAL_SYSCFG_EnableBOOST
                0x0800a434                HAL_SYSCFG_DisableBOOST
                0x0800a444                HAL_SYSCFG_CM7BootAddConfig
                0x0800a478                HAL_EnableCompensationCell
                0x0800a488                HAL_DisableCompensationCell
                0x0800a498                HAL_SYSCFG_EnableIOSpeedOptimize
                0x0800a4a8                HAL_SYSCFG_DisableIOSpeedOptimize
                0x0800a4b8                HAL_SYSCFG_CompensationCodeSelect
                0x0800a4cc                HAL_SYSCFG_CompensationCodeConfig
                0x0800a4e4                HAL_DBGMCU_EnableDBGSleepMode
                0x0800a4f4                HAL_DBGMCU_DisableDBGSleepMode
                0x0800a504                HAL_DBGMCU_EnableDBGStopMode
                0x0800a514                HAL_DBGMCU_DisableDBGStopMode
                0x0800a524                HAL_DBGMCU_EnableDBGStandbyMode
                0x0800a534                HAL_DBGMCU_DisableDBGStandbyMode
                0x0800a544                HAL_SetFMCMemorySwappingConfig
                0x0800a558                HAL_GetFMCMemorySwappingConfig
                0x0800a568                HAL_EXTI_EdgeConfig
                0x0800a5bc                HAL_EXTI_GenerateSWInterrupt
                0x0800a5dc                HAL_EXTI_D1_ClearFlag
                0x0800a5f4                HAL_EXTI_D1_EventInputConfig
                0x0800a678                HAL_EXTI_D3_EventInputConfig
 .text          0x0800a6f4     0x1ccc ./build/stm32h7xx_hal_rcc_ex.o
                0x0800a90c                HAL_RCCEx_PeriphCLKConfig
                0x0800b2d0                HAL_RCCEx_GetPeriphCLKConfig
                0x0800b49c                HAL_RCCEx_GetD1PCLK1Freq
                0x0800b4c0                HAL_RCCEx_GetD3PCLK1Freq
                0x0800b4e4                HAL_RCCEx_GetPLL2ClockFreq
                0x0800b6dc                HAL_RCCEx_GetPLL3ClockFreq
                0x0800b8d4                HAL_RCCEx_GetPLL1ClockFreq
                0x0800bacc                HAL_RCCEx_GetPeriphCLKFreq
                0x0800c0e0                HAL_RCCEx_GetD1SysClockFreq
                0x0800c124                HAL_RCCEx_EnableLSECSS
                0x0800c134                HAL_RCCEx_DisableLSECSS
                0x0800c14c                HAL_RCCEx_EnableLSECSS_IT
                0x0800c17c                HAL_RCCEx_WakeUpStopCLKConfig
                0x0800c190                HAL_RCCEx_KerWakeUpStopCLKConfig
                0x0800c1a4                HAL_RCCEx_WWDGxSysResetConfig
                0x0800c1b8                HAL_RCCEx_CRSConfig
                0x0800c22c                HAL_RCCEx_CRSSoftwareSynchronizationGenerate
                0x0800c23c                HAL_RCCEx_CRSGetSynchronizationInfo
                0x0800c260                HAL_RCCEx_CRSWaitSynchronization
                0x0800c30c                HAL_RCCEx_CRS_SyncOkCallback
                0x0800c30e                HAL_RCCEx_CRS_SyncWarnCallback
                0x0800c310                HAL_RCCEx_CRS_ExpectedSyncCallback
                0x0800c312                HAL_RCCEx_CRS_ErrorCallback
                0x0800c314                HAL_RCCEx_CRS_IRQHandler
                0x0800c39c                HAL_RCCEx_LSECSS_Callback
                0x0800c39e                HAL_RCCEx_LSECSS_IRQHandler
 .text          0x0800c3c0     0x208c ./build/stm32h7xx_hal_fdcan.o
                0x0800c61e                HAL_FDCAN_Init
                0x0800c8b0                HAL_FDCAN_MspDeInit
                0x0800c8b2                HAL_FDCAN_EnterPowerDownMode
                0x0800c8f4                HAL_FDCAN_ExitPowerDownMode
                0x0800c93e                HAL_FDCAN_ConfigClockCalibration
                0x0800c9d4                HAL_FDCAN_GetClockCalibrationState
                0x0800c9e4                HAL_FDCAN_ResetClockCalibrationState
                0x0800ca2c                HAL_FDCAN_GetClockCalibrationCounter
                0x0800ca54                HAL_FDCAN_ConfigFilter
                0x0800cadc                HAL_FDCAN_ConfigGlobalFilter
                0x0800cb12                HAL_FDCAN_ConfigExtendedIdMask
                0x0800cb36                HAL_FDCAN_ConfigRxFifoOverwrite
                0x0800cb7a                HAL_FDCAN_ConfigFifoWatermark
                0x0800cbd8                HAL_FDCAN_ConfigRamWatchdog
                0x0800cc02                HAL_FDCAN_ConfigTimestampCounter
                0x0800cc2c                HAL_FDCAN_EnableTimestampCounter
                0x0800cc56                HAL_FDCAN_DisableTimestampCounter
                0x0800cc7e                HAL_FDCAN_GetTimestampCounter
                0x0800cc86                HAL_FDCAN_ResetTimestampCounter
                0x0800cca8                HAL_FDCAN_ConfigTimeoutCounter
                0x0800ccda                HAL_FDCAN_EnableTimeoutCounter
                0x0800cd02                HAL_FDCAN_DisableTimeoutCounter
                0x0800cd2a                HAL_FDCAN_GetTimeoutCounter
                0x0800cd32                HAL_FDCAN_ResetTimeoutCounter
                0x0800cd52                HAL_FDCAN_ConfigTxDelayCompensation
                0x0800cd78                HAL_FDCAN_EnableTxDelayCompensation
                0x0800cda0                HAL_FDCAN_DisableTxDelayCompensation
                0x0800cdc8                HAL_FDCAN_EnableISOMode
                0x0800cdf0                HAL_FDCAN_DisableISOMode
                0x0800ce18                HAL_FDCAN_EnableEdgeFiltering
                0x0800ce40                HAL_FDCAN_DisableEdgeFiltering
                0x0800ce68                HAL_FDCAN_Start
                0x0800ce9c                HAL_FDCAN_Stop
                0x0800cf34                HAL_FDCAN_DeInit
                0x0800cf5e                HAL_FDCAN_AddMessageToTxFifoQ
                0x0800cfd4                HAL_FDCAN_AddMessageToTxBuffer
                0x0800d052                HAL_FDCAN_EnableTxBufferRequest
                0x0800d076                HAL_FDCAN_GetLatestTxFifoQRequestBuffer
                0x0800d07c                HAL_FDCAN_AbortTxRequest
                0x0800d0a0                HAL_FDCAN_GetRxMessage
                0x0800d280                HAL_FDCAN_GetTxEvent
                0x0800d34c                HAL_FDCAN_GetHighPriorityMessageStatus
                0x0800d380                HAL_FDCAN_GetProtocolStatus
                0x0800d3ca                HAL_FDCAN_GetErrorCounters
                0x0800d3e8                HAL_FDCAN_IsRxBufferMessageAvailable
                0x0800d430                HAL_FDCAN_IsTxBufferMessagePending
                0x0800d43e                HAL_FDCAN_GetRxFifoFillLevel
                0x0800d45a                HAL_FDCAN_GetTxFifoFreeLevel
                0x0800d466                HAL_FDCAN_IsRestrictedOperationMode
                0x0800d470                HAL_FDCAN_ExitRestrictedOperationMode
                0x0800d49a                HAL_FDCAN_TT_ConfigOperation
                0x0800d640                HAL_FDCAN_TT_ConfigReferenceMessage
                0x0800d692                HAL_FDCAN_TT_ConfigTrigger
                0x0800d710                HAL_FDCAN_TT_SetGlobalTime
                0x0800d7a4                HAL_FDCAN_TT_SetClockSynchronization
                0x0800d83c                HAL_FDCAN_TT_ConfigStopWatch
                0x0800d896                HAL_FDCAN_TT_ConfigRegisterTimeMark
                0x0800d95a                HAL_FDCAN_TT_EnableRegisterTimeMarkPulse
                0x0800d9ac                HAL_FDCAN_TT_DisableRegisterTimeMarkPulse
                0x0800d9fe                HAL_FDCAN_TT_EnableTriggerTimeMarkPulse
                0x0800da6a                HAL_FDCAN_TT_DisableTriggerTimeMarkPulse
                0x0800dad6                HAL_FDCAN_TT_EnableHardwareGapControl
                0x0800db42                HAL_FDCAN_TT_DisableHardwareGapControl
                0x0800dbae                HAL_FDCAN_TT_EnableTimeMarkGapControl
                0x0800dc1a                HAL_FDCAN_TT_DisableTimeMarkGapControl
                0x0800dc86                HAL_FDCAN_TT_SetNextIsGap
                0x0800dd0a                HAL_FDCAN_TT_SetEndOfGap
                0x0800dd8e                HAL_FDCAN_TT_ConfigExternalSyncPhase
                0x0800ddd2                HAL_FDCAN_TT_EnableExternalSynchronization
                0x0800de24                HAL_FDCAN_TT_DisableExternalSynchronization
                0x0800de76                HAL_FDCAN_TT_GetOperationStatus
                0x0800ded0                HAL_FDCAN_ConfigInterruptLines
                0x0800df08                HAL_FDCAN_TT_ConfigInterruptLines
                0x0800df40                HAL_FDCAN_ActivateNotification
                0x0800dfd0                HAL_FDCAN_DeactivateNotification
                0x0800e058                HAL_FDCAN_TT_ActivateNotification
                0x0800e0ae                HAL_FDCAN_TT_DeactivateNotification
                0x0800e100                HAL_FDCAN_ClockCalibrationCallback
                0x0800e102                HAL_FDCAN_TxEventFifoCallback
                0x0800e106                HAL_FDCAN_RxFifo1Callback
                0x0800e10e                HAL_FDCAN_RxBufferNewMessageCallback
                0x0800e110                HAL_FDCAN_TimestampWraparoundCallback
                0x0800e112                HAL_FDCAN_TimeoutOccurredCallback
                0x0800e114                HAL_FDCAN_HighPriorityMessageCallback
                0x0800e118                HAL_FDCAN_ErrorStatusCallback
                0x0800e11a                HAL_FDCAN_TT_ScheduleSyncCallback
                0x0800e11c                HAL_FDCAN_TT_TimeMarkCallback
                0x0800e11e                HAL_FDCAN_TT_StopWatchCallback
                0x0800e120                HAL_FDCAN_TT_GlobalTimeCallback
                0x0800e122                HAL_FDCAN_IRQHandler
                0x0800e440                HAL_FDCAN_GetState
                0x0800e446                HAL_FDCAN_GetError
 .text          0x0800e44c      0x1d0 ./build/stm32h7xx_hal_sd_ex.o
                0x0800e44c                HAL_SDEx_ConfigDMAMultiBuffer
                0x0800e476                HAL_SDEx_ReadBlocksDMAMultiBuffer
                0x0800e54c                HAL_SDEx_WriteBlocksDMAMultiBuffer
                0x0800e60c                HAL_SDEx_ChangeDMABuffer
 .text          0x0800e61c      0xb9e ./build/stm32h7xx_hal_hcd.o
                0x0800e6ba                HAL_HCD_HC_Init
                0x0800e748                HAL_HCD_HC_Halt
                0x0800e76c                HAL_HCD_MspInit
                0x0800e76e                HAL_HCD_Init
                0x0800e812                HAL_HCD_MspDeInit
                0x0800e814                HAL_HCD_DeInit
                0x0800e836                HAL_HCD_HC_SubmitRequest
                0x0800e99a                HAL_HCD_SOF_Callback
                0x0800e99c                HAL_HCD_Connect_Callback
                0x0800e99e                HAL_HCD_Disconnect_Callback
                0x0800e9a0                HAL_HCD_PortEnabled_Callback
                0x0800e9a2                HAL_HCD_PortDisabled_Callback
                0x0800ea54                HAL_HCD_HC_NotifyURBChange_Callback
                0x0800efd2                HAL_HCD_IRQHandler
                0x0800f126                HAL_HCD_Start
                0x0800f150                HAL_HCD_Stop
                0x0800f174                HAL_HCD_ResetPort
                0x0800f17e                HAL_HCD_GetState
                0x0800f184                HAL_HCD_HC_GetURBState
                0x0800f190                HAL_HCD_HC_GetXferCount
                0x0800f19a                HAL_HCD_HC_GetState
                0x0800f1a6                HAL_HCD_GetCurrentFrame
                0x0800f1b0                HAL_HCD_GetCurrentSpeed
 *fill*         0x0800f1ba        0x2 
 .text          0x0800f1bc     0x4268 ./build/stm32h7xx_hal_tim.o
                0x0800f558                HAL_TIM_Base_MspInit
                0x0800f55a                HAL_TIM_Base_MspDeInit
                0x0800f55c                HAL_TIM_Base_DeInit
                0x0800f5c2                HAL_TIM_Base_Start
                0x0800f648                HAL_TIM_Base_Stop
                0x0800f670                HAL_TIM_Base_Start_IT
                0x0800f700                HAL_TIM_Base_Stop_IT
                0x0800f732                HAL_TIM_Base_Start_DMA
                0x0800f814                HAL_TIM_Base_Stop_DMA
                0x0800f850                HAL_TIM_OC_MspInit
                0x0800f852                HAL_TIM_OC_MspDeInit
                0x0800f854                HAL_TIM_OC_DeInit
                0x0800f8ba                HAL_TIM_PWM_MspInit
                0x0800f8bc                HAL_TIM_PWM_MspDeInit
                0x0800f8be                HAL_TIM_PWM_DeInit
                0x0800f924                HAL_TIM_IC_MspInit
                0x0800f926                HAL_TIM_IC_MspDeInit
                0x0800f928                HAL_TIM_IC_DeInit
                0x0800f98e                HAL_TIM_OnePulse_MspInit
                0x0800f990                HAL_TIM_OnePulse_MspDeInit
                0x0800f992                HAL_TIM_OnePulse_DeInit
                0x0800f9e0                HAL_TIM_Encoder_MspInit
                0x0800f9e2                HAL_TIM_Encoder_MspDeInit
                0x0800f9e4                HAL_TIM_Encoder_DeInit
                0x0800fa32                HAL_TIM_DMABurst_MultiWriteStart
                0x0800fbe0                HAL_TIM_DMABurst_WriteStart
                0x0800fbf6                HAL_TIM_DMABurst_WriteStop
                0x0800fc7a                HAL_TIM_DMABurst_MultiReadStart
                0x0800fe2c                HAL_TIM_DMABurst_ReadStart
                0x0800fe42                HAL_TIM_DMABurst_ReadStop
                0x0800fec6                HAL_TIM_GenerateEvent
                0x0800fef0                HAL_TIM_ConfigTI1Input
                0x0800ff00                HAL_TIM_ReadCapturedValue
                0x0800ff32                HAL_TIM_PeriodElapsedCallback
                0x0800ff4a                HAL_TIM_PeriodElapsedHalfCpltCallback
                0x0800ff56                HAL_TIM_OC_DelayElapsedCallback
                0x0800ff58                HAL_TIM_IC_CaptureCallback
                0x0800ff5a                TIM_DMACaptureCplt
                0x0800ffda                HAL_TIM_IC_CaptureHalfCpltCallback
                0x0800ffdc                TIM_DMACaptureHalfCplt
                0x0801001a                HAL_TIM_PWM_PulseFinishedCallback
                0x0801008c                HAL_TIM_PWM_PulseFinishedHalfCpltCallback
                0x0801008e                TIM_DMADelayPulseHalfCplt
                0x080100cc                HAL_TIM_TriggerCallback
                0x080100ce                HAL_TIM_IRQHandler
                0x0801027e                HAL_TIM_TriggerHalfCpltCallback
                0x0801028a                HAL_TIM_ErrorCallback
                0x0801028c                TIM_DMAError
                0x080102e8                HAL_TIM_Base_GetState
                0x080102ee                HAL_TIM_OC_GetState
                0x080102f4                HAL_TIM_PWM_GetState
                0x080102fa                HAL_TIM_IC_GetState
                0x08010300                HAL_TIM_OnePulse_GetState
                0x08010306                HAL_TIM_Encoder_GetState
                0x0801030c                HAL_TIM_GetActiveChannel
                0x08010310                HAL_TIM_GetChannelState
                0x08010352                HAL_TIM_DMABurstState
                0x08010358                TIM_Base_SetConfig
                0x0801045c                HAL_TIM_Base_Init
                0x080104bc                HAL_TIM_OC_Init
                0x0801051c                HAL_TIM_PWM_Init
                0x0801057c                HAL_TIM_IC_Init
                0x080105dc                HAL_TIM_OnePulse_Init
                0x08010638                HAL_TIM_Encoder_Init
                0x080106ec                TIM_OC2_SetConfig
                0x08010780                HAL_TIM_OC_ConfigChannel
                0x080107fa                HAL_TIM_PWM_ConfigChannel
                0x08010934                TIM_TI1_SetConfig
                0x080109c8                HAL_TIM_IC_ConfigChannel
                0x08010a8c                HAL_TIM_OnePulse_ConfigChannel
                0x08010b90                TIM_ETR_SetConfig
                0x08010baa                HAL_TIM_ConfigOCrefClear
                0x08010cee                HAL_TIM_ConfigClockSource
                0x08010f78                HAL_TIM_SlaveConfigSynchro
                0x08010fca                HAL_TIM_SlaveConfigSynchro_IT
                0x0801101c                TIM_CCxChannelCmd
                0x0801103a                HAL_TIM_OC_Start
                0x080111a0                HAL_TIM_OC_Stop
                0x0801125c                HAL_TIM_OC_Start_IT
                0x0801140c                HAL_TIM_OC_Stop_IT
                0x0801151c                HAL_TIM_OC_Start_DMA
                0x0801181c                HAL_TIM_OC_Stop_DMA
                0x08011944                HAL_TIM_PWM_Start
                0x08011aac                HAL_TIM_PWM_Stop
                0x08011b68                HAL_TIM_PWM_Start_IT
                0x08011d18                HAL_TIM_PWM_Stop_IT
                0x08011e28                HAL_TIM_PWM_Start_DMA
                0x08012128                HAL_TIM_PWM_Stop_DMA
                0x08012250                HAL_TIM_IC_Start
                0x080123b8                HAL_TIM_IC_Stop
                0x08012450                HAL_TIM_IC_Start_IT
                0x08012600                HAL_TIM_IC_Stop_IT
                0x080126e8                HAL_TIM_IC_Start_DMA
                0x08012974                HAL_TIM_IC_Stop_DMA
                0x08012a74                HAL_TIM_OnePulse_Start
                0x08012b10                HAL_TIM_OnePulse_Stop
                0x08012ba8                HAL_TIM_OnePulse_Start_IT
                0x08012c5c                HAL_TIM_OnePulse_Stop_IT
                0x08012d08                HAL_TIM_Encoder_Start
                0x08012dd0                HAL_TIM_Encoder_Stop
                0x08012eae                HAL_TIM_Encoder_Start_IT
                0x08012fa2                HAL_TIM_Encoder_Stop_IT
                0x080130aa                HAL_TIM_Encoder_Start_DMA
                0x08013300                HAL_TIM_Encoder_Stop_DMA
 .text          0x08013424      0xe40 ./build/stm32h7xx_hal_pcd.o
                0x080134f6                HAL_PCD_Init
                0x08013632                HAL_PCD_MspDeInit
                0x08013634                HAL_PCD_DeInit
                0x08013662                HAL_PCD_Start
                0x080136a4                HAL_PCD_Stop
                0x080136ee                HAL_PCD_DataOutStageCallback
                0x080137f4                HAL_PCD_DataInStageCallback
                0x080137f6                HAL_PCD_SetupStageCallback
                0x08013848                HAL_PCD_SOFCallback
                0x0801384a                HAL_PCD_ResetCallback
                0x0801384c                HAL_PCD_SuspendCallback
                0x0801384e                HAL_PCD_ResumeCallback
                0x08013850                HAL_PCD_ISOOUTIncompleteCallback
                0x08013852                HAL_PCD_ISOINIncompleteCallback
                0x08013854                HAL_PCD_ConnectCallback
                0x08013856                HAL_PCD_DisconnectCallback
                0x08013858                HAL_PCD_DevConnect
                0x08013894                HAL_PCD_DevDisconnect
                0x080138d0                HAL_PCD_SetAddress
                0x080138f8                HAL_PCD_EP_Open
                0x08013982                HAL_PCD_EP_Close
                0x080139f4                HAL_PCD_EP_Receive
                0x08013a52                HAL_PCD_EP_GetRxCount
                0x08013a64                HAL_PCD_EP_Transmit
                0x08013ac2                HAL_PCD_EP_SetStall
                0x08013b4a                HAL_PCD_EP_ClrStall
                0x08013bc0                HAL_PCD_EP_Abort
                0x08013bf4                HAL_PCD_IRQHandler
                0x080141fa                HAL_PCD_EP_Flush
                0x08014230                HAL_PCD_ActivateRemoteWakeup
                0x0801423a                HAL_PCD_DeActivateRemoteWakeup
                0x08014244                HAL_PCD_GetState
                0x0801424a                HAL_PCD_SetTestMode
 .text          0x08014264      0x540 ./build/stm32h7xx_hal_dcmi.o
                0x08014304                HAL_DCMI_MspInit
                0x08014306                HAL_DCMI_Init
                0x080143a4                HAL_DCMI_MspDeInit
                0x080143a6                HAL_DCMI_DeInit
                0x080143bc                HAL_DCMI_Start_DMA
                0x080144a8                HAL_DCMI_Stop
                0x0801452c                HAL_DCMI_Suspend
                0x080145a4                HAL_DCMI_Resume
                0x080145dc                HAL_DCMI_ErrorCallback
                0x080145fe                HAL_DCMI_LineEventCallback
                0x08014600                HAL_DCMI_VsyncEventCallback
                0x08014602                HAL_DCMI_FrameEventCallback
                0x08014604                HAL_DCMI_IRQHandler
                0x080146b4                HAL_DCMI_ConfigCrop
                0x080146f4                HAL_DCMI_DisableCrop
                0x08014724                HAL_DCMI_EnableCrop
                0x08014754                HAL_DCMI_ConfigSyncUnmask
                0x08014798                HAL_DCMI_GetState
                0x0801479e                HAL_DCMI_GetError
 .text          0x080147a4     0x1d24 ./build/stm32h7xx_hal_usart.o
                0x08014fa0                HAL_USART_MspInit
                0x08014fa2                HAL_USART_Init
                0x08014ffc                HAL_USART_MspDeInit
                0x08014ffe                HAL_USART_DeInit
                0x0801502e                HAL_USART_Transmit
                0x08015120                HAL_USART_Receive
                0x0801526c                HAL_USART_TransmitReceive
                0x08015438                HAL_USART_Transmit_IT
                0x080154e4                HAL_USART_Receive_IT
                0x08015638                HAL_USART_TransmitReceive_IT
                0x080157e8                HAL_USART_Transmit_DMA
                0x08015880                HAL_USART_Receive_DMA
                0x08015978                HAL_USART_TransmitReceive_DMA
                0x08015a7c                HAL_USART_DMAPause
                0x08015af4                HAL_USART_DMAResume
                0x08015b60                HAL_USART_DMAStop
                0x08015bc0                HAL_USART_Abort
                0x08015c7c                HAL_USART_TxCpltCallback
                0x08015cc2                HAL_USART_TxHalfCpltCallback
                0x08015cce                HAL_USART_RxCpltCallback
                0x08015cd0                HAL_USART_RxHalfCpltCallback
                0x08015cdc                HAL_USART_TxRxCpltCallback
                0x08016152                HAL_USART_ErrorCallback
                0x0801617a                HAL_USART_IRQHandler
                0x08016374                HAL_USART_AbortCpltCallback
                0x08016376                HAL_USART_Abort_IT
                0x080164bc                HAL_USART_GetState
                0x080164c2                HAL_USART_GetError
 .text          0x080164c8      0x228 ./build/stm32h7xx_hal_crc.o
                0x0801659e                HAL_CRC_MspInit
                0x080165a0                HAL_CRC_Init
                0x08016620                HAL_CRC_MspDeInit
                0x08016622                HAL_CRC_DeInit
                0x08016658                HAL_CRC_Accumulate
                0x0801669a                HAL_CRC_Calculate
                0x080166ea                HAL_CRC_GetState
 .text          0x080166f0      0x310 ./build/stm32h7xx_hal_opamp_ex.o
                0x080166f0                HAL_OPAMPEx_SelfCalibrateAll
                0x080169e0                HAL_OPAMPEx_Unlock
 .text          0x08016a00      0x468 ./build/stm32h7xx_hal_dac.o
                0x08016a00                HAL_DAC_MspInit
                0x08016a02                HAL_DAC_Init
                0x08016a26                HAL_DAC_MspDeInit
                0x08016a28                HAL_DAC_DeInit
                0x08016a44                HAL_DAC_Start
                0x08016aac                HAL_DAC_Stop
                0x08016acc                HAL_DAC_Start_DMA
                0x08016bc8                HAL_DAC_Stop_DMA
                0x08016c1e                HAL_DAC_SetValue
                0x08016c4c                HAL_DAC_ConvCpltCallbackCh1
                0x08016c4e                DAC_DMAConvCpltCh1
                0x08016c5e                HAL_DAC_ConvHalfCpltCallbackCh1
                0x08016c60                DAC_DMAHalfConvCpltCh1
                0x08016c6a                HAL_DAC_ErrorCallbackCh1
                0x08016c6c                DAC_DMAErrorCh1
                0x08016c84                HAL_DAC_DMAUnderrunCallbackCh1
                0x08016c86                HAL_DAC_IRQHandler
                0x08016cf6                HAL_DAC_GetValue
                0x08016d04                HAL_DAC_ConfigChannel
                0x08016e60                HAL_DAC_GetState
                0x08016e64                HAL_DAC_GetError
 .text          0x08016e68      0x664 ./build/stm32h7xx_hal_pwr_ex.o
                0x08016e68                HAL_PWREx_ConfigSupply
                0x08016ebc                HAL_PWREx_GetSupplyConfig
                0x08016ecc                HAL_PWREx_ControlVoltageScaling
                0x08016fa0                HAL_PWREx_GetVoltageRange
                0x08016fb0                HAL_PWREx_ControlStopModeVoltageScaling
                0x08016fc4                HAL_PWREx_GetStopModeVoltageRange
                0x08016fd4                HAL_PWREx_EnterSTOPMode
                0x0801703c                HAL_PWREx_ClearPendingEvent
                0x08017040                HAL_PWREx_EnterSTANDBYMode
                0x08017080                HAL_PWREx_ConfigD3Domain
                0x08017094                HAL_PWREx_EnableFlashPowerDown
                0x080170a4                HAL_PWREx_DisableFlashPowerDown
                0x080170b4                HAL_PWREx_EnableWakeUpPin
                0x0801715c                HAL_PWREx_DisableWakeUpPin
                0x0801716c                HAL_PWREx_GetWakeupFlag
                0x08017178                HAL_PWREx_ClearWakeupFlag
                0x08017194                HAL_PWREx_WKUP1_Callback
                0x08017196                HAL_PWREx_WKUP2_Callback
                0x08017198                HAL_PWREx_WKUP3_Callback
                0x0801719a                HAL_PWREx_WKUP4_Callback
                0x0801719c                HAL_PWREx_WKUP5_Callback
                0x0801719e                HAL_PWREx_WKUP6_Callback
                0x080171a0                HAL_PWREx_WAKEUP_PIN_IRQHandler
                0x08017238                HAL_PWREx_EnableBkUpReg
                0x0801726c                HAL_PWREx_DisableBkUpReg
                0x080172a0                HAL_PWREx_EnableUSBReg
                0x080172d4                HAL_PWREx_DisableUSBReg
                0x08017308                HAL_PWREx_EnableUSBVoltageDetector
                0x08017318                HAL_PWREx_DisableUSBVoltageDetector
                0x08017328                HAL_PWREx_EnableBatteryCharging
                0x08017344                HAL_PWREx_DisableBatteryCharging
                0x08017354                HAL_PWREx_EnableMonitoring
                0x08017364                HAL_PWREx_DisableMonitoring
                0x08017374                HAL_PWREx_GetTemperatureLevel
                0x08017390                HAL_PWREx_GetVBATLevel
                0x080173ac                HAL_PWREx_ConfigAVD
                0x08017444                HAL_PWREx_EnableAVD
                0x08017454                HAL_PWREx_DisableAVD
                0x08017464                HAL_PWREx_AVDCallback
                0x08017466                HAL_PWREx_PVD_AVD_IRQHandler
 .text          0x080174cc        0x0 ./build/stm32h7xx_hal_cordic.o
 .text          0x080174cc        0x0 ./build/stm32h7xx_hal_dsi.o
 .text          0x080174cc      0x3fc ./build/stm32h7xx_ll_adc.o
                0x080174cc                LL_ADC_CommonDeInit
                0x08017514                LL_ADC_CommonInit
                0x08017598                LL_ADC_CommonStructInit
                0x080175a8                LL_ADC_DeInit
                0x080177b8                LL_ADC_Init
                0x080177f0                LL_ADC_StructInit
                0x080177fa                LL_ADC_REG_Init
                0x0801785c                LL_ADC_REG_StructInit
                0x08017870                LL_ADC_INJ_Init
                0x080178bc                LL_ADC_INJ_StructInit
 .text          0x080178c8       0x70 ./build/stm32h7xx_ll_swpmi.o
                0x080178c8                LL_SWPMI_DeInit
                0x080178f8                LL_SWPMI_Init
                0x08017928                LL_SWPMI_StructInit
 .text          0x08017938        0x8 ./build/stm32h7xx_hal_msp_template.o
                0x08017938                HAL_MspInit
                0x0801793a                HAL_MspDeInit
                0x0801793c                HAL_PPP_MspInit
                0x0801793e                HAL_PPP_MspDeInit
 .text          0x08017940      0x3b0 ./build/stm32h7xx_hal_opamp.o
                0x08017940                HAL_OPAMP_MspInit
                0x08017942                HAL_OPAMP_Init
                0x08017a44                HAL_OPAMP_MspDeInit
                0x08017a46                HAL_OPAMP_DeInit
                0x08017a74                HAL_OPAMP_Start
                0x08017aaa                HAL_OPAMP_Stop
                0x08017aee                HAL_OPAMP_SelfCalibrate
                0x08017c7a                HAL_OPAMP_Lock
                0x08017c98                HAL_OPAMP_GetTrimOffset
                0x08017ce0                HAL_OPAMP_GetState
 .text          0x08017cf0      0xfe4 ./build/stm32h7xx_hal_rcc.o
                0x08017cf0                HAL_RCC_DeInit
                0x08017ebc                HAL_RCC_OscConfig
                0x08018530                HAL_RCC_MCOConfig
                0x080185d4                HAL_RCC_EnableCSS
                0x080185e4                HAL_RCC_DisableCSS
                0x080185f4                HAL_RCC_GetSysClockFreq
                0x080187e8                HAL_RCC_ClockConfig
                0x08018a7c                HAL_RCC_GetHCLKFreq
                0x08018ac0                HAL_RCC_GetPCLK1Freq
                0x08018ae4                HAL_RCC_GetPCLK2Freq
                0x08018b08                HAL_RCC_GetOscConfig
                0x08018c5c                HAL_RCC_GetClockConfig
                0x08018cb0                HAL_RCC_CSSCallback
                0x08018cb2                HAL_RCC_NMI_IRQHandler
 .text          0x08018cd4      0x3dc ./build/stm32h7xx_hal_exti.o
                0x08018cd4                HAL_EXTI_SetConfigLine
                0x08018e18                HAL_EXTI_GetConfigLine
                0x08018f24                HAL_EXTI_ClearConfigLine
                0x08019010                HAL_EXTI_RegisterCallback
                0x08019022                HAL_EXTI_GetHandle
                0x0801902e                HAL_EXTI_IRQHandler
                0x08019058                HAL_EXTI_GetPending
                0x08019078                HAL_EXTI_ClearPending
                0x08019094                HAL_EXTI_GenerateSWI
 .text          0x080190b0     0x1884 ./build/stm32h7xx_hal_sd.o
                0x080195f2                HAL_SD_MspDeInit
                0x080195f4                HAL_SD_DeInit
                0x08019618                HAL_SD_ReadBlocks
                0x0801981c                HAL_SD_WriteBlocks
                0x08019a30                HAL_SD_ReadBlocks_IT
                0x08019b04                HAL_SD_WriteBlocks_IT
                0x08019bd4                HAL_SD_ReadBlocks_DMA
                0x08019cb4                HAL_SD_WriteBlocks_DMA
                0x08019d94                HAL_SD_Erase
                0x08019e8c                HAL_SD_GetState
                0x08019e92                HAL_SD_GetError
                0x08019e96                HAL_SD_TxCpltCallback
                0x08019e98                HAL_SD_RxCpltCallback
                0x08019e9a                HAL_SD_ErrorCallback
                0x08019e9c                HAL_SD_AbortCallback
                0x08019e9e                HAL_SD_GetCardCID
                0x08019ef0                HAL_SD_GetCardCSD
                0x0801a1a4                HAL_SD_InitCard
                0x0801a268                HAL_SD_GetCardStatus
                0x0801a338                HAL_SD_GetCardInfo
                0x0801a35c                HAL_SD_ConfigWideBusOperation
                0x0801a4b0                HAL_SD_GetCardState
                0x0801a4d2                HAL_SD_Init
                0x0801a58c                HAL_SD_ConfigSpeedBusOperation
                0x0801a66c                HAL_SD_Abort
                0x0801a6b4                HAL_SD_Abort_IT
                0x0801a700                HAL_SDEx_Read_DMADoubleBuf0CpltCallback
                0x0801a702                HAL_SDEx_Read_DMADoubleBuf1CpltCallback
                0x0801a704                HAL_SDEx_Write_DMADoubleBuf0CpltCallback
                0x0801a706                HAL_SDEx_Write_DMADoubleBuf1CpltCallback
                0x0801a708                HAL_SD_IRQHandler
 .text          0x0801a934       0xe8 ./build/stm32h7xx_ll_lpuart.o
                0x0801a934                LL_LPUART_DeInit
                0x0801a964                LL_LPUART_Init
                0x0801aa04                LL_LPUART_StructInit
 .text          0x0801aa1c     0x169c ./build/stm32h7xx_hal_eth.o
                0x0801aa1c                HAL_ETH_RxAllocateCallback
                0x0801aab6                HAL_ETH_RxLinkCallback
                0x0801aab8                HAL_ETH_TxFreeCallback
                0x0801b21c                HAL_ETH_MspInit
                0x0801b21e                HAL_ETH_MspDeInit
                0x0801b220                HAL_ETH_DeInit
                0x0801b236                HAL_ETH_Start
                0x0801b2b4                HAL_ETH_Start_IT
                0x0801b370                HAL_ETH_Stop
                0x0801b3d0                HAL_ETH_Stop_IT
                0x0801b464                HAL_ETH_Transmit
                0x0801b534                HAL_ETH_Transmit_IT
                0x0801b59c                HAL_ETH_ReadData
                0x0801b69a                HAL_ETH_RegisterRxAllocateCallback
                0x0801b6a8                HAL_ETH_UnRegisterRxAllocateCallback
                0x0801b6b8                HAL_ETH_RegisterRxLinkCallback
                0x0801b6c6                HAL_ETH_UnRegisterRxLinkCallback
                0x0801b6d4                HAL_ETH_GetRxDataErrorCode
                0x0801b6e0                HAL_ETH_RegisterTxFreeCallback
                0x0801b6ee                HAL_ETH_UnRegisterTxFreeCallback
                0x0801b6fc                HAL_ETH_ReleaseTxPacket
                0x0801b75a                HAL_ETH_TxCpltCallback
                0x0801b75c                HAL_ETH_RxCpltCallback
                0x0801b75e                HAL_ETH_ErrorCallback
                0x0801b760                HAL_ETH_PMTCallback
                0x0801b762                HAL_ETH_EEECallback
                0x0801b764                HAL_ETH_WakeUpCallback
                0x0801b766                HAL_ETH_IRQHandler
                0x0801b8f2                HAL_ETH_ReadPHYRegister
                0x0801b952                HAL_ETH_WritePHYRegister
                0x0801b9b8                HAL_ETH_GetMACConfig
                0x0801bb9e                HAL_ETH_GetDMAConfig
                0x0801bc60                HAL_ETH_SetMACConfig
                0x0801bc7c                HAL_ETH_SetDMAConfig
                0x0801bc98                HAL_ETH_SetMDIOClockRange
                0x0801bd10                HAL_ETH_Init
                0x0801be5c                HAL_ETH_SetMACFilterConfig
                0x0801bebc                HAL_ETH_GetMACFilterConfig
                0x0801bf3a                HAL_ETH_SetSourceMACAddrMatch
                0x0801bf8a                HAL_ETH_SetHashTable
                0x0801bfa2                HAL_ETH_SetRxVLANIdentifier
                0x0801bfe4                HAL_ETH_EnterPowerDownMode
                0x0801c024                HAL_ETH_ExitPowerDownMode
                0x0801c060                HAL_ETH_SetWakeUpFilter
                0x0801c09a                HAL_ETH_GetState
                0x0801c0a0                HAL_ETH_GetError
                0x0801c0a6                HAL_ETH_GetDMAError
                0x0801c0ac                HAL_ETH_GetMACError
                0x0801c0b2                HAL_ETH_GetMACWakeUpSource
 .text          0x0801c0b8        0x0 ./build/stm32h7xx_hal_i2s_ex.o
 .text          0x0801c0b8      0xc70 ./build/stm32h7xx_hal_dma2d.o
                0x0801c156                HAL_DMA2D_MspInit
                0x0801c158                HAL_DMA2D_Init
                0x0801c1dc                HAL_DMA2D_MspDeInit
                0x0801c1de                HAL_DMA2D_Start
                0x0801c216                HAL_DMA2D_Start_IT
                0x0801c258                HAL_DMA2D_BlendingStart
                0x0801c2ce                HAL_DMA2D_BlendingStart_IT
                0x0801c34e                HAL_DMA2D_Abort
                0x0801c3a8                HAL_DMA2D_Suspend
                0x0801c406                HAL_DMA2D_Resume
                0x0801c426                HAL_DMA2D_EnableCLUT
                0x0801c45c                HAL_DMA2D_CLUTStartLoad
                0x0801c4d4                HAL_DMA2D_CLUTStartLoad_IT
                0x0801c560                HAL_DMA2D_CLUTLoad
                0x0801c5e4                HAL_DMA2D_CLUTLoad_IT
                0x0801c67c                HAL_DMA2D_CLUTLoading_Abort
                0x0801c6e0                HAL_DMA2D_DeInit
                0x0801c774                HAL_DMA2D_CLUTLoading_Suspend
                0x0801c80c                HAL_DMA2D_CLUTLoading_Resume
                0x0801c84e                HAL_DMA2D_PollForTransfer
                0x0801c98c                HAL_DMA2D_LineEventCallback
                0x0801c98e                HAL_DMA2D_CLUTLoadingCpltCallback
                0x0801c990                HAL_DMA2D_IRQHandler
                0x0801cacc                HAL_DMA2D_ConfigLayer
                0x0801cbd0                HAL_DMA2D_ConfigCLUT
                0x0801cc48                HAL_DMA2D_ProgramLineEvent
                0x0801cc86                HAL_DMA2D_EnableDeadTime
                0x0801ccb4                HAL_DMA2D_DisableDeadTime
                0x0801cce4                HAL_DMA2D_ConfigDeadTime
                0x0801cd1e                HAL_DMA2D_GetState
                0x0801cd24                HAL_DMA2D_GetError
 .text          0x0801cd28     0x3690 ./build/stm32h7xx_hal_i2c.o
                0x0801d25c                HAL_I2C_Init
                0x0801d318                HAL_I2C_MspDeInit
                0x0801d31a                HAL_I2C_DeInit
                0x0801d34c                HAL_I2C_Master_Transmit
                0x0801d4c8                HAL_I2C_Master_Receive
                0x0801d644                HAL_I2C_Slave_Transmit
                0x0801d7f4                HAL_I2C_Slave_Receive
                0x0801d978                HAL_I2C_Master_Transmit_IT
                0x0801da10                HAL_I2C_Master_Receive_IT
                0x0801daa8                HAL_I2C_Slave_Transmit_IT
                0x0801db0c                HAL_I2C_Slave_Receive_IT
                0x0801db70                HAL_I2C_Master_Transmit_DMA
                0x0801dcc4                HAL_I2C_Master_Receive_DMA
                0x0801de14                HAL_I2C_Slave_Transmit_DMA
                0x0801df04                HAL_I2C_Slave_Receive_DMA
                0x0801dff8                HAL_I2C_Mem_Write
                0x0801e1a2                HAL_I2C_Mem_Read
                0x0801e354                HAL_I2C_Mem_Write_IT
                0x0801e438                HAL_I2C_Mem_Read_IT
                0x0801e520                HAL_I2C_Mem_Write_DMA
                0x0801e688                HAL_I2C_Mem_Read_DMA
                0x0801e7f4                HAL_I2C_IsDeviceReady
                0x0801e960                HAL_I2C_Master_Seq_Transmit_IT
                0x0801ea14                HAL_I2C_Master_Seq_Transmit_DMA
                0x0801eb88                HAL_I2C_Master_Seq_Receive_IT
                0x0801ec3c                HAL_I2C_Master_Seq_Receive_DMA
                0x0801edb0                HAL_I2C_Slave_Seq_Transmit_IT
                0x0801ee8c                HAL_I2C_Slave_Seq_Transmit_DMA
                0x0801f030                HAL_I2C_Slave_Seq_Receive_IT
                0x0801f10c                HAL_I2C_Slave_Seq_Receive_DMA
                0x0801f2b0                HAL_I2C_EnableListen_IT
                0x0801f2dc                HAL_I2C_DisableListen_IT
                0x0801f316                HAL_I2C_Master_Abort_IT
                0x0801f39c                HAL_I2C_EV_IRQHandler
                0x0801f3ac                HAL_I2C_MasterTxCpltCallback
                0x0801f3ae                HAL_I2C_MasterRxCpltCallback
                0x0801f404                HAL_I2C_SlaveTxCpltCallback
                0x0801f406                HAL_I2C_SlaveRxCpltCallback
                0x0801f54c                HAL_I2C_AddrCallback
                0x0801f5ee                HAL_I2C_ListenCpltCallback
                0x0801f658                HAL_I2C_MemTxCpltCallback
                0x0801f65a                HAL_I2C_MemRxCpltCallback
                0x0801f65c                HAL_I2C_ErrorCallback
                0x0801f65e                HAL_I2C_AbortCpltCallback
                0x08020324                HAL_I2C_ER_IRQHandler
                0x080203a8                HAL_I2C_GetState
                0x080203ae                HAL_I2C_GetMode
                0x080203b4                HAL_I2C_GetError
 .text          0x080203b8       0x74 ./build/stm32h7xx_hal_iwdg.o
                0x080203b8                HAL_IWDG_Init
                0x08020420                HAL_IWDG_Refresh
 .text          0x0802042c      0x44c ./build/stm32h7xx_hal_flash.o
                0x0802042c                HAL_FLASH_EndOfOperationCallback
                0x0802042e                HAL_FLASH_OperationErrorCallback
                0x08020430                HAL_FLASH_IRQHandler
                0x08020530                HAL_FLASH_Unlock
                0x08020564                HAL_FLASH_Lock
                0x08020584                HAL_FLASH_OB_Unlock
                0x080205b8                HAL_FLASH_OB_Lock
                0x080205d8                HAL_FLASH_GetError
                0x080205e4                FLASH_WaitForLastOperation
                0x08020668                HAL_FLASH_Program
                0x080206f0                HAL_FLASH_Program_IT
                0x08020778                FLASH_OB_WaitForLastOperation
                0x080207d8                FLASH_CRC_WaitForLastOperation
                0x0802084c                HAL_FLASH_OB_Launch
 .text          0x08020878     0x15b0 ./build/stm32h7xx_hal_smartcard.o
                0x08020eba                HAL_SMARTCARD_MspInit
                0x08020ebc                HAL_SMARTCARD_Init
                0x08020f3c                HAL_SMARTCARD_MspDeInit
                0x08020f3e                HAL_SMARTCARD_DeInit
                0x08020f86                HAL_SMARTCARD_Transmit
                0x080210e4                HAL_SMARTCARD_Receive
                0x0802117c                HAL_SMARTCARD_Transmit_IT
                0x08021260                HAL_SMARTCARD_Receive_IT
                0x080212fc                HAL_SMARTCARD_Transmit_DMA
                0x080213f0                HAL_SMARTCARD_Receive_DMA
                0x08021494                HAL_SMARTCARD_Abort
                0x08021544                HAL_SMARTCARD_AbortTransmit
                0x080215ba                HAL_SMARTCARD_AbortReceive
                0x0802163c                HAL_SMARTCARD_TxCpltCallback
                0x08021700                HAL_SMARTCARD_RxCpltCallback
                0x0802185c                HAL_SMARTCARD_ErrorCallback
                0x080218b6                HAL_SMARTCARD_IRQHandler
                0x08021b58                HAL_SMARTCARD_AbortCpltCallback
                0x08021b5a                HAL_SMARTCARD_Abort_IT
                0x08021cac                HAL_SMARTCARD_AbortTransmitCpltCallback
                0x08021cae                HAL_SMARTCARD_AbortTransmit_IT
                0x08021d58                HAL_SMARTCARD_AbortReceiveCpltCallback
                0x08021d5a                HAL_SMARTCARD_AbortReceive_IT
                0x08021e16                HAL_SMARTCARD_GetState
                0x08021e22                HAL_SMARTCARD_GetError
 .text          0x08021e28      0x214 ./build/stm32h7xx_hal_pwr.o
                0x08021e28                HAL_PWR_DeInit
                0x08021e2a                HAL_PWR_EnableBkUpAccess
                0x08021e3c                HAL_PWR_DisableBkUpAccess
                0x08021e4c                HAL_PWR_ConfigPVD
                0x08021eec                HAL_PWR_EnablePVD
                0x08021efc                HAL_PWR_DisablePVD
                0x08021f0c                HAL_PWR_EnableWakeUpPin
                0x08021f24                HAL_PWR_DisableWakeUpPin
                0x08021f38                HAL_PWR_EnterSLEEPMode
                0x08021f54                HAL_PWR_EnterSTOPMode
                0x08021fa0                HAL_PWR_EnterSTANDBYMode
                0x08021fd0                HAL_PWR_EnableSleepOnExit
                0x08021fe0                HAL_PWR_DisableSleepOnExit
                0x08021ff0                HAL_PWR_EnableSEVOnPend
                0x08022000                HAL_PWR_DisableSEVOnPend
                0x08022010                HAL_PWR_PVDCallback
                0x08022012                HAL_PWR_PVD_IRQHandler
 .text          0x0802203c      0x9a8 ./build/stm32h7xx_hal_rtc.o
                0x0802203c                HAL_RTC_MspInit
                0x0802203e                HAL_RTC_MspDeInit
                0x08022040                HAL_RTC_DeactivateAlarm
                0x0802210a                HAL_RTC_AlarmAEventCallback
                0x0802210c                HAL_RTC_AlarmIRQHandler
                0x0802216a                HAL_RTC_PollForAlarmAEvent
                0x080221b0                HAL_RTC_WaitForSynchro
                0x080221e2                HAL_RTC_GetState
                0x080221e8                RTC_EnterInitMode
                0x0802222c                RTC_ExitInitMode
                0x0802227c                HAL_RTC_Init
                0x08022314                HAL_RTC_DeInit
                0x080223e8                RTC_ByteToBcd2
                0x080223fe                HAL_RTC_SetTime
                0x080224c8                HAL_RTC_SetDate
                0x08022570                HAL_RTC_SetAlarm
                0x080226fa                HAL_RTC_SetAlarm_IT
                0x0802289c                RTC_Bcd2ToByte
                0x080228ae                HAL_RTC_GetTime
                0x080228fa                HAL_RTC_GetDate
                0x08022936                HAL_RTC_GetAlarm
 .text          0x080229e4      0x24c ./build/stm32h7xx_hal_ramecc.o
                0x080229e4                HAL_RAMECC_Init
                0x08022a26                HAL_RAMECC_DeInit
                0x08022a64                HAL_RAMECC_StartMonitor
                0x08022a8a                HAL_RAMECC_StopMonitor
                0x08022ab0                HAL_RAMECC_EnableNotification
                0x08022b14                HAL_RAMECC_DisableNotification
                0x08022b7c                HAL_RAMECC_RegisterCallback
                0x08022ba0                HAL_RAMECC_UnRegisterCallback
                0x08022bb8                HAL_RAMECC_IRQHandler
                0x08022bf4                HAL_RAMECC_GetFailingAddress
                0x08022bfa                HAL_RAMECC_GetFailingDataLow
                0x08022c00                HAL_RAMECC_GetFailingDataHigh
                0x08022c06                HAL_RAMECC_GetHammingErrorCode
                0x08022c0c                HAL_RAMECC_IsECCSingleErrorDetected
                0x08022c1a                HAL_RAMECC_IsECCDoubleErrorDetected
                0x08022c28                HAL_RAMECC_GetState
                0x08022c2c                HAL_RAMECC_GetError
 .text          0x08022c30      0x2f0 ./build/stm32h7xx_ll_usart.o
                0x08022c30                LL_USART_DeInit
                0x08022d78                LL_USART_Init
                0x08022ecc                LL_USART_StructInit
                0x08022ee6                LL_USART_ClockInit
                0x08022f14                LL_USART_ClockStructInit
 .text          0x08022f20      0xb30 ./build/stm32h7xx_hal_spdifrx.o
                0x08022fd0                HAL_SPDIFRX_MspInit
                0x08022fd2                HAL_SPDIFRX_Init
                0x08023060                HAL_SPDIFRX_MspDeInit
                0x08023062                HAL_SPDIFRX_DeInit
                0x0802308e                HAL_SPDIFRX_SetDataFormat
                0x080230ea                HAL_SPDIFRX_ReceiveDataFlow
                0x080231a0                HAL_SPDIFRX_ReceiveCtrlFlow
                0x08023256                HAL_SPDIFRX_ReceiveDataFlow_IT
                0x08023384                HAL_SPDIFRX_ReceiveCtrlFlow_IT
                0x080234b4                HAL_SPDIFRX_ReceiveDataFlow_DMA
                0x0802360c                HAL_SPDIFRX_ReceiveCtrlFlow_DMA
                0x08023764                HAL_SPDIFRX_DMAStop
                0x080238a8                HAL_SPDIFRX_RxHalfCpltCallback
                0x080238b4                HAL_SPDIFRX_RxCpltCallback
                0x08023924                HAL_SPDIFRX_CxHalfCpltCallback
                0x08023930                HAL_SPDIFRX_CxCpltCallback
                0x08023996                HAL_SPDIFRX_ErrorCallback
                0x080239c6                HAL_SPDIFRX_IRQHandler
                0x08023a44                HAL_SPDIFRX_GetState
                0x08023a4a                HAL_SPDIFRX_GetError
 .text          0x08023a50       0x30 ./build/stm32h7xx_ll_crc.o
                0x08023a50                LL_CRC_DeInit
 .text          0x08023a80      0x1cc ./build/stm32h7xx_hal_mdios.o
                0x08023a80                HAL_MDIOS_MspInit
                0x08023a82                HAL_MDIOS_Init
                0x08023ac4                HAL_MDIOS_MspDeInit
                0x08023ac6                HAL_MDIOS_DeInit
                0x08023aea                HAL_MDIOS_WriteReg
                0x08023b0c                HAL_MDIOS_ReadReg
                0x08023b30                HAL_MDIOS_GetWrittenRegAddress
                0x08023b36                HAL_MDIOS_GetReadRegAddress
                0x08023b3c                HAL_MDIOS_ClearWriteRegAddress
                0x08023b5a                HAL_MDIOS_ClearReadRegAddress
                0x08023b78                HAL_MDIOS_EnableEvents
                0x08023b98                HAL_MDIOS_WriteCpltCallback
                0x08023b9a                HAL_MDIOS_ReadCpltCallback
                0x08023b9c                HAL_MDIOS_ErrorCallback
                0x08023b9e                HAL_MDIOS_WakeUpCallback
                0x08023ba0                HAL_MDIOS_IRQHandler
                0x08023c42                HAL_MDIOS_GetError
                0x08023c46                HAL_MDIOS_GetState
 .text          0x08023c4c      0x15c ./build/stm32h7xx_hal_spi_ex.o
                0x08023c4c                HAL_SPIEx_FlushRxFifo
                0x08023ca8                HAL_SPIEx_EnableLockConfiguration
                0x08023d14                HAL_SPIEx_ConfigureUnderrun
 .text          0x08023da8        0x0 ./build/stm32h7xx_ll_cordic.o
 .text          0x08023da8      0x558 ./build/stm32h7xx_hal_uart_ex.o
                0x08023e1c                HAL_RS485Ex_Init
                0x08023ea4                HAL_UARTEx_WakeupCallback
                0x08023ea6                HAL_UARTEx_RxFifoFullCallback
                0x08023ea8                HAL_UARTEx_TxFifoEmptyCallback
                0x08023eaa                HAL_MultiProcessorEx_AddressLength_Set
                0x08023ee2                HAL_UARTEx_StopModeWakeUpSourceConfig
                0x08023f64                HAL_UARTEx_EnableStopMode
                0x08023f92                HAL_UARTEx_DisableStopMode
                0x08023fc0                HAL_UARTEx_EnableFifoMode
                0x08024008                HAL_UARTEx_DisableFifoMode
                0x08024046                HAL_UARTEx_SetTxFifoThreshold
                0x08024090                HAL_UARTEx_SetRxFifoThreshold
                0x080240da                HAL_UARTEx_ReceiveToIdle
                0x0802424a                HAL_UARTEx_ReceiveToIdle_IT
                0x080242a4                HAL_UARTEx_ReceiveToIdle_DMA
 .text          0x08024300     0x10bc ./build/stm32h7xx_hal_dfsdm.o
                0x0802450e                HAL_DFSDM_ChannelMspInit
                0x08024510                HAL_DFSDM_ChannelInit
                0x08024614                HAL_DFSDM_ChannelMspDeInit
                0x08024616                HAL_DFSDM_ChannelDeInit
                0x08024678                HAL_DFSDM_ChannelCkabStart
                0x080246d8                HAL_DFSDM_ChannelPollForCkab
                0x08024738                HAL_DFSDM_ChannelCkabStop
                0x0802476c                HAL_DFSDM_ChannelCkabStart_IT
                0x080247d8                HAL_DFSDM_ChannelCkabCallback
                0x080247da                HAL_DFSDM_ChannelCkabStop_IT
                0x08024814                HAL_DFSDM_ChannelScdStart
                0x0802484c                HAL_DFSDM_ChannelPollForScd
                0x080248a8                HAL_DFSDM_ChannelScdStop
                0x080248dc                HAL_DFSDM_ChannelScdStart_IT
                0x08024924                HAL_DFSDM_ChannelScdCallback
                0x08024926                HAL_DFSDM_ChannelScdStop_IT
                0x08024960                HAL_DFSDM_ChannelGetAwdValue
                0x08024968                HAL_DFSDM_ChannelModifyOffset
                0x0802498a                HAL_DFSDM_ChannelGetState
                0x08024990                HAL_DFSDM_FilterMspInit
                0x08024992                HAL_DFSDM_FilterInit
                0x08024ab8                HAL_DFSDM_FilterMspDeInit
                0x08024aba                HAL_DFSDM_FilterDeInit
                0x08024ada                HAL_DFSDM_FilterConfigRegChannel
                0x08024b28                HAL_DFSDM_FilterConfigInjChannel
                0x08024b5a                HAL_DFSDM_FilterRegularStart
                0x08024b74                HAL_DFSDM_FilterRegularStop
                0x08024b8e                HAL_DFSDM_FilterRegularStart_IT
                0x08024bb2                HAL_DFSDM_FilterRegularStop_IT
                0x08024bd6                HAL_DFSDM_FilterRegularStart_DMA
                0x08024c80                HAL_DFSDM_FilterRegularMsbStart_DMA
                0x08024d2c                HAL_DFSDM_FilterRegularStop_DMA
                0x08024d5e                HAL_DFSDM_FilterGetRegularValue
                0x08024d6c                HAL_DFSDM_FilterInjectedStart
                0x08024d86                HAL_DFSDM_FilterInjectedStop
                0x08024da0                HAL_DFSDM_FilterInjectedStart_IT
                0x08024dc4                HAL_DFSDM_FilterInjectedStop_IT
                0x08024de8                HAL_DFSDM_FilterInjectedStart_DMA
                0x08024e8c                HAL_DFSDM_FilterInjectedMsbStart_DMA
                0x08024f30                HAL_DFSDM_FilterInjectedStop_DMA
                0x08024f62                HAL_DFSDM_FilterGetInjectedValue
                0x08024f70                HAL_DFSDM_FilterAwdStart_IT
                0x08024fea                HAL_DFSDM_FilterAwdStop_IT
                0x08025034                HAL_DFSDM_FilterExdStart
                0x08025064                HAL_DFSDM_FilterExdStop
                0x08025094                HAL_DFSDM_FilterGetExdMaxValue
                0x080250a2                HAL_DFSDM_FilterGetExdMinValue
                0x080250b0                HAL_DFSDM_FilterGetConvTimeValue
                0x080250b8                HAL_DFSDM_FilterRegConvCpltCallback
                0x080250c4                HAL_DFSDM_FilterRegConvHalfCpltCallback
                0x080250d0                HAL_DFSDM_FilterInjConvCpltCallback
                0x080250dc                HAL_DFSDM_FilterInjConvHalfCpltCallback
                0x080250e8                HAL_DFSDM_FilterAwdCallback
                0x080250ea                HAL_DFSDM_FilterErrorCallback
                0x080250ec                HAL_DFSDM_FilterPollForRegConversion
                0x08025174                HAL_DFSDM_FilterPollForInjConversion
                0x08025202                HAL_DFSDM_IRQHandler
                0x080253b0                HAL_DFSDM_FilterGetState
                0x080253b6                HAL_DFSDM_FilterGetError
 .text          0x080253bc      0x2d4 ./build/stm32h7xx_hal_cortex.o
                0x080253bc                HAL_NVIC_SetPriorityGrouping
                0x080253e0                HAL_NVIC_SetPriority
                0x0802544c                HAL_NVIC_EnableIRQ
                0x08025468                HAL_NVIC_DisableIRQ
                0x0802548c                HAL_NVIC_SystemReset
                0x080254b0                HAL_SYSTICK_Config
                0x080254d8                HAL_MPU_Disable
                0x080254f4                HAL_MPU_Enable
                0x08025514                HAL_MPU_ConfigRegion
                0x08025574                HAL_NVIC_GetPriorityGrouping
                0x08025584                HAL_NVIC_GetPriority
                0x080255e0                HAL_NVIC_SetPendingIRQ
                0x080255fc                HAL_NVIC_GetPendingIRQ
                0x08025620                HAL_NVIC_ClearPendingIRQ
                0x0802563c                HAL_NVIC_GetActive
                0x08025660                HAL_SYSTICK_CLKSourceConfig
                0x08025680                HAL_SYSTICK_Callback
                0x08025682                HAL_SYSTICK_IRQHandler
                0x0802568a                HAL_GetCurrentCPUID
 .text          0x08025690       0xe4 ./build/stm32h7xx_hal_hsem.o
                0x08025690                HAL_HSEM_Take
                0x080256b4                HAL_HSEM_FastTake
                0x080256d4                HAL_HSEM_IsSemTaken
                0x080256ec                HAL_HSEM_Release
                0x080256fc                HAL_HSEM_ReleaseAll
                0x08025710                HAL_HSEM_SetClearKey
                0x08025728                HAL_HSEM_GetClearKey
                0x08025738                HAL_HSEM_ActivateNotification
                0x08025748                HAL_HSEM_DeactivateNotification
                0x08025758                HAL_HSEM_FreeCallback
                0x0802575a                HAL_HSEM_IRQHandler
 .text          0x08025774      0x434 ./build/stm32h7xx_ll_fmc.o
                0x08025774                FMC_NORSRAM_Init
                0x08025808                FMC_NORSRAM_DeInit
                0x0802583c                FMC_NORSRAM_Timing_Init
                0x080258a0                FMC_NORSRAM_Extended_Timing_Init
                0x080258e4                FMC_NORSRAM_WriteOperation_Enable
                0x080258f4                FMC_NORSRAM_WriteOperation_Disable
                0x08025904                FMC_NAND_Init
                0x0802593c                FMC_NAND_CommonSpace_Timing_Init
                0x08025958                FMC_NAND_AttributeSpace_Timing_Init
                0x08025974                FMC_NAND_DeInit
                0x08025990                FMC_NAND_ECC_Enable
                0x0802599c                FMC_NAND_ECC_Disable
                0x080259a8                FMC_NAND_GetECC
                0x080259e2                FMC_SDRAM_Init
                0x08025a58                FMC_SDRAM_Timing_Init
                0x08025b00                FMC_SDRAM_DeInit
                0x08025b1e                FMC_SDRAM_WriteProtection_Enable
                0x08025b2e                FMC_SDRAM_WriteProtection_Disable
                0x08025b3e                FMC_SDRAM_SendCommand
                0x08025b6c                FMC_SDRAM_ProgramRefreshRate
                0x08025b80                FMC_SDRAM_SetAutoRefreshNumber
                0x08025b92                FMC_SDRAM_GetModeStatus
 .text          0x08025ba8        0x0 ./build/stm32h7xx_hal_rng_ex.o
 .text          0x08025ba8      0x210 ./build/stm32h7xx_hal_smartcard_ex.o
                0x08025bf0                HAL_SMARTCARDEx_BlockLength_Config
                0x08025c00                HAL_SMARTCARDEx_TimeOut_Config
                0x08025c0e                HAL_SMARTCARDEx_EnableReceiverTimeOut
                0x08025c4c                HAL_SMARTCARDEx_DisableReceiverTimeOut
                0x08025c8a                HAL_SMARTCARDEx_RxFifoFullCallback
                0x08025c8c                HAL_SMARTCARDEx_TxFifoEmptyCallback
                0x08025c8e                HAL_SMARTCARDEx_EnableFifoMode
                0x08025cd6                HAL_SMARTCARDEx_DisableFifoMode
                0x08025d14                HAL_SMARTCARDEx_SetTxFifoThreshold
                0x08025d66                HAL_SMARTCARDEx_SetRxFifoThreshold
 .text          0x08025db8       0x24 ./build/stm32h7xx_ll_crs.o
                0x08025db8                LL_CRS_DeInit
 .text          0x08025ddc      0xd4c ./build/stm32h7xx_hal_lptim.o
                0x08025e18                HAL_LPTIM_MspInit
                0x08025e1a                HAL_LPTIM_Init
                0x08025eec                HAL_LPTIM_MspDeInit
                0x08025eee                HAL_LPTIM_PWM_Start
                0x08025f4a                HAL_LPTIM_OnePulse_Start
                0x08025fac                HAL_LPTIM_SetOnce_Start
                0x0802600c                HAL_LPTIM_Encoder_Start
                0x08026060                HAL_LPTIM_TimeOut_Start
                0x080260bc                HAL_LPTIM_Counter_Start
                0x08026114                HAL_LPTIM_ReadCounter
                0x0802611a                HAL_LPTIM_ReadAutoReload
                0x08026120                HAL_LPTIM_ReadCapturedValue
                0x08026126                HAL_LPTIM_CompareMatchCallback
                0x08026128                HAL_LPTIM_AutoReloadMatchCallback
                0x0802612a                HAL_LPTIM_TriggerCallback
                0x0802612c                HAL_LPTIM_CompareWriteCallback
                0x0802612e                HAL_LPTIM_AutoReloadWriteCallback
                0x08026130                HAL_LPTIM_DirectionUpCallback
                0x08026132                HAL_LPTIM_DirectionDownCallback
                0x08026134                HAL_LPTIM_IRQHandler
                0x0802620a                HAL_LPTIM_GetState
                0x08026210                LPTIM_Disable
                0x080264a8                HAL_LPTIM_DeInit
                0x080264d8                HAL_LPTIM_PWM_Stop
                0x080264fa                HAL_LPTIM_PWM_Start_IT
                0x080265ac                HAL_LPTIM_PWM_Stop_IT
                0x0802660a                HAL_LPTIM_OnePulse_Stop
                0x0802662c                HAL_LPTIM_OnePulse_Start_IT
                0x080266e4                HAL_LPTIM_OnePulse_Stop_IT
                0x08026742                HAL_LPTIM_SetOnce_Stop
                0x08026764                HAL_LPTIM_SetOnce_Start_IT
                0x0802681c                HAL_LPTIM_SetOnce_Stop_IT
                0x0802687a                HAL_LPTIM_Encoder_Stop
                0x080268a6                HAL_LPTIM_Encoder_Start_IT
                0x08026928                HAL_LPTIM_Encoder_Stop_IT
                0x08026968                HAL_LPTIM_TimeOut_Stop
                0x08026994                HAL_LPTIM_TimeOut_Start_IT
                0x08026a14                HAL_LPTIM_TimeOut_Stop_IT
                0x08026a4a                HAL_LPTIM_Counter_Stop
                0x08026a6c                HAL_LPTIM_Counter_Start_IT
                0x08026af2                HAL_LPTIM_Counter_Stop_IT
 .text          0x08026b28      0x134 ./build/stm32h7xx_ll_i2c.o
                0x08026b28                LL_I2C_DeInit
                0x08026bd4                LL_I2C_Init
                0x08026c44                LL_I2C_StructInit
 .text          0x08026c5c      0x430 ./build/stm32h7xx_hal_comp.o
                0x08026c5c                HAL_COMP_MspInit
                0x08026c5e                HAL_COMP_Init
                0x08026e00                HAL_COMP_MspDeInit
                0x08026e02                HAL_COMP_DeInit
                0x08026e2c                HAL_COMP_Start
                0x08026e90                HAL_COMP_Stop
                0x08026ebe                HAL_COMP_Start_IT
                0x08026f2c                HAL_COMP_Stop_IT
                0x08026f68                HAL_COMP_Lock
                0x08026fac                HAL_COMP_GetOutputLevel
                0x08026fd0                HAL_COMP_TriggerCallback
                0x08026fd2                HAL_COMP_IRQHandler
                0x08027078                HAL_COMP_GetState
                0x08027086                HAL_COMP_GetError
 .text          0x0802708c      0x2cc ./build/stm32h7xx_ll_gpio.o
                0x0802708c                LL_GPIO_DeInit
                0x08027264                LL_GPIO_Init
                0x08027340                LL_GPIO_StructInit
 .text          0x08027358     0x20d4 ./build/stm32h7xx_hal_mmc.o
                0x08027920                HAL_MMC_MspInit
                0x08027922                HAL_MMC_MspDeInit
                0x08027924                HAL_MMC_DeInit
                0x08027948                HAL_MMC_ReadBlocks
                0x08027b50                HAL_MMC_WriteBlocks
                0x08027d6c                HAL_MMC_ReadBlocks_IT
                0x08027e60                HAL_MMC_WriteBlocks_IT
                0x08027f54                HAL_MMC_ReadBlocks_DMA
                0x08028054                HAL_MMC_WriteBlocks_DMA
                0x08028158                HAL_MMC_Erase
                0x08028268                HAL_MMC_GetState
                0x0802826e                HAL_MMC_GetError
                0x08028272                HAL_MMC_TxCpltCallback
                0x08028274                HAL_MMC_RxCpltCallback
                0x08028276                HAL_MMC_ErrorCallback
                0x08028278                HAL_MMC_AbortCallback
                0x0802827a                HAL_MMC_GetCardCID
                0x080282cc                HAL_MMC_GetCardCSD
                0x08028490                HAL_MMC_GetCardInfo
                0x080284b0                HAL_MMC_GetCardExtCSD
                0x0802872c                HAL_MMC_InitCard
                0x080287f0                HAL_MMC_ConfigWideBusOperation
                0x0802891c                HAL_MMC_Init
                0x08028966                HAL_MMC_GetCardState
                0x08028988                HAL_MMC_ConfigSpeedBusOperation
                0x08028b18                HAL_MMC_Abort
                0x08028b60                HAL_MMC_Abort_IT
                0x08028bac                HAL_MMC_EraseSequence
                0x08028ce0                HAL_MMC_Sanitize
                0x08028dc8                HAL_MMC_GetSupportedSecRemovalType
                0x08028df0                HAL_MMC_ConfigSecRemovalType
                0x08028ed8                HAL_MMC_SleepDevice
                0x080290b8                HAL_MMC_AwakeDevice
                0x08029200                HAL_MMCEx_Read_DMADoubleBuf0CpltCallback
                0x08029202                HAL_MMCEx_Read_DMADoubleBuf1CpltCallback
                0x08029204                HAL_MMCEx_Write_DMADoubleBuf0CpltCallback
                0x08029206                HAL_MMCEx_Write_DMADoubleBuf1CpltCallback
                0x08029208                HAL_MMC_IRQHandler
 .text          0x0802942c     0x1d84 ./build/stm32h7xx_hal_spi.o
                0x0802971e                HAL_SPI_Init
                0x08029944                HAL_SPI_MspDeInit
                0x08029946                HAL_SPI_DeInit
                0x08029974                HAL_SPI_Transmit
                0x08029c38                HAL_SPI_TransmitReceive
                0x08029f4a                HAL_SPI_Receive
                0x0802a1b8                HAL_SPI_Transmit_IT
                0x0802a298                HAL_SPI_TransmitReceive_IT
                0x0802a4cc                HAL_SPI_Receive_IT
                0x0802a5d8                HAL_SPI_Transmit_DMA
                0x0802a794                HAL_SPI_TransmitReceive_DMA
                0x0802aa10                HAL_SPI_Receive_DMA
                0x0802abec                HAL_SPI_Abort
                0x0802acdc                HAL_SPI_DMAPause
                0x0802acec                HAL_SPI_DMAResume
                0x0802acfc                HAL_SPI_DMAStop
                0x0802ad0c                HAL_SPI_TxCpltCallback
                0x0802ad38                HAL_SPI_RxCpltCallback
                0x0802ad64                HAL_SPI_TxRxCpltCallback
                0x0802ad90                HAL_SPI_TxHalfCpltCallback
                0x0802ad9c                HAL_SPI_RxHalfCpltCallback
                0x0802ada8                HAL_SPI_TxRxHalfCpltCallback
                0x0802adb4                HAL_SPI_ErrorCallback
                0x0802ade4                HAL_SPI_IRQHandler
                0x0802b03e                HAL_SPI_AbortCpltCallback
                0x0802b040                HAL_SPI_Abort_IT
                0x0802b1a4                HAL_SPI_GetState
                0x0802b1aa                HAL_SPI_GetError
 .text          0x0802b1b0      0x618 ./build/stm32h7xx_ll_rtc.o
                0x0802b1b0                LL_RTC_StructInit
                0x0802b1be                LL_RTC_TIME_StructInit
                0x0802b1ca                LL_RTC_DATE_StructInit
                0x0802b1d8                LL_RTC_ALMA_Init
                0x0802b310                LL_RTC_ALMB_Init
                0x0802b448                LL_RTC_ALMA_StructInit
                0x0802b45c                LL_RTC_ALMB_StructInit
                0x0802b470                LL_RTC_EnterInitMode
                0x0802b4c8                LL_RTC_Init
                0x0802b518                LL_RTC_ExitInitMode
                0x0802b522                LL_RTC_WaitForSynchro
                0x0802b5b4                LL_RTC_DeInit
                0x0802b608                LL_RTC_TIME_Init
                0x0802b6ec                LL_RTC_DATE_Init
 .text          0x0802b7c8     0x268c ./build/stm32h7xx_hal_uart.o