Archive member included to satisfy reference by file (symbol)

d:/software/work/gcc-arm-none-eabi-10.3-2021.07/bin/../lib/gcc/arm-none-eabi/10.3.1/thumb/v7e-m+dp/hard\libgcc.a(_aeabi_uldivmod.o)
                              ./build/stm32h7xx_ll_lpuart.o (__aeabi_uldivmod)
d:/software/work/gcc-arm-none-eabi-10.3-2021.07/bin/../lib/gcc/arm-none-eabi/10.3.1/thumb/v7e-m+dp/hard\libgcc.a(_udivmoddi4.o)
                              d:/software/work/gcc-arm-none-eabi-10.3-2021.07/bin/../lib/gcc/arm-none-eabi/10.3.1/thumb/v7e-m+dp/hard\libgcc.a(_aeabi_uldivmod.o) (__udivmoddi4)
d:/software/work/gcc-arm-none-eabi-10.3-2021.07/bin/../lib/gcc/arm-none-eabi/10.3.1/thumb/v7e-m+dp/hard\libgcc.a(_dvmd_tls.o)
                              d:/software/work/gcc-arm-none-eabi-10.3-2021.07/bin/../lib/gcc/arm-none-eabi/10.3.1/thumb/v7e-m+dp/hard\libgcc.a(_aeabi_uldivmod.o) (__aeabi_ldiv0)
d:/software/work/gcc-arm-none-eabi-10.3-2021.07/bin/../lib/gcc/arm-none-eabi/10.3.1/../../../../arm-none-eabi/lib/thumb/v7e-m+dp/hard\libc.a(lib_a-atoi.o)
                              ./build/adc.o (atoi)
d:/software/work/gcc-arm-none-eabi-10.3-2021.07/bin/../lib/gcc/arm-none-eabi/10.3.1/../../../../arm-none-eabi/lib/thumb/v7e-m+dp/hard\libc.a(lib_a-exit.o)
                              d:/software/work/gcc-arm-none-eabi-10.3-2021.07/bin/../lib/gcc/arm-none-eabi/10.3.1/../../../../arm-none-eabi/lib/thumb/v7e-m+dp/hard/crt0.o (exit)
d:/software/work/gcc-arm-none-eabi-10.3-2021.07/bin/../lib/gcc/arm-none-eabi/10.3.1/../../../../arm-none-eabi/lib/thumb/v7e-m+dp/hard\libc.a(lib_a-impure.o)
                              d:/software/work/gcc-arm-none-eabi-10.3-2021.07/bin/../lib/gcc/arm-none-eabi/10.3.1/../../../../arm-none-eabi/lib/thumb/v7e-m+dp/hard\libc.a(lib_a-exit.o) (_global_impure_ptr)
d:/software/work/gcc-arm-none-eabi-10.3-2021.07/bin/../lib/gcc/arm-none-eabi/10.3.1/../../../../arm-none-eabi/lib/thumb/v7e-m+dp/hard\libc.a(lib_a-init.o)
                              d:/software/work/gcc-arm-none-eabi-10.3-2021.07/bin/../lib/gcc/arm-none-eabi/10.3.1/../../../../arm-none-eabi/lib/thumb/v7e-m+dp/hard/crt0.o (__libc_init_array)
d:/software/work/gcc-arm-none-eabi-10.3-2021.07/bin/../lib/gcc/arm-none-eabi/10.3.1/../../../../arm-none-eabi/lib/thumb/v7e-m+dp/hard\libc.a(lib_a-memcmp.o)
                              ./build/shell.o (memcmp)
d:/software/work/gcc-arm-none-eabi-10.3-2021.07/bin/../lib/gcc/arm-none-eabi/10.3.1/../../../../arm-none-eabi/lib/thumb/v7e-m+dp/hard\libc.a(lib_a-memcpy.o)
                              ./build/stm32h7xx_hal_fdcan.o (memcpy)
d:/software/work/gcc-arm-none-eabi-10.3-2021.07/bin/../lib/gcc/arm-none-eabi/10.3.1/../../../../arm-none-eabi/lib/thumb/v7e-m+dp/hard\libc.a(lib_a-memset.o)
                              d:/software/work/gcc-arm-none-eabi-10.3-2021.07/bin/../lib/gcc/arm-none-eabi/10.3.1/../../../../arm-none-eabi/lib/thumb/v7e-m+dp/hard/crt0.o (memset)
d:/software/work/gcc-arm-none-eabi-10.3-2021.07/bin/../lib/gcc/arm-none-eabi/10.3.1/../../../../arm-none-eabi/lib/thumb/v7e-m+dp/hard\libc.a(lib_a-strcat.o)
                              ./build/sensor.o (strcat)
d:/software/work/gcc-arm-none-eabi-10.3-2021.07/bin/../lib/gcc/arm-none-eabi/10.3.1/../../../../arm-none-eabi/lib/thumb/v7e-m+dp/hard\libc.a(lib_a-strcmp.o)
                              ./build/adc.o (strcmp)
d:/software/work/gcc-arm-none-eabi-10.3-2021.07/bin/../lib/gcc/arm-none-eabi/10.3.1/../../../../arm-none-eabi/lib/thumb/v7e-m+dp/hard\libc.a(lib_a-strcpy.o)
                              ./build/shell.o (strcpy)
d:/software/work/gcc-arm-none-eabi-10.3-2021.07/bin/../lib/gcc/arm-none-eabi/10.3.1/../../../../arm-none-eabi/lib/thumb/v7e-m+dp/hard\libc.a(lib_a-strlen.o)
                              ./build/msh.o (strlen)
d:/software/work/gcc-arm-none-eabi-10.3-2021.07/bin/../lib/gcc/arm-none-eabi/10.3.1/../../../../arm-none-eabi/lib/thumb/v7e-m+dp/hard\libc.a(lib_a-strncmp.o)
                              ./build/msh.o (strncmp)
d:/software/work/gcc-arm-none-eabi-10.3-2021.07/bin/../lib/gcc/arm-none-eabi/10.3.1/../../../../arm-none-eabi/lib/thumb/v7e-m+dp/hard\libc.a(lib_a-strncpy.o)
                              ./build/shell.o (strncpy)
d:/software/work/gcc-arm-none-eabi-10.3-2021.07/bin/../lib/gcc/arm-none-eabi/10.3.1/../../../../arm-none-eabi/lib/thumb/v7e-m+dp/hard\libc.a(lib_a-strtol.o)
                              d:/software/work/gcc-arm-none-eabi-10.3-2021.07/bin/../lib/gcc/arm-none-eabi/10.3.1/../../../../arm-none-eabi/lib/thumb/v7e-m+dp/hard\libc.a(lib_a-atoi.o) (_strtol_r)
d:/software/work/gcc-arm-none-eabi-10.3-2021.07/bin/../lib/gcc/arm-none-eabi/10.3.1/../../../../arm-none-eabi/lib/thumb/v7e-m+dp/hard\libc.a(lib_a-__call_atexit.o)
                              d:/software/work/gcc-arm-none-eabi-10.3-2021.07/bin/../lib/gcc/arm-none-eabi/10.3.1/../../../../arm-none-eabi/lib/thumb/v7e-m+dp/hard\libc.a(lib_a-exit.o) (__call_exitprocs)
[...]
Memory Configuration

Name             Origin             Length             Attributes
FLASH            0x08000000         0x00200000         xr
RAM              0x20000000         0x00020000         xrw
ITCMRAM          0x00000000         0x00010000         xrw
*default*        0x00000000         0xffffffff

Linker script and memory map

LOAD d:/software/work/gcc-arm-none-eabi-10.3-2021.07/bin/../lib/gcc/arm-none-eabi/10.3.1/thumb/v7e-m+dp/hard/crti.o
LOAD d:/software/work/gcc-arm-none-eabi-10.3-2021.07/bin/../lib/gcc/arm-none-eabi/10.3.1/thumb/v7e-m+dp/hard/crtbegin.o
LOAD d:/software/work/gcc-arm-none-eabi-10.3-2021.07/bin/../lib/gcc/arm-none-eabi/10.3.1/../../../../arm-none-eabi/lib/thumb/v7e-m+dp/hard/crt0.o
LOAD ./build/drv_usart_v2.o
LOAD ./build/drv_soft_i2c.o
LOAD ./build/drv_gpio.o
LOAD ./build/drv_spi.o
LOAD ./build/drv_adc.o
LOAD ./build/drv_common.o
LOAD ./build/drv_fdcan.o
LOAD ./build/drv_flash_h7.o
LOAD ./build/system_stm32h7xx.o
LOAD ./build/stm32h7xx_ll_dma.o
LOAD ./build/stm32h7xx_hal_cryp.o
LOAD ./build/stm32h7xx_hal_hrtim.o
LOAD ./build/stm32h7xx_hal.o
LOAD ./build/stm32h7xx_hal_rcc_ex.o
LOAD ./build/stm32h7xx_hal_fdcan.o
LOAD ./build/stm32h7xx_hal_sd_ex.o
LOAD ./build/stm32h7xx_hal_hcd.o
LOAD ./build/stm32h7xx_hal_tim.o
LOAD ./build/stm32h7xx_hal_pcd.o
LOAD ./build/stm32h7xx_hal_dcmi.o
LOAD ./build/stm32h7xx_hal_usart.o
LOAD ./build/stm32h7xx_hal_crc.o
LOAD ./build/stm32h7xx_hal_opamp_ex.o
LOAD ./build/stm32h7xx_hal_dac.o
LOAD ./build/stm32h7xx_hal_pwr_ex.o
LOAD ./build/stm32h7xx_hal_cordic.o
LOAD ./build/stm32h7xx_hal_dsi.o
LOAD ./build/stm32h7xx_ll_adc.o
LOAD ./build/stm32h7xx_ll_swpmi.o
LOAD ./build/stm32h7xx_hal_msp_template.o
LOAD ./build/stm32h7xx_hal_opamp.o
LOAD ./build/stm32h7xx_hal_rcc.o
LOAD ./build/stm32h7xx_hal_exti.o
LOAD ./build/stm32h7xx_hal_sd.o
LOAD ./build/stm32h7xx_ll_lpuart.o
LOAD ./build/stm32h7xx_hal_eth.o
LOAD ./build/stm32h7xx_hal_i2s_ex.o
LOAD ./build/stm32h7xx_hal_dma2d.o
LOAD ./build/stm32h7xx_hal_i2c.o
LOAD ./build/stm32h7xx_hal_iwdg.o
LOAD ./build/stm32h7xx_hal_flash.o
LOAD ./build/stm32h7xx_hal_smartcard.o
LOAD ./build/stm32h7xx_hal_pwr.o
LOAD ./build/stm32h7xx_hal_rtc.o
LOAD ./build/stm32h7xx_hal_ramecc.o
LOAD ./build/stm32h7xx_ll_usart.o
LOAD ./build/stm32h7xx_hal_spdifrx.o
LOAD ./build/stm32h7xx_ll_crc.o
LOAD ./build/stm32h7xx_hal_mdios.o
LOAD ./build/stm32h7xx_hal_spi_ex.o
LOAD ./build/stm32h7xx_ll_cordic.o
LOAD ./build/stm32h7xx_hal_uart_ex.o
LOAD ./build/stm32h7xx_hal_dfsdm.o
LOAD ./build/stm32h7xx_hal_cortex.o
LOAD ./build/stm32h7xx_hal_hsem.o
LOAD ./build/stm32h7xx_ll_fmc.o
LOAD ./build/stm32h7xx_hal_rng_ex.o
LOAD ./build/stm32h7xx_hal_smartcard_ex.o
LOAD ./build/stm32h7xx_ll_crs.o
LOAD ./build/stm32h7xx_hal_lptim.o
LOAD ./build/stm32h7xx_ll_i2c.o
LOAD ./build/stm32h7xx_hal_comp.o
LOAD ./build/stm32h7xx_ll_gpio.o
LOAD ./build/stm32h7xx_hal_mmc.o
LOAD ./build/stm32h7xx_hal_spi.o
LOAD ./build/stm32h7xx_ll_rtc.o
LOAD ./build/stm32h7xx_hal_uart.o
LOAD ./build/stm32h7xx_hal_sdram.o
LOAD ./build/stm32h7xx_hal_wwdg.o
LOAD ./build/stm32h7xx_ll_pwr.o
LOAD ./build/stm32h7xx_hal_smbus_ex.o
LOAD ./build/stm32h7xx_hal_pssi.o
LOAD ./build/stm32h7xx_hal_rng.o
LOAD ./build/stm32h7xx_hal_flash_ex.o
LOAD ./build/stm32h7xx_ll_rcc.o
LOAD ./build/stm32h7xx_ll_usb.o
LOAD ./build/stm32h7xx_hal_irda.o
LOAD ./build/stm32h7xx_hal_nor.o
LOAD ./build/stm32h7xx_ll_exti.o
LOAD ./build/stm32h7xx_hal_smbus.o
LOAD ./build/stm32h7xx_ll_comp.o
LOAD ./build/stm32h7xx_hal_cec.o
LOAD ./build/stm32h7xx_ll_spi.o
LOAD ./build/stm32h7xx_ll_lptim.o
LOAD ./build/stm32h7xx_hal_dfsdm_ex.o
LOAD ./build/stm32h7xx_hal_dts.o
LOAD ./build/stm32h7xx_ll_hrtim.o
LOAD ./build/stm32h7xx_hal_dac_ex.o
LOAD ./build/stm32h7xx_ll_tim.o
LOAD ./build/stm32h7xx_hal_fmac.o
LOAD ./build/stm32h7xx_hal_i2c_ex.o
LOAD ./build/stm32h7xx_ll_bdma.o
LOAD ./build/stm32h7xx_hal_sram.o
LOAD ./build/stm32h7xx_hal_dma_ex.o
LOAD ./build/stm32h7xx_ll_rng.o
LOAD ./build/stm32h7xx_hal_ltdc_ex.o
LOAD ./build/stm32h7xx_hal_swpmi.o
LOAD ./build/stm32h7xx_hal_hash_ex.o
LOAD ./build/stm32h7xx_hal_qspi.o
LOAD ./build/stm32h7xx_hal_nand.o
LOAD ./build/stm32h7xx_hal_i2s.o
LOAD ./build/stm32h7xx_hal_sai_ex.o
LOAD ./build/stm32h7xx_ll_sdmmc.o
LOAD ./build/stm32h7xx_hal_ltdc.o
LOAD ./build/stm32h7xx_hal_dma.o
LOAD ./build/stm32h7xx_hal_mdma.o
LOAD ./build/stm32h7xx_hal_mmc_ex.o
LOAD ./build/stm32h7xx_hal_adc_ex.o
LOAD ./build/stm32h7xx_hal_tim_ex.o
LOAD ./build/stm32h7xx_hal_eth_ex.o
LOAD ./build/stm32h7xx_ll_fmac.o
LOAD ./build/stm32h7xx_ll_delayblock.o
LOAD ./build/stm32h7xx_ll_dma2d.o
LOAD ./build/stm32h7xx_hal_hash.o
LOAD ./build/stm32h7xx_ll_mdma.o
LOAD ./build/stm32h7xx_hal_cryp_ex.o
LOAD ./build/stm32h7xx_hal_sai.o
LOAD ./build/stm32h7xx_hal_gfxmmu.o
LOAD ./build/stm32h7xx_ll_utils.o
LOAD ./build/stm32h7xx_hal_gpio.o
LOAD ./build/stm32h7xx_hal_jpeg.o
LOAD ./build/stm32h7xx_hal_ospi.o
LOAD ./build/stm32h7xx_ll_opamp.o
LOAD ./build/stm32h7xx_hal_adc.o
LOAD ./build/stm32h7xx_hal_pcd_ex.o
LOAD ./build/stm32h7xx_ll_dac.o
LOAD ./build/stm32h7xx_hal_usart_ex.o
LOAD ./build/stm32h7xx_hal_crc_ex.o
LOAD ./build/stm32h7xx_hal_rtc_ex.o
LOAD ./build/stm32h7xx_hal_otfdec.o
LOAD ./build/main.o
LOAD ./build/stm32h7xx_it.o
LOAD ./build/stm32h7xx_hal_msp.o
LOAD ./build/bmi088_sample.o
LOAD ./build/sensor_intf_bmi088.o
LOAD ./build/bmi088.o
LOAD ./build/board.o
LOAD ./build/sensor_intf_hmc5883l.o
LOAD ./build/hmc5883l.o
LOAD ./build/sensor_intf_mmc5983ma.o
LOAD ./build/mmc5983ma.o
LOAD ./build/fport.o
LOAD ./build/spl06_001.o
LOAD ./build/audio_pipe.o
LOAD ./build/audio.o
LOAD ./build/can.o
LOAD ./build/i2c_dev.o
LOAD ./build/i2c-bit-ops.o
LOAD ./build/i2c_core.o
LOAD ./build/completion.o
LOAD ./build/waitqueue.o
LOAD ./build/pipe.o
LOAD ./build/ringbuffer.o
LOAD ./build/dataqueue.o
LOAD ./build/workqueue.o
LOAD ./build/ringblk_buf.o
LOAD ./build/adc.o
LOAD ./build/pin.o
LOAD ./build/sensor_cmd.o
LOAD ./build/sensor.o
LOAD ./build/serial_v2.o
LOAD ./build/spi_core.o
LOAD ./build/spi_msd.o
LOAD ./build/spi_dev.o
LOAD ./build/winusb.o
LOAD ./build/audio_mic.o
LOAD ./build/cdc_vcom.o
LOAD ./build/hid.o
LOAD ./build/mstorage.o
LOAD ./build/audio_speaker.o
LOAD ./build/ecm.o
LOAD ./build/rndis.o
LOAD ./build/usbdevice_core.o
LOAD ./build/usbdevice.o
LOAD ./build/cmd.o
LOAD ./build/msh.o
LOAD ./build/shell.o
LOAD ./build/msh_file.o
LOAD ./build/cpuport.o
LOAD ./build/components.o
LOAD ./build/timer.o
LOAD ./build/thread.o
LOAD ./build/slab.o
LOAD ./build/memheap.o
LOAD ./build/object.o
LOAD ./build/signal.o
LOAD ./build/cpu.o
LOAD ./build/device.o
LOAD ./build/ipc.o
LOAD ./build/kservice.o
LOAD ./build/clock.o
LOAD ./build/scheduler.o
LOAD ./build/irq.o
LOAD ./build/mempool.o
LOAD ./build/idle.o
LOAD ./build/mem.o
LOAD ./build/startup_stm32h750xx.o
LOAD ./build/context_gcc.o
START GROUP
LOAD d:/software/work/gcc-arm-none-eabi-10.3-2021.07/bin/../lib/gcc/arm-none-eabi/10.3.1/thumb/v7e-m+dp/hard\libgcc.a
LOAD d:/software/work/gcc-arm-none-eabi-10.3-2021.07/bin/../lib/gcc/arm-none-eabi/10.3.1/../../../../arm-none-eabi/lib/thumb/v7e-m+dp/hard\libc.a
END GROUP
LOAD d:/software/work/gcc-arm-none-eabi-10.3-2021.07/bin/../lib/gcc/arm-none-eabi/10.3.1/thumb/v7e-m+dp/hard/crtend.o
LOAD d:/software/work/gcc-arm-none-eabi-10.3-2021.07/bin/../lib/gcc/arm-none-eabi/10.3.1/thumb/v7e-m+dp/hard/crtn.o
                0x20020000                _estack = 0x20020000
                0x00000200                _Min_Heap_Size = 0x200
                0x00000400                _Min_Stack_Size = 0x400

.isr_vector     0x08000000      0x298
                0x08000000                . = ALIGN (0x4)
 *(.isr_vector)
 .isr_vector    0x08000000      0x298 ./build/startup_stm32h750xx.o
                0x08000000                g_pfnVectors
                0x08000298                . = ALIGN (0x4)

.text           0x080002c0    0x5de58
                0x080002c0                . = ALIGN (0x4)
 *(.text)
 .text          0x080002c0        0x0 d:/software/work/gcc-arm-none-eabi-10.3-2021.07/bin/../lib/gcc/arm-none-eabi/10.3.1/thumb/v7e-m+dp/hard/crti.o
 .text          0x080002c0       0x40 d:/software/work/gcc-arm-none-eabi-10.3-2021.07/bin/../lib/gcc/arm-none-eabi/10.3.1/thumb/v7e-m+dp/hard/crtbegin.o
 .text          0x08000300       0x7c d:/software/work/gcc-arm-none-eabi-10.3-2021.07/bin/../lib/gcc/arm-none-eabi/10.3.1/../../../../arm-none-eabi/lib/thumb/v7e-m+dp/hard/crt0.o
                0x08000300                _stack_init
                0x08000308                _start
                0x08000308                _mainCRTStartup
 .text          0x0800037c      0xc14 ./build/drv_usart_v2.o
                0x08000af4                stm32_uart_get_mask
                0x08000d60                USART1_IRQHandler
                0x08000d78                USART2_IRQHandler
                0x08000d90                USART3_IRQHandler
                0x08000da8                UART4_IRQHandler
                0x08000dc0                USART6_IRQHandler
                0x08000dd8                UART8_IRQHandler
                0x08000df0                HAL_UART_ErrorCallback
                0x08000e0c                HAL_UART_RxCpltCallback
                0x08000e34                HAL_UART_RxHalfCpltCallback
                0x08000e5c                HAL_UART_TxCpltCallback
                0x08000f1c                rt_hw_usart_init
 .text          0x08000f90      0x170 ./build/drv_soft_i2c.o
                0x08001084                rt_hw_i2c_init
 .text          0x08001100      0x64c ./build/drv_gpio.o
                0x0800151c                HAL_GPIO_EXTI_Callback
                0x0800155c                EXTI0_IRQHandler
                0x0800156e                EXTI1_IRQHandler
                0x08001580                EXTI2_IRQHandler
                0x08001592                EXTI3_IRQHandler
                0x080015a4                EXTI4_IRQHandler
                0x080015b6                EXTI9_5_IRQHandler
                0x080015e4                EXTI15_10_IRQHandler
                0x08001620                rt_hw_pin_init
 .text          0x0800174c      0x758 ./build/drv_spi.o
                0x080018c4                rt_hw_spi_init
                0x08001dbc                rt_hw_spi_device_attach
 .text          0x08001ea4        0x0 ./build/drv_adc.o
 .text          0x08001ea4      0x16c ./build/drv_common.o
                0x08001eac                rt_hw_systick_init
                0x08001edc                HAL_IncTick
                0x08001ef4                SysTick_Handler
                0x08001f16                HAL_GetTick
                0x08001f34                HAL_SuspendTick
                0x08001f36                HAL_ResumeTick
                0x08001f38                HAL_InitTick
                0x08001f42                _Error_Handler
                0x08001f6c                rt_hw_us_delay
                0x08001fb0                HAL_Delay
                0x08001fdc                rt_hw_board_init
 .text          0x08002010      0x7d8 ./build/drv_fdcan.o
                0x0800270c                HAL_FDCAN_RxFifo0Callback
                0x08002734                HAL_FDCAN_TxBufferCompleteCallback
                0x08002758                HAL_FDCAN_TxFifoEmptyCallback
                0x0800275a                HAL_FDCAN_TxBufferAbortCallback
                0x0800275c                HAL_FDCAN_ErrorCallback
                0x080027b8                FDCAN1_IT0_IRQHandler
                0x080027d0                FDCAN1_IT1_IRQHandler
 .text          0x080027e8        0x0 ./build/drv_flash_h7.o
 .text          0x080027e8      0x2dc ./build/system_stm32h7xx.o
                0x080027e8                SystemInit
                0x080028b4                SystemCoreClockUpdate
 .text          0x08002ac4      0x310 ./build/stm32h7xx_ll_dma.o
                0x08002ac4                LL_DMA_DeInit
                0x08002cf0                LL_DMA_Init
                0x08002db0                LL_DMA_StructInit
 .text          0x08002dd4     0x3174 ./build/stm32h7xx_hal_cryp.o
                0x080038bc                HAL_CRYP_SetConfig
                0x0800394c                HAL_CRYP_GetConfig
                0x080039c0                HAL_CRYP_MspInit
                0x080039c2                HAL_CRYP_Init
                0x08003a0c                HAL_CRYP_MspDeInit
                0x08003a0e                HAL_CRYP_DeInit
                0x08003a3e                HAL_CRYP_Encrypt_IT
                0x08003bd0                HAL_CRYP_Decrypt_IT
                0x08003d60                HAL_CRYP_GetError
                0x08003d64                HAL_CRYP_GetState
                0x08003d6a                HAL_CRYP_InCpltCallback
                0x08003d80                HAL_CRYP_OutCpltCallback
                0x08004060                HAL_CRYP_ErrorCallback
                0x08004efc                HAL_CRYP_Encrypt
                0x0800505c                HAL_CRYP_Decrypt
                0x0800598e                HAL_CRYP_Encrypt_DMA
                0x08005b2c                HAL_CRYP_Decrypt_DMA
                0x08005ef4                HAL_CRYP_IRQHandler
 .text          0x08005f48     0x4240 ./build/stm32h7xx_hal_hrtim.o
                0x08006866                HAL_HRTIM_MspInit
                0x08006868                HAL_HRTIM_Init
                0x08006944                HAL_HRTIM_MspDeInit
                0x08006946                HAL_HRTIM_DeInit
                0x08006964                HAL_HRTIM_TimeBaseConfig
                0x08006996                HAL_HRTIM_SimpleBaseStart
                0x080069d4                HAL_HRTIM_SimpleBaseStop
                0x08006ab8                HAL_HRTIM_SimpleBaseStart_IT
                0x08006b1c                HAL_HRTIM_SimpleBaseStop_IT
                0x08006c20                HAL_HRTIM_SimpleBaseStart_DMA
                0x08006d04                HAL_HRTIM_SimpleBaseStop_DMA
                0x08006e4c                HAL_HRTIM_SimpleOCChannelConfig
                0x08006f9c                HAL_HRTIM_SimpleOCStart
                0x08006fe8                HAL_HRTIM_SimpleOCStop
                0x080070dc                HAL_HRTIM_SimpleOCStart_IT
                0x0800713c                HAL_HRTIM_SimpleOCStop_IT
                0x08007248                HAL_HRTIM_SimpleOCStart_DMA
                0x0800731c                HAL_HRTIM_SimpleOCStop_DMA
                0x0800744c                HAL_HRTIM_SimplePWMChannelConfig
                0x08007544                HAL_HRTIM_SimplePWMStart
                0x08007590                HAL_HRTIM_SimplePWMStop
                0x08007684                HAL_HRTIM_SimplePWMStart_IT
                0x08007758                HAL_HRTIM_SimplePWMStop_IT
                0x080078d8                HAL_HRTIM_SimplePWMStart_DMA
                0x08007a20                HAL_HRTIM_SimplePWMStop_DMA
                0x08007bb8                HAL_HRTIM_SimpleCaptureChannelConfig
                0x08007c2e                HAL_HRTIM_SimpleCaptureStart
                0x08007cbc                HAL_HRTIM_SimpleCaptureStop
                0x08007df4                HAL_HRTIM_SimpleCaptureStart_IT
                0x08007ea8                HAL_HRTIM_SimpleCaptureStop_IT
                0x08008008                HAL_HRTIM_SimpleCaptureStart_DMA
                0x08008100                HAL_HRTIM_SimpleCaptureStop_DMA
                0x08008278                HAL_HRTIM_SimpleOnePulseChannelConfig
                0x08008394                HAL_HRTIM_SimpleOnePulseStart
                0x080083e0                HAL_HRTIM_SimpleOnePulseStop
                0x080084d4                HAL_HRTIM_SimpleOnePulseStart_IT
                0x080085a8                HAL_HRTIM_SimpleOnePulseStop_IT
                0x08008728                HAL_HRTIM_BurstModeConfig
                0x080087b0                HAL_HRTIM_EventConfig
                0x080087e8                HAL_HRTIM_EventPrescalerConfig
                0x08008834                HAL_HRTIM_FaultConfig
                0x080089c4                HAL_HRTIM_FaultPrescalerConfig
                0x08008a10                HAL_HRTIM_FaultModeCtl
                0x08008aae                HAL_HRTIM_ADCTriggerConfig
                0x08008b76                HAL_HRTIM_WaveformTimerConfig
                0x08008be6                HAL_HRTIM_TimerEventFilteringConfig
                0x08008da6                HAL_HRTIM_DeadTimeConfig
                0x08008e4c                HAL_HRTIM_ChopperModeConfig
                0x08008eb4                HAL_HRTIM_BurstDMAConfig
                0x08008f3e                HAL_HRTIM_WaveformCompareConfig
                0x08009100                HAL_HRTIM_WaveformCaptureConfig
                0x08009174                HAL_HRTIM_WaveformOutputConfig
                0x080091ac                HAL_HRTIM_WaveformSetOutputLevel
                0x0800929e                HAL_HRTIM_WaveformOutputStart
                0x080092d6                HAL_HRTIM_WaveformOutputStop
                0x0800930e                HAL_HRTIM_WaveformCountStart
                0x08009342                HAL_HRTIM_WaveformCountStop
                0x08009378                HAL_HRTIM_WaveformCountStart_IT
                0x08009404                HAL_HRTIM_WaveformCountStop_IT
                0x080094b0                HAL_HRTIM_WaveformCountStart_DMA
                0x080095dc                HAL_HRTIM_WaveformCountStop_DMA
                0x08009724                HAL_HRTIM_BurstModeCtl
                0x0800976c                HAL_HRTIM_BurstModeSoftwareTrigger
                0x080097a8                HAL_HRTIM_SoftwareCapture
                0x08009824                HAL_HRTIM_SoftwareUpdate
                0x08009868                HAL_HRTIM_SoftwareReset
                0x0800989e                HAL_HRTIM_BurstDMATransfer
                0x08009938                HAL_HRTIM_UpdateEnable
                0x08009972                HAL_HRTIM_UpdateDisable
                0x080099aa                HAL_HRTIM_GetState
                0x080099b0                HAL_HRTIM_GetCapturedValue
                0x080099e2                HAL_HRTIM_WaveformGetOutputLevel
                0x08009a76                HAL_HRTIM_WaveformGetOutputState
                0x08009af6                HAL_HRTIM_GetDelayedProtectionStatus
                0x08009b8a                HAL_HRTIM_GetBurstStatus
                0x08009b96                HAL_HRTIM_GetCurrentPushPullStatus
                0x08009ba6                HAL_HRTIM_GetIdlePushPullStatus
                0x08009bb6                HAL_HRTIM_Fault1Callback
                0x08009bb8                HAL_HRTIM_Fault2Callback
                0x08009bba                HAL_HRTIM_Fault3Callback
                0x08009bbc                HAL_HRTIM_Fault4Callback
                0x08009bbe                HAL_HRTIM_Fault5Callback
                0x08009bc0                HAL_HRTIM_SystemFaultCallback
                0x08009c76                HAL_HRTIM_BurstModePeriodCallback
                0x08009c78                HAL_HRTIM_SynchronizationEventCallback
                0x08009c7a                HAL_HRTIM_RegistersUpdateCallback
                0x08009c7c                HAL_HRTIM_RepetitionEventCallback
                0x08009c7e                HAL_HRTIM_Compare1EventCallback
                0x08009c80                HAL_HRTIM_Compare2EventCallback
                0x08009c82                HAL_HRTIM_Compare3EventCallback
                0x08009c84                HAL_HRTIM_Compare4EventCallback
                0x08009dea                HAL_HRTIM_Capture1EventCallback
                0x08009dec                HAL_HRTIM_Capture2EventCallback
                0x08009dee                HAL_HRTIM_DelayedProtectionCallback
                0x08009df0                HAL_HRTIM_CounterResetCallback
                0x08009df2                HAL_HRTIM_Output1SetCallback
                0x08009df4                HAL_HRTIM_Output1ResetCallback
                0x08009df6                HAL_HRTIM_Output2SetCallback
                0x08009df8                HAL_HRTIM_Output2ResetCallback
                0x0800a148                HAL_HRTIM_IRQHandler
                0x0800a164                HAL_HRTIM_BurstDMATransferCallback
                0x0800a17c                HAL_HRTIM_ErrorCallback
 .text          0x0800a188      0x594 ./build/stm32h7xx_hal.o
                0x0800a18c                HAL_DeInit
                0x0800a25c                HAL_Init
                0x0800a2dc                HAL_GetTickPrio
                0x0800a2e8                HAL_SetTickFreq
                0x0800a30c                HAL_GetTickFreq
                0x0800a35c                HAL_GetHalVersion
                0x0800a364                HAL_GetREVID
                0x0800a370                HAL_GetDEVID
                0x0800a380                HAL_GetUIDw0
                0x0800a38c                HAL_GetUIDw1
                0x0800a398                HAL_GetUIDw2
                0x0800a3a4                HAL_SYSCFG_VREFBUF_VoltageScalingConfig
                0x0800a3b8                HAL_SYSCFG_VREFBUF_HighImpedanceConfig
                0x0800a3cc                HAL_SYSCFG_VREFBUF_TrimmingConfig
                0x0800a3e0                HAL_SYSCFG_EnableVREFBUF
                0x0800a414                HAL_SYSCFG_DisableVREFBUF
                0x0800a424                HAL_SYSCFG_ETHInterfaceSelect
                0x0800a438                HAL_SYSCFG_AnalogSwitchConfig
                0x0800a44c                HAL_SYSCFG_EnableBOOST
                0x0800a45c                HAL_SYSCFG_DisableBOOST
                0x0800a46c                HAL_SYSCFG_CM7BootAddConfig
                0x0800a4a0                HAL_EnableCompensationCell
                0x0800a4b0                HAL_DisableCompensationCell
                0x0800a4c0                HAL_SYSCFG_EnableIOSpeedOptimize
                0x0800a4d0                HAL_SYSCFG_DisableIOSpeedOptimize
                0x0800a4e0                HAL_SYSCFG_CompensationCodeSelect
                0x0800a4f4                HAL_SYSCFG_CompensationCodeConfig
                0x0800a50c                HAL_DBGMCU_EnableDBGSleepMode
                0x0800a51c                HAL_DBGMCU_DisableDBGSleepMode
                0x0800a52c                HAL_DBGMCU_EnableDBGStopMode
                0x0800a53c                HAL_DBGMCU_DisableDBGStopMode
                0x0800a54c                HAL_DBGMCU_EnableDBGStandbyMode
                0x0800a55c                HAL_DBGMCU_DisableDBGStandbyMode
                0x0800a56c                HAL_SetFMCMemorySwappingConfig
                0x0800a580                HAL_GetFMCMemorySwappingConfig
                0x0800a590                HAL_EXTI_EdgeConfig
                0x0800a5e4                HAL_EXTI_GenerateSWInterrupt
                0x0800a604                HAL_EXTI_D1_ClearFlag
                0x0800a61c                HAL_EXTI_D1_EventInputConfig
                0x0800a6a0                HAL_EXTI_D3_EventInputConfig
 .text          0x0800a71c     0x1ccc ./build/stm32h7xx_hal_rcc_ex.o
                0x0800a934                HAL_RCCEx_PeriphCLKConfig
                0x0800b2f8                HAL_RCCEx_GetPeriphCLKConfig
                0x0800b4c4                HAL_RCCEx_GetD1PCLK1Freq
                0x0800b4e8                HAL_RCCEx_GetD3PCLK1Freq
                0x0800b50c                HAL_RCCEx_GetPLL2ClockFreq
                0x0800b704                HAL_RCCEx_GetPLL3ClockFreq
                0x0800b8fc                HAL_RCCEx_GetPLL1ClockFreq
                0x0800baf4                HAL_RCCEx_GetPeriphCLKFreq
                0x0800c108                HAL_RCCEx_GetD1SysClockFreq
                0x0800c14c                HAL_RCCEx_EnableLSECSS
                0x0800c15c                HAL_RCCEx_DisableLSECSS
                0x0800c174                HAL_RCCEx_EnableLSECSS_IT
                0x0800c1a4                HAL_RCCEx_WakeUpStopCLKConfig
                0x0800c1b8                HAL_RCCEx_KerWakeUpStopCLKConfig
                0x0800c1cc                HAL_RCCEx_WWDGxSysResetConfig
                0x0800c1e0                HAL_RCCEx_CRSConfig
                0x0800c254                HAL_RCCEx_CRSSoftwareSynchronizationGenerate
                0x0800c264                HAL_RCCEx_CRSGetSynchronizationInfo
                0x0800c288                HAL_RCCEx_CRSWaitSynchronization
                0x0800c334                HAL_RCCEx_CRS_SyncOkCallback
                0x0800c336                HAL_RCCEx_CRS_SyncWarnCallback
                0x0800c338                HAL_RCCEx_CRS_ExpectedSyncCallback
                0x0800c33a                HAL_RCCEx_CRS_ErrorCallback
                0x0800c33c                HAL_RCCEx_CRS_IRQHandler
                0x0800c3c4                HAL_RCCEx_LSECSS_Callback
                0x0800c3c6                HAL_RCCEx_LSECSS_IRQHandler
 .text          0x0800c3e8     0x208c ./build/stm32h7xx_hal_fdcan.o
                0x0800c646                HAL_FDCAN_Init
                0x0800c8d8                HAL_FDCAN_MspDeInit
                0x0800c8da                HAL_FDCAN_EnterPowerDownMode
                0x0800c91c                HAL_FDCAN_ExitPowerDownMode
                0x0800c966                HAL_FDCAN_ConfigClockCalibration
                0x0800c9fc                HAL_FDCAN_GetClockCalibrationState
                0x0800ca0c                HAL_FDCAN_ResetClockCalibrationState
                0x0800ca54                HAL_FDCAN_GetClockCalibrationCounter
                0x0800ca7c                HAL_FDCAN_ConfigFilter
                0x0800cb04                HAL_FDCAN_ConfigGlobalFilter
                0x0800cb3a                HAL_FDCAN_ConfigExtendedIdMask
                0x0800cb5e                HAL_FDCAN_ConfigRxFifoOverwrite
                0x0800cba2                HAL_FDCAN_ConfigFifoWatermark
                0x0800cc00                HAL_FDCAN_ConfigRamWatchdog
                0x0800cc2a                HAL_FDCAN_ConfigTimestampCounter
                0x0800cc54                HAL_FDCAN_EnableTimestampCounter
                0x0800cc7e                HAL_FDCAN_DisableTimestampCounter
                0x0800cca6                HAL_FDCAN_GetTimestampCounter
                0x0800ccae                HAL_FDCAN_ResetTimestampCounter
                0x0800ccd0                HAL_FDCAN_ConfigTimeoutCounter
                0x0800cd02                HAL_FDCAN_EnableTimeoutCounter
                0x0800cd2a                HAL_FDCAN_DisableTimeoutCounter
                0x0800cd52                HAL_FDCAN_GetTimeoutCounter
                0x0800cd5a                HAL_FDCAN_ResetTimeoutCounter
                0x0800cd7a                HAL_FDCAN_ConfigTxDelayCompensation
                0x0800cda0                HAL_FDCAN_EnableTxDelayCompensation
                0x0800cdc8                HAL_FDCAN_DisableTxDelayCompensation
                0x0800cdf0                HAL_FDCAN_EnableISOMode
                0x0800ce18                HAL_FDCAN_DisableISOMode
                0x0800ce40                HAL_FDCAN_EnableEdgeFiltering
                0x0800ce68                HAL_FDCAN_DisableEdgeFiltering
                0x0800ce90                HAL_FDCAN_Start
                0x0800cec4                HAL_FDCAN_Stop
                0x0800cf5c                HAL_FDCAN_DeInit
                0x0800cf86                HAL_FDCAN_AddMessageToTxFifoQ
                0x0800cffc                HAL_FDCAN_AddMessageToTxBuffer
                0x0800d07a                HAL_FDCAN_EnableTxBufferRequest
                0x0800d09e                HAL_FDCAN_GetLatestTxFifoQRequestBuffer
                0x0800d0a4                HAL_FDCAN_AbortTxRequest
                0x0800d0c8                HAL_FDCAN_GetRxMessage
                0x0800d2a8                HAL_FDCAN_GetTxEvent
                0x0800d374                HAL_FDCAN_GetHighPriorityMessageStatus
                0x0800d3a8                HAL_FDCAN_GetProtocolStatus
                0x0800d3f2                HAL_FDCAN_GetErrorCounters
                0x0800d410                HAL_FDCAN_IsRxBufferMessageAvailable
                0x0800d458                HAL_FDCAN_IsTxBufferMessagePending
                0x0800d466                HAL_FDCAN_GetRxFifoFillLevel
                0x0800d482                HAL_FDCAN_GetTxFifoFreeLevel
                0x0800d48e                HAL_FDCAN_IsRestrictedOperationMode
                0x0800d498                HAL_FDCAN_ExitRestrictedOperationMode
                0x0800d4c2                HAL_FDCAN_TT_ConfigOperation
                0x0800d668                HAL_FDCAN_TT_ConfigReferenceMessage
                0x0800d6ba                HAL_FDCAN_TT_ConfigTrigger
                0x0800d738                HAL_FDCAN_TT_SetGlobalTime
                0x0800d7cc                HAL_FDCAN_TT_SetClockSynchronization
                0x0800d864                HAL_FDCAN_TT_ConfigStopWatch
                0x0800d8be                HAL_FDCAN_TT_ConfigRegisterTimeMark
                0x0800d982                HAL_FDCAN_TT_EnableRegisterTimeMarkPulse
                0x0800d9d4                HAL_FDCAN_TT_DisableRegisterTimeMarkPulse
                0x0800da26                HAL_FDCAN_TT_EnableTriggerTimeMarkPulse
                0x0800da92                HAL_FDCAN_TT_DisableTriggerTimeMarkPulse
                0x0800dafe                HAL_FDCAN_TT_EnableHardwareGapControl
                0x0800db6a                HAL_FDCAN_TT_DisableHardwareGapControl
                0x0800dbd6                HAL_FDCAN_TT_EnableTimeMarkGapControl
                0x0800dc42                HAL_FDCAN_TT_DisableTimeMarkGapControl
                0x0800dcae                HAL_FDCAN_TT_SetNextIsGap
                0x0800dd32                HAL_FDCAN_TT_SetEndOfGap
                0x0800ddb6                HAL_FDCAN_TT_ConfigExternalSyncPhase
                0x0800ddfa                HAL_FDCAN_TT_EnableExternalSynchronization
                0x0800de4c                HAL_FDCAN_TT_DisableExternalSynchronization
                0x0800de9e                HAL_FDCAN_TT_GetOperationStatus
                0x0800def8                HAL_FDCAN_ConfigInterruptLines
                0x0800df30                HAL_FDCAN_TT_ConfigInterruptLines
                0x0800df68                HAL_FDCAN_ActivateNotification
                0x0800dff8                HAL_FDCAN_DeactivateNotification
                0x0800e080                HAL_FDCAN_TT_ActivateNotification
                0x0800e0d6                HAL_FDCAN_TT_DeactivateNotification
                0x0800e128                HAL_FDCAN_ClockCalibrationCallback
                0x0800e12a                HAL_FDCAN_TxEventFifoCallback
                0x0800e12e                HAL_FDCAN_RxFifo1Callback
                0x0800e136                HAL_FDCAN_RxBufferNewMessageCallback
                0x0800e138                HAL_FDCAN_TimestampWraparoundCallback
                0x0800e13a                HAL_FDCAN_TimeoutOccurredCallback
                0x0800e13c                HAL_FDCAN_HighPriorityMessageCallback
                0x0800e140                HAL_FDCAN_ErrorStatusCallback
                0x0800e142                HAL_FDCAN_TT_ScheduleSyncCallback
                0x0800e144                HAL_FDCAN_TT_TimeMarkCallback
                0x0800e146                HAL_FDCAN_TT_StopWatchCallback
                0x0800e148                HAL_FDCAN_TT_GlobalTimeCallback
                0x0800e14a                HAL_FDCAN_IRQHandler
                0x0800e468                HAL_FDCAN_GetState
                0x0800e46e                HAL_FDCAN_GetError
 .text          0x0800e474      0x1d0 ./build/stm32h7xx_hal_sd_ex.o
                0x0800e474                HAL_SDEx_ConfigDMAMultiBuffer
                0x0800e49e                HAL_SDEx_ReadBlocksDMAMultiBuffer
                0x0800e574                HAL_SDEx_WriteBlocksDMAMultiBuffer
                0x0800e634                HAL_SDEx_ChangeDMABuffer
 .text          0x0800e644      0xb9e ./build/stm32h7xx_hal_hcd.o
                0x0800e6e2                HAL_HCD_HC_Init
                0x0800e770                HAL_HCD_HC_Halt
                0x0800e794                HAL_HCD_MspInit
                0x0800e796                HAL_HCD_Init
                0x0800e83a                HAL_HCD_MspDeInit
                0x0800e83c                HAL_HCD_DeInit
                0x0800e85e                HAL_HCD_HC_SubmitRequest
                0x0800e9c2                HAL_HCD_SOF_Callback
                0x0800e9c4                HAL_HCD_Connect_Callback
                0x0800e9c6                HAL_HCD_Disconnect_Callback
                0x0800e9c8                HAL_HCD_PortEnabled_Callback
                0x0800e9ca                HAL_HCD_PortDisabled_Callback
                0x0800ea7c                HAL_HCD_HC_NotifyURBChange_Callback
                0x0800effa                HAL_HCD_IRQHandler
                0x0800f14e                HAL_HCD_Start
                0x0800f178                HAL_HCD_Stop
                0x0800f19c                HAL_HCD_ResetPort
                0x0800f1a6                HAL_HCD_GetState
                0x0800f1ac                HAL_HCD_HC_GetURBState
                0x0800f1b8                HAL_HCD_HC_GetXferCount
                0x0800f1c2                HAL_HCD_HC_GetState
                0x0800f1ce                HAL_HCD_GetCurrentFrame
                0x0800f1d8                HAL_HCD_GetCurrentSpeed
 *fill*         0x0800f1e2        0x2 
 .text          0x0800f1e4     0x4268 ./build/stm32h7xx_hal_tim.o
                0x0800f580                HAL_TIM_Base_MspInit
                0x0800f582                HAL_TIM_Base_MspDeInit
                0x0800f584                HAL_TIM_Base_DeInit
                0x0800f5ea                HAL_TIM_Base_Start
                0x0800f670                HAL_TIM_Base_Stop
                0x0800f698                HAL_TIM_Base_Start_IT
                0x0800f728                HAL_TIM_Base_Stop_IT
                0x0800f75a                HAL_TIM_Base_Start_DMA
                0x0800f83c                HAL_TIM_Base_Stop_DMA
                0x0800f878                HAL_TIM_OC_MspInit
                0x0800f87a                HAL_TIM_OC_MspDeInit
                0x0800f87c                HAL_TIM_OC_DeInit
                0x0800f8e2                HAL_TIM_PWM_MspInit
                0x0800f8e4                HAL_TIM_PWM_MspDeInit
                0x0800f8e6                HAL_TIM_PWM_DeInit
                0x0800f94c                HAL_TIM_IC_MspInit
                0x0800f94e                HAL_TIM_IC_MspDeInit
                0x0800f950                HAL_TIM_IC_DeInit
                0x0800f9b6                HAL_TIM_OnePulse_MspInit
                0x0800f9b8                HAL_TIM_OnePulse_MspDeInit
                0x0800f9ba                HAL_TIM_OnePulse_DeInit
                0x0800fa08                HAL_TIM_Encoder_MspInit
                0x0800fa0a                HAL_TIM_Encoder_MspDeInit
                0x0800fa0c                HAL_TIM_Encoder_DeInit
                0x0800fa5a                HAL_TIM_DMABurst_MultiWriteStart
                0x0800fc08                HAL_TIM_DMABurst_WriteStart
                0x0800fc1e                HAL_TIM_DMABurst_WriteStop
                0x0800fca2                HAL_TIM_DMABurst_MultiReadStart
                0x0800fe54                HAL_TIM_DMABurst_ReadStart
                0x0800fe6a                HAL_TIM_DMABurst_ReadStop
                0x0800feee                HAL_TIM_GenerateEvent
                0x0800ff18                HAL_TIM_ConfigTI1Input
                0x0800ff28                HAL_TIM_ReadCapturedValue
                0x0800ff5a                HAL_TIM_PeriodElapsedCallback
                0x0800ff72                HAL_TIM_PeriodElapsedHalfCpltCallback
                0x0800ff7e                HAL_TIM_OC_DelayElapsedCallback
                0x0800ff80                HAL_TIM_IC_CaptureCallback
                0x0800ff82                TIM_DMACaptureCplt
                0x08010002                HAL_TIM_IC_CaptureHalfCpltCallback
                0x08010004                TIM_DMACaptureHalfCplt
                0x08010042                HAL_TIM_PWM_PulseFinishedCallback
                0x080100b4                HAL_TIM_PWM_PulseFinishedHalfCpltCallback
                0x080100b6                TIM_DMADelayPulseHalfCplt
                0x080100f4                HAL_TIM_TriggerCallback
                0x080100f6                HAL_TIM_IRQHandler
                0x080102a6                HAL_TIM_TriggerHalfCpltCallback
                0x080102b2                HAL_TIM_ErrorCallback
                0x080102b4                TIM_DMAError
                0x08010310                HAL_TIM_Base_GetState
                0x08010316                HAL_TIM_OC_GetState
                0x0801031c                HAL_TIM_PWM_GetState
                0x08010322                HAL_TIM_IC_GetState
                0x08010328                HAL_TIM_OnePulse_GetState
                0x0801032e                HAL_TIM_Encoder_GetState
                0x08010334                HAL_TIM_GetActiveChannel
                0x08010338                HAL_TIM_GetChannelState
                0x0801037a                HAL_TIM_DMABurstState
                0x08010380                TIM_Base_SetConfig
                0x08010484                HAL_TIM_Base_Init
                0x080104e4                HAL_TIM_OC_Init
                0x08010544                HAL_TIM_PWM_Init
                0x080105a4                HAL_TIM_IC_Init
                0x08010604                HAL_TIM_OnePulse_Init
                0x08010660                HAL_TIM_Encoder_Init
                0x08010714                TIM_OC2_SetConfig
                0x080107a8                HAL_TIM_OC_ConfigChannel
                0x08010822                HAL_TIM_PWM_ConfigChannel
                0x0801095c                TIM_TI1_SetConfig
                0x080109f0                HAL_TIM_IC_ConfigChannel
                0x08010ab4                HAL_TIM_OnePulse_ConfigChannel
                0x08010bb8                TIM_ETR_SetConfig
                0x08010bd2                HAL_TIM_ConfigOCrefClear
                0x08010d16                HAL_TIM_ConfigClockSource
                0x08010fa0                HAL_TIM_SlaveConfigSynchro
                0x08010ff2                HAL_TIM_SlaveConfigSynchro_IT
                0x08011044                TIM_CCxChannelCmd
                0x08011062                HAL_TIM_OC_Start
                0x080111c8                HAL_TIM_OC_Stop
                0x08011284                HAL_TIM_OC_Start_IT
                0x08011434                HAL_TIM_OC_Stop_IT
                0x08011544                HAL_TIM_OC_Start_DMA
                0x08011844                HAL_TIM_OC_Stop_DMA
                0x0801196c                HAL_TIM_PWM_Start
                0x08011ad4                HAL_TIM_PWM_Stop
                0x08011b90                HAL_TIM_PWM_Start_IT
                0x08011d40                HAL_TIM_PWM_Stop_IT
                0x08011e50                HAL_TIM_PWM_Start_DMA
                0x08012150                HAL_TIM_PWM_Stop_DMA
                0x08012278                HAL_TIM_IC_Start
                0x080123e0                HAL_TIM_IC_Stop
                0x08012478                HAL_TIM_IC_Start_IT
                0x08012628                HAL_TIM_IC_Stop_IT
                0x08012710                HAL_TIM_IC_Start_DMA
                0x0801299c                HAL_TIM_IC_Stop_DMA
                0x08012a9c                HAL_TIM_OnePulse_Start
                0x08012b38                HAL_TIM_OnePulse_Stop
                0x08012bd0                HAL_TIM_OnePulse_Start_IT
                0x08012c84                HAL_TIM_OnePulse_Stop_IT
                0x08012d30                HAL_TIM_Encoder_Start
                0x08012df8                HAL_TIM_Encoder_Stop
                0x08012ed6                HAL_TIM_Encoder_Start_IT
                0x08012fca                HAL_TIM_Encoder_Stop_IT
                0x080130d2                HAL_TIM_Encoder_Start_DMA
                0x08013328                HAL_TIM_Encoder_Stop_DMA
 .text          0x0801344c      0xe40 ./build/stm32h7xx_hal_pcd.o
                0x0801351e                HAL_PCD_Init
                0x0801365a                HAL_PCD_MspDeInit
                0x0801365c                HAL_PCD_DeInit
                0x0801368a                HAL_PCD_Start
                0x080136cc                HAL_PCD_Stop
                0x08013716                HAL_PCD_DataOutStageCallback
                0x0801381c                HAL_PCD_DataInStageCallback
                0x0801381e                HAL_PCD_SetupStageCallback
                0x08013870                HAL_PCD_SOFCallback
                0x08013872                HAL_PCD_ResetCallback
                0x08013874                HAL_PCD_SuspendCallback
                0x08013876                HAL_PCD_ResumeCallback
                0x08013878                HAL_PCD_ISOOUTIncompleteCallback
                0x0801387a                HAL_PCD_ISOINIncompleteCallback
                0x0801387c                HAL_PCD_ConnectCallback
                0x0801387e                HAL_PCD_DisconnectCallback
                0x08013880                HAL_PCD_DevConnect
                0x080138bc                HAL_PCD_DevDisconnect
                0x080138f8                HAL_PCD_SetAddress
                0x08013920                HAL_PCD_EP_Open
                0x080139aa                HAL_PCD_EP_Close
                0x08013a1c                HAL_PCD_EP_Receive
                0x08013a7a                HAL_PCD_EP_GetRxCount
                0x08013a8c                HAL_PCD_EP_Transmit
                0x08013aea                HAL_PCD_EP_SetStall
                0x08013b72                HAL_PCD_EP_ClrStall
                0x08013be8                HAL_PCD_EP_Abort
                0x08013c1c                HAL_PCD_IRQHandler
                0x08014222                HAL_PCD_EP_Flush
                0x08014258                HAL_PCD_ActivateRemoteWakeup
                0x08014262                HAL_PCD_DeActivateRemoteWakeup
                0x0801426c                HAL_PCD_GetState
                0x08014272                HAL_PCD_SetTestMode
 .text          0x0801428c      0x540 ./build/stm32h7xx_hal_dcmi.o
                0x0801432c                HAL_DCMI_MspInit
                0x0801432e                HAL_DCMI_Init
                0x080143cc                HAL_DCMI_MspDeInit
                0x080143ce                HAL_DCMI_DeInit
                0x080143e4                HAL_DCMI_Start_DMA
                0x080144d0                HAL_DCMI_Stop
                0x08014554                HAL_DCMI_Suspend
                0x080145cc                HAL_DCMI_Resume
                0x08014604                HAL_DCMI_ErrorCallback
                0x08014626                HAL_DCMI_LineEventCallback
                0x08014628                HAL_DCMI_VsyncEventCallback
                0x0801462a                HAL_DCMI_FrameEventCallback
                0x0801462c                HAL_DCMI_IRQHandler
                0x080146dc                HAL_DCMI_ConfigCrop
                0x0801471c                HAL_DCMI_DisableCrop
                0x0801474c                HAL_DCMI_EnableCrop
                0x0801477c                HAL_DCMI_ConfigSyncUnmask
                0x080147c0                HAL_DCMI_GetState
                0x080147c6                HAL_DCMI_GetError
 .text          0x080147cc     0x1d24 ./build/stm32h7xx_hal_usart.o
                0x08014fc8                HAL_USART_MspInit
                0x08014fca                HAL_USART_Init
                0x08015024                HAL_USART_MspDeInit
                0x08015026                HAL_USART_DeInit
                0x08015056                HAL_USART_Transmit
                0x08015148                HAL_USART_Receive
                0x08015294                HAL_USART_TransmitReceive
                0x08015460                HAL_USART_Transmit_IT
                0x0801550c                HAL_USART_Receive_IT
                0x08015660                HAL_USART_TransmitReceive_IT
                0x08015810                HAL_USART_Transmit_DMA
                0x080158a8                HAL_USART_Receive_DMA
                0x080159a0                HAL_USART_TransmitReceive_DMA
                0x08015aa4                HAL_USART_DMAPause
                0x08015b1c                HAL_USART_DMAResume
                0x08015b88                HAL_USART_DMAStop
                0x08015be8                HAL_USART_Abort
                0x08015ca4                HAL_USART_TxCpltCallback
                0x08015cea                HAL_USART_TxHalfCpltCallback
                0x08015cf6                HAL_USART_RxCpltCallback
                0x08015cf8                HAL_USART_RxHalfCpltCallback
                0x08015d04                HAL_USART_TxRxCpltCallback
                0x0801617a                HAL_USART_ErrorCallback
                0x080161a2                HAL_USART_IRQHandler
                0x0801639c                HAL_USART_AbortCpltCallback
                0x0801639e                HAL_USART_Abort_IT
                0x080164e4                HAL_USART_GetState
                0x080164ea                HAL_USART_GetError
 .text          0x080164f0      0x228 ./build/stm32h7xx_hal_crc.o
                0x080165c6                HAL_CRC_MspInit
                0x080165c8                HAL_CRC_Init
                0x08016648                HAL_CRC_MspDeInit
                0x0801664a                HAL_CRC_DeInit
                0x08016680                HAL_CRC_Accumulate
                0x080166c2                HAL_CRC_Calculate
                0x08016712                HAL_CRC_GetState
 .text          0x08016718      0x310 ./build/stm32h7xx_hal_opamp_ex.o
                0x08016718                HAL_OPAMPEx_SelfCalibrateAll
                0x08016a08                HAL_OPAMPEx_Unlock
 .text          0x08016a28      0x468 ./build/stm32h7xx_hal_dac.o
                0x08016a28                HAL_DAC_MspInit
                0x08016a2a                HAL_DAC_Init
                0x08016a4e                HAL_DAC_MspDeInit
                0x08016a50                HAL_DAC_DeInit
                0x08016a6c                HAL_DAC_Start
                0x08016ad4                HAL_DAC_Stop
                0x08016af4                HAL_DAC_Start_DMA
                0x08016bf0                HAL_DAC_Stop_DMA
                0x08016c46                HAL_DAC_SetValue
                0x08016c74                HAL_DAC_ConvCpltCallbackCh1
                0x08016c76                DAC_DMAConvCpltCh1
                0x08016c86                HAL_DAC_ConvHalfCpltCallbackCh1
                0x08016c88                DAC_DMAHalfConvCpltCh1
                0x08016c92                HAL_DAC_ErrorCallbackCh1
                0x08016c94                DAC_DMAErrorCh1
                0x08016cac                HAL_DAC_DMAUnderrunCallbackCh1
                0x08016cae                HAL_DAC_IRQHandler
                0x08016d1e                HAL_DAC_GetValue
                0x08016d2c                HAL_DAC_ConfigChannel
                0x08016e88                HAL_DAC_GetState
                0x08016e8c                HAL_DAC_GetError
 .text          0x08016e90      0x664 ./build/stm32h7xx_hal_pwr_ex.o
                0x08016e90                HAL_PWREx_ConfigSupply
                0x08016ee4                HAL_PWREx_GetSupplyConfig
                0x08016ef4                HAL_PWREx_ControlVoltageScaling
                0x08016fc8                HAL_PWREx_GetVoltageRange
                0x08016fd8                HAL_PWREx_ControlStopModeVoltageScaling
                0x08016fec                HAL_PWREx_GetStopModeVoltageRange
                0x08016ffc                HAL_PWREx_EnterSTOPMode
                0x08017064                HAL_PWREx_ClearPendingEvent
                0x08017068                HAL_PWREx_EnterSTANDBYMode
                0x080170a8                HAL_PWREx_ConfigD3Domain
                0x080170bc                HAL_PWREx_EnableFlashPowerDown
                0x080170cc                HAL_PWREx_DisableFlashPowerDown
                0x080170dc                HAL_PWREx_EnableWakeUpPin
                0x08017184                HAL_PWREx_DisableWakeUpPin
                0x08017194                HAL_PWREx_GetWakeupFlag
                0x080171a0                HAL_PWREx_ClearWakeupFlag
                0x080171bc                HAL_PWREx_WKUP1_Callback
                0x080171be                HAL_PWREx_WKUP2_Callback
                0x080171c0                HAL_PWREx_WKUP3_Callback
                0x080171c2                HAL_PWREx_WKUP4_Callback
                0x080171c4                HAL_PWREx_WKUP5_Callback
                0x080171c6                HAL_PWREx_WKUP6_Callback
                0x080171c8                HAL_PWREx_WAKEUP_PIN_IRQHandler
                0x08017260                HAL_PWREx_EnableBkUpReg
                0x08017294                HAL_PWREx_DisableBkUpReg
                0x080172c8                HAL_PWREx_EnableUSBReg
                0x080172fc                HAL_PWREx_DisableUSBReg
                0x08017330                HAL_PWREx_EnableUSBVoltageDetector
                0x08017340                HAL_PWREx_DisableUSBVoltageDetector
                0x08017350                HAL_PWREx_EnableBatteryCharging
                0x0801736c                HAL_PWREx_DisableBatteryCharging
                0x0801737c                HAL_PWREx_EnableMonitoring
                0x0801738c                HAL_PWREx_DisableMonitoring
                0x0801739c                HAL_PWREx_GetTemperatureLevel
                0x080173b8                HAL_PWREx_GetVBATLevel
                0x080173d4                HAL_PWREx_ConfigAVD
                0x0801746c                HAL_PWREx_EnableAVD
                0x0801747c                HAL_PWREx_DisableAVD
                0x0801748c                HAL_PWREx_AVDCallback
                0x0801748e                HAL_PWREx_PVD_AVD_IRQHandler
 .text          0x080174f4        0x0 ./build/stm32h7xx_hal_cordic.o
 .text          0x080174f4        0x0 ./build/stm32h7xx_hal_dsi.o
 .text          0x080174f4      0x3fc ./build/stm32h7xx_ll_adc.o
                0x080174f4                LL_ADC_CommonDeInit
                0x0801753c                LL_ADC_CommonInit
                0x080175c0                LL_ADC_CommonStructInit
                0x080175d0                LL_ADC_DeInit
                0x080177e0                LL_ADC_Init
                0x08017818                LL_ADC_StructInit
                0x08017822                LL_ADC_REG_Init
                0x08017884                LL_ADC_REG_StructInit
                0x08017898                LL_ADC_INJ_Init
                0x080178e4                LL_ADC_INJ_StructInit
 .text          0x080178f0       0x70 ./build/stm32h7xx_ll_swpmi.o
                0x080178f0                LL_SWPMI_DeInit
                0x08017920                LL_SWPMI_Init
                0x08017950                LL_SWPMI_StructInit
 .text          0x08017960        0x8 ./build/stm32h7xx_hal_msp_template.o
                0x08017960                HAL_MspInit
                0x08017962                HAL_MspDeInit
                0x08017964                HAL_PPP_MspInit
                0x08017966                HAL_PPP_MspDeInit
 .text          0x08017968      0x3b0 ./build/stm32h7xx_hal_opamp.o
                0x08017968                HAL_OPAMP_MspInit
                0x0801796a                HAL_OPAMP_Init
                0x08017a6c                HAL_OPAMP_MspDeInit
                0x08017a6e                HAL_OPAMP_DeInit
                0x08017a9c                HAL_OPAMP_Start
                0x08017ad2                HAL_OPAMP_Stop
                0x08017b16                HAL_OPAMP_SelfCalibrate
                0x08017ca2                HAL_OPAMP_Lock
                0x08017cc0                HAL_OPAMP_GetTrimOffset
                0x08017d08                HAL_OPAMP_GetState
 .text          0x08017d18      0xfe4 ./build/stm32h7xx_hal_rcc.o
                0x08017d18                HAL_RCC_DeInit
                0x08017ee4                HAL_RCC_OscConfig
                0x08018558                HAL_RCC_MCOConfig
                0x080185fc                HAL_RCC_EnableCSS
                0x0801860c                HAL_RCC_DisableCSS
                0x0801861c                HAL_RCC_GetSysClockFreq
                0x08018810                HAL_RCC_ClockConfig
                0x08018aa4                HAL_RCC_GetHCLKFreq
                0x08018ae8                HAL_RCC_GetPCLK1Freq
                0x08018b0c                HAL_RCC_GetPCLK2Freq
                0x08018b30                HAL_RCC_GetOscConfig
                0x08018c84                HAL_RCC_GetClockConfig
                0x08018cd8                HAL_RCC_CSSCallback
                0x08018cda                HAL_RCC_NMI_IRQHandler
 .text          0x08018cfc      0x3dc ./build/stm32h7xx_hal_exti.o
                0x08018cfc                HAL_EXTI_SetConfigLine
                0x08018e40                HAL_EXTI_GetConfigLine
                0x08018f4c                HAL_EXTI_ClearConfigLine
                0x08019038                HAL_EXTI_RegisterCallback
                0x0801904a                HAL_EXTI_GetHandle
                0x08019056                HAL_EXTI_IRQHandler
                0x08019080                HAL_EXTI_GetPending
                0x080190a0                HAL_EXTI_ClearPending
                0x080190bc                HAL_EXTI_GenerateSWI
 .text          0x080190d8     0x1884 ./build/stm32h7xx_hal_sd.o
                0x0801961a                HAL_SD_MspDeInit
                0x0801961c                HAL_SD_DeInit
                0x08019640                HAL_SD_ReadBlocks
                0x08019844                HAL_SD_WriteBlocks
                0x08019a58                HAL_SD_ReadBlocks_IT
                0x08019b2c                HAL_SD_WriteBlocks_IT
                0x08019bfc                HAL_SD_ReadBlocks_DMA
                0x08019cdc                HAL_SD_WriteBlocks_DMA
                0x08019dbc                HAL_SD_Erase
                0x08019eb4                HAL_SD_GetState
                0x08019eba                HAL_SD_GetError
                0x08019ebe                HAL_SD_TxCpltCallback
                0x08019ec0                HAL_SD_RxCpltCallback
                0x08019ec2                HAL_SD_ErrorCallback
                0x08019ec4                HAL_SD_AbortCallback
                0x08019ec6                HAL_SD_GetCardCID
                0x08019f18                HAL_SD_GetCardCSD
                0x0801a1cc                HAL_SD_InitCard
                0x0801a290                HAL_SD_GetCardStatus
                0x0801a360                HAL_SD_GetCardInfo
                0x0801a384                HAL_SD_ConfigWideBusOperation
                0x0801a4d8                HAL_SD_GetCardState
                0x0801a4fa                HAL_SD_Init
                0x0801a5b4                HAL_SD_ConfigSpeedBusOperation
                0x0801a694                HAL_SD_Abort
                0x0801a6dc                HAL_SD_Abort_IT
                0x0801a728                HAL_SDEx_Read_DMADoubleBuf0CpltCallback
                0x0801a72a                HAL_SDEx_Read_DMADoubleBuf1CpltCallback
                0x0801a72c                HAL_SDEx_Write_DMADoubleBuf0CpltCallback
                0x0801a72e                HAL_SDEx_Write_DMADoubleBuf1CpltCallback
                0x0801a730                HAL_SD_IRQHandler
 .text          0x0801a95c       0xe8 ./build/stm32h7xx_ll_lpuart.o
                0x0801a95c                LL_LPUART_DeInit
                0x0801a98c                LL_LPUART_Init
                0x0801aa2c                LL_LPUART_StructInit
 .text          0x0801aa44     0x169c ./build/stm32h7xx_hal_eth.o
                0x0801aa44                HAL_ETH_RxAllocateCallback
                0x0801aade                HAL_ETH_RxLinkCallback
                0x0801aae0                HAL_ETH_TxFreeCallback
                0x0801b244                HAL_ETH_MspInit
                0x0801b246                HAL_ETH_MspDeInit
                0x0801b248                HAL_ETH_DeInit
                0x0801b25e                HAL_ETH_Start
                0x0801b2dc                HAL_ETH_Start_IT
                0x0801b398                HAL_ETH_Stop
                0x0801b3f8                HAL_ETH_Stop_IT
                0x0801b48c                HAL_ETH_Transmit
                0x0801b55c                HAL_ETH_Transmit_IT
                0x0801b5c4                HAL_ETH_ReadData
                0x0801b6c2                HAL_ETH_RegisterRxAllocateCallback
                0x0801b6d0                HAL_ETH_UnRegisterRxAllocateCallback
                0x0801b6e0                HAL_ETH_RegisterRxLinkCallback
                0x0801b6ee                HAL_ETH_UnRegisterRxLinkCallback
                0x0801b6fc                HAL_ETH_GetRxDataErrorCode
                0x0801b708                HAL_ETH_RegisterTxFreeCallback
                0x0801b716                HAL_ETH_UnRegisterTxFreeCallback
                0x0801b724                HAL_ETH_ReleaseTxPacket
                0x0801b782                HAL_ETH_TxCpltCallback
                0x0801b784                HAL_ETH_RxCpltCallback
                0x0801b786                HAL_ETH_ErrorCallback
                0x0801b788                HAL_ETH_PMTCallback
                0x0801b78a                HAL_ETH_EEECallback
                0x0801b78c                HAL_ETH_WakeUpCallback
                0x0801b78e                HAL_ETH_IRQHandler
                0x0801b91a                HAL_ETH_ReadPHYRegister
                0x0801b97a                HAL_ETH_WritePHYRegister
                0x0801b9e0                HAL_ETH_GetMACConfig
                0x0801bbc6                HAL_ETH_GetDMAConfig
                0x0801bc88                HAL_ETH_SetMACConfig
                0x0801bca4                HAL_ETH_SetDMAConfig
                0x0801bcc0                HAL_ETH_SetMDIOClockRange
                0x0801bd38                HAL_ETH_Init
                0x0801be84                HAL_ETH_SetMACFilterConfig
                0x0801bee4                HAL_ETH_GetMACFilterConfig
                0x0801bf62                HAL_ETH_SetSourceMACAddrMatch
                0x0801bfb2                HAL_ETH_SetHashTable
                0x0801bfca                HAL_ETH_SetRxVLANIdentifier
                0x0801c00c                HAL_ETH_EnterPowerDownMode
                0x0801c04c                HAL_ETH_ExitPowerDownMode
                0x0801c088                HAL_ETH_SetWakeUpFilter
                0x0801c0c2                HAL_ETH_GetState
                0x0801c0c8                HAL_ETH_GetError
                0x0801c0ce                HAL_ETH_GetDMAError
                0x0801c0d4                HAL_ETH_GetMACError
                0x0801c0da                HAL_ETH_GetMACWakeUpSource
 .text          0x0801c0e0        0x0 ./build/stm32h7xx_hal_i2s_ex.o
 .text          0x0801c0e0      0xc70 ./build/stm32h7xx_hal_dma2d.o
                0x0801c17e                HAL_DMA2D_MspInit
                0x0801c180                HAL_DMA2D_Init
                0x0801c204                HAL_DMA2D_MspDeInit
                0x0801c206                HAL_DMA2D_Start
                0x0801c23e                HAL_DMA2D_Start_IT
                0x0801c280                HAL_DMA2D_BlendingStart
                0x0801c2f6                HAL_DMA2D_BlendingStart_IT
                0x0801c376                HAL_DMA2D_Abort
                0x0801c3d0                HAL_DMA2D_Suspend
                0x0801c42e                HAL_DMA2D_Resume
                0x0801c44e                HAL_DMA2D_EnableCLUT
                0x0801c484                HAL_DMA2D_CLUTStartLoad
                0x0801c4fc                HAL_DMA2D_CLUTStartLoad_IT
                0x0801c588                HAL_DMA2D_CLUTLoad
                0x0801c60c                HAL_DMA2D_CLUTLoad_IT
                0x0801c6a4                HAL_DMA2D_CLUTLoading_Abort
                0x0801c708                HAL_DMA2D_DeInit
                0x0801c79c                HAL_DMA2D_CLUTLoading_Suspend
                0x0801c834                HAL_DMA2D_CLUTLoading_Resume
                0x0801c876                HAL_DMA2D_PollForTransfer
                0x0801c9b4                HAL_DMA2D_LineEventCallback
                0x0801c9b6                HAL_DMA2D_CLUTLoadingCpltCallback
                0x0801c9b8                HAL_DMA2D_IRQHandler
                0x0801caf4                HAL_DMA2D_ConfigLayer
                0x0801cbf8                HAL_DMA2D_ConfigCLUT
                0x0801cc70                HAL_DMA2D_ProgramLineEvent
                0x0801ccae                HAL_DMA2D_EnableDeadTime
                0x0801ccdc                HAL_DMA2D_DisableDeadTime
                0x0801cd0c                HAL_DMA2D_ConfigDeadTime
                0x0801cd46                HAL_DMA2D_GetState
                0x0801cd4c                HAL_DMA2D_GetError
 .text          0x0801cd50     0x3690 ./build/stm32h7xx_hal_i2c.o
                0x0801d284                HAL_I2C_Init
                0x0801d340                HAL_I2C_MspDeInit
                0x0801d342                HAL_I2C_DeInit
                0x0801d374                HAL_I2C_Master_Transmit
                0x0801d4f0                HAL_I2C_Master_Receive
                0x0801d66c                HAL_I2C_Slave_Transmit
                0x0801d81c                HAL_I2C_Slave_Receive
                0x0801d9a0                HAL_I2C_Master_Transmit_IT
                0x0801da38                HAL_I2C_Master_Receive_IT
                0x0801dad0                HAL_I2C_Slave_Transmit_IT
                0x0801db34                HAL_I2C_Slave_Receive_IT
                0x0801db98                HAL_I2C_Master_Transmit_DMA
                0x0801dcec                HAL_I2C_Master_Receive_DMA
                0x0801de3c                HAL_I2C_Slave_Transmit_DMA
                0x0801df2c                HAL_I2C_Slave_Receive_DMA
                0x0801e020                HAL_I2C_Mem_Write
                0x0801e1ca                HAL_I2C_Mem_Read
                0x0801e37c                HAL_I2C_Mem_Write_IT
                0x0801e460                HAL_I2C_Mem_Read_IT
                0x0801e548                HAL_I2C_Mem_Write_DMA
                0x0801e6b0                HAL_I2C_Mem_Read_DMA
                0x0801e81c                HAL_I2C_IsDeviceReady
                0x0801e988                HAL_I2C_Master_Seq_Transmit_IT
                0x0801ea3c                HAL_I2C_Master_Seq_Transmit_DMA
                0x0801ebb0                HAL_I2C_Master_Seq_Receive_IT
                0x0801ec64                HAL_I2C_Master_Seq_Receive_DMA
                0x0801edd8                HAL_I2C_Slave_Seq_Transmit_IT
                0x0801eeb4                HAL_I2C_Slave_Seq_Transmit_DMA
                0x0801f058                HAL_I2C_Slave_Seq_Receive_IT
                0x0801f134                HAL_I2C_Slave_Seq_Receive_DMA
                0x0801f2d8                HAL_I2C_EnableListen_IT
                0x0801f304                HAL_I2C_DisableListen_IT
                0x0801f33e                HAL_I2C_Master_Abort_IT
                0x0801f3c4                HAL_I2C_EV_IRQHandler
                0x0801f3d4                HAL_I2C_MasterTxCpltCallback
                0x0801f3d6                HAL_I2C_MasterRxCpltCallback
                0x0801f42c                HAL_I2C_SlaveTxCpltCallback
                0x0801f42e                HAL_I2C_SlaveRxCpltCallback
                0x0801f574                HAL_I2C_AddrCallback
                0x0801f616                HAL_I2C_ListenCpltCallback
                0x0801f680                HAL_I2C_MemTxCpltCallback
                0x0801f682                HAL_I2C_MemRxCpltCallback
                0x0801f684                HAL_I2C_ErrorCallback
                0x0801f686                HAL_I2C_AbortCpltCallback
                0x0802034c                HAL_I2C_ER_IRQHandler
                0x080203d0                HAL_I2C_GetState
                0x080203d6                HAL_I2C_GetMode
                0x080203dc                HAL_I2C_GetError
 .text          0x080203e0       0x74 ./build/stm32h7xx_hal_iwdg.o
                0x080203e0                HAL_IWDG_Init
                0x08020448                HAL_IWDG_Refresh
 .text          0x08020454      0x44c ./build/stm32h7xx_hal_flash.o
                0x08020454                HAL_FLASH_EndOfOperationCallback
                0x08020456                HAL_FLASH_OperationErrorCallback
                0x08020458                HAL_FLASH_IRQHandler
                0x08020558                HAL_FLASH_Unlock
                0x0802058c                HAL_FLASH_Lock
                0x080205ac                HAL_FLASH_OB_Unlock
                0x080205e0                HAL_FLASH_OB_Lock
                0x08020600                HAL_FLASH_GetError
                0x0802060c                FLASH_WaitForLastOperation
                0x08020690                HAL_FLASH_Program
                0x08020718                HAL_FLASH_Program_IT
                0x080207a0                FLASH_OB_WaitForLastOperation
                0x08020800                FLASH_CRC_WaitForLastOperation
                0x08020874                HAL_FLASH_OB_Launch
 .text          0x080208a0     0x15b0 ./build/stm32h7xx_hal_smartcard.o
                0x08020ee2                HAL_SMARTCARD_MspInit
                0x08020ee4                HAL_SMARTCARD_Init
                0x08020f64                HAL_SMARTCARD_MspDeInit
                0x08020f66                HAL_SMARTCARD_DeInit
                0x08020fae                HAL_SMARTCARD_Transmit
                0x0802110c                HAL_SMARTCARD_Receive
                0x080211a4                HAL_SMARTCARD_Transmit_IT
                0x08021288                HAL_SMARTCARD_Receive_IT
                0x08021324                HAL_SMARTCARD_Transmit_DMA
                0x08021418                HAL_SMARTCARD_Receive_DMA
                0x080214bc                HAL_SMARTCARD_Abort
                0x0802156c                HAL_SMARTCARD_AbortTransmit
                0x080215e2                HAL_SMARTCARD_AbortReceive
                0x08021664                HAL_SMARTCARD_TxCpltCallback
                0x08021728                HAL_SMARTCARD_RxCpltCallback
                0x08021884                HAL_SMARTCARD_ErrorCallback
                0x080218de                HAL_SMARTCARD_IRQHandler
                0x08021b80                HAL_SMARTCARD_AbortCpltCallback
                0x08021b82                HAL_SMARTCARD_Abort_IT
                0x08021cd4                HAL_SMARTCARD_AbortTransmitCpltCallback
                0x08021cd6                HAL_SMARTCARD_AbortTransmit_IT
                0x08021d80                HAL_SMARTCARD_AbortReceiveCpltCallback
                0x08021d82                HAL_SMARTCARD_AbortReceive_IT
                0x08021e3e                HAL_SMARTCARD_GetState
                0x08021e4a                HAL_SMARTCARD_GetError
 .text          0x08021e50      0x214 ./build/stm32h7xx_hal_pwr.o
                0x08021e50                HAL_PWR_DeInit
                0x08021e52                HAL_PWR_EnableBkUpAccess
                0x08021e64                HAL_PWR_DisableBkUpAccess
                0x08021e74                HAL_PWR_ConfigPVD
                0x08021f14                HAL_PWR_EnablePVD
                0x08021f24                HAL_PWR_DisablePVD
                0x08021f34                HAL_PWR_EnableWakeUpPin
                0x08021f4c                HAL_PWR_DisableWakeUpPin
                0x08021f60                HAL_PWR_EnterSLEEPMode
                0x08021f7c                HAL_PWR_EnterSTOPMode
                0x08021fc8                HAL_PWR_EnterSTANDBYMode
                0x08021ff8                HAL_PWR_EnableSleepOnExit
                0x08022008                HAL_PWR_DisableSleepOnExit
                0x08022018                HAL_PWR_EnableSEVOnPend
                0x08022028                HAL_PWR_DisableSEVOnPend
                0x08022038                HAL_PWR_PVDCallback
                0x0802203a                HAL_PWR_PVD_IRQHandler
 .text          0x08022064      0x9a8 ./build/stm32h7xx_hal_rtc.o
                0x08022064                HAL_RTC_MspInit
                0x08022066                HAL_RTC_MspDeInit
                0x08022068                HAL_RTC_DeactivateAlarm
                0x08022132                HAL_RTC_AlarmAEventCallback
                0x08022134                HAL_RTC_AlarmIRQHandler
                0x08022192                HAL_RTC_PollForAlarmAEvent
                0x080221d8                HAL_RTC_WaitForSynchro
                0x0802220a                HAL_RTC_GetState
                0x08022210                RTC_EnterInitMode
                0x08022254                RTC_ExitInitMode
                0x080222a4                HAL_RTC_Init
                0x0802233c                HAL_RTC_DeInit
                0x08022410                RTC_ByteToBcd2
                0x08022426                HAL_RTC_SetTime
                0x080224f0                HAL_RTC_SetDate
                0x08022598                HAL_RTC_SetAlarm
                0x08022722                HAL_RTC_SetAlarm_IT
                0x080228c4                RTC_Bcd2ToByte
                0x080228d6                HAL_RTC_GetTime
                0x08022922                HAL_RTC_GetDate
                0x0802295e                HAL_RTC_GetAlarm
 .text          0x08022a0c      0x24c ./build/stm32h7xx_hal_ramecc.o
                0x08022a0c                HAL_RAMECC_Init
                0x08022a4e                HAL_RAMECC_DeInit
                0x08022a8c                HAL_RAMECC_StartMonitor
                0x08022ab2                HAL_RAMECC_StopMonitor
                0x08022ad8                HAL_RAMECC_EnableNotification
                0x08022b3c                HAL_RAMECC_DisableNotification
                0x08022ba4                HAL_RAMECC_RegisterCallback
                0x08022bc8                HAL_RAMECC_UnRegisterCallback
                0x08022be0                HAL_RAMECC_IRQHandler
                0x08022c1c                HAL_RAMECC_GetFailingAddress
                0x08022c22                HAL_RAMECC_GetFailingDataLow
                0x08022c28                HAL_RAMECC_GetFailingDataHigh
                0x08022c2e                HAL_RAMECC_GetHammingErrorCode
                0x08022c34                HAL_RAMECC_IsECCSingleErrorDetected
                0x08022c42                HAL_RAMECC_IsECCDoubleErrorDetected
                0x08022c50                HAL_RAMECC_GetState
                0x08022c54                HAL_RAMECC_GetError
 .text          0x08022c58      0x2f0 ./build/stm32h7xx_ll_usart.o
                0x08022c58                LL_USART_DeInit
                0x08022da0                LL_USART_Init
                0x08022ef4                LL_USART_StructInit
                0x08022f0e                LL_USART_ClockInit
                0x08022f3c                LL_USART_ClockStructInit
 .text          0x08022f48      0xb30 ./build/stm32h7xx_hal_spdifrx.o
                0x08022ff8                HAL_SPDIFRX_MspInit
                0x08022ffa                HAL_SPDIFRX_Init
                0x08023088                HAL_SPDIFRX_MspDeInit
                0x0802308a                HAL_SPDIFRX_DeInit
                0x080230b6                HAL_SPDIFRX_SetDataFormat
                0x08023112                HAL_SPDIFRX_ReceiveDataFlow
                0x080231c8                HAL_SPDIFRX_ReceiveCtrlFlow
                0x0802327e                HAL_SPDIFRX_ReceiveDataFlow_IT
                0x080233ac                HAL_SPDIFRX_ReceiveCtrlFlow_IT
                0x080234dc                HAL_SPDIFRX_ReceiveDataFlow_DMA
                0x08023634                HAL_SPDIFRX_ReceiveCtrlFlow_DMA
                0x0802378c                HAL_SPDIFRX_DMAStop
                0x080238d0                HAL_SPDIFRX_RxHalfCpltCallback
                0x080238dc                HAL_SPDIFRX_RxCpltCallback
                0x0802394c                HAL_SPDIFRX_CxHalfCpltCallback
                0x08023958                HAL_SPDIFRX_CxCpltCallback
                0x080239be                HAL_SPDIFRX_ErrorCallback
                0x080239ee                HAL_SPDIFRX_IRQHandler
                0x08023a6c                HAL_SPDIFRX_GetState
                0x08023a72                HAL_SPDIFRX_GetError
 .text          0x08023a78       0x30 ./build/stm32h7xx_ll_crc.o
                0x08023a78                LL_CRC_DeInit
 .text          0x08023aa8      0x1cc ./build/stm32h7xx_hal_mdios.o
                0x08023aa8                HAL_MDIOS_MspInit
                0x08023aaa                HAL_MDIOS_Init
                0x08023aec                HAL_MDIOS_MspDeInit
                0x08023aee                HAL_MDIOS_DeInit
                0x08023b12                HAL_MDIOS_WriteReg
                0x08023b34                HAL_MDIOS_ReadReg
                0x08023b58                HAL_MDIOS_GetWrittenRegAddress
                0x08023b5e                HAL_MDIOS_GetReadRegAddress
                0x08023b64                HAL_MDIOS_ClearWriteRegAddress
                0x08023b82                HAL_MDIOS_ClearReadRegAddress
                0x08023ba0                HAL_MDIOS_EnableEvents
                0x08023bc0                HAL_MDIOS_WriteCpltCallback
                0x08023bc2                HAL_MDIOS_ReadCpltCallback
                0x08023bc4                HAL_MDIOS_ErrorCallback
                0x08023bc6                HAL_MDIOS_WakeUpCallback
                0x08023bc8                HAL_MDIOS_IRQHandler
                0x08023c6a                HAL_MDIOS_GetError
                0x08023c6e                HAL_MDIOS_GetState
 .text          0x08023c74      0x15c ./build/stm32h7xx_hal_spi_ex.o
                0x08023c74                HAL_SPIEx_FlushRxFifo
                0x08023cd0                HAL_SPIEx_EnableLockConfiguration
                0x08023d3c                HAL_SPIEx_ConfigureUnderrun
 .text          0x08023dd0        0x0 ./build/stm32h7xx_ll_cordic.o
 .text          0x08023dd0      0x558 ./build/stm32h7xx_hal_uart_ex.o
                0x08023e44                HAL_RS485Ex_Init
                0x08023ecc                HAL_UARTEx_WakeupCallback
                0x08023ece                HAL_UARTEx_RxFifoFullCallback
                0x08023ed0                HAL_UARTEx_TxFifoEmptyCallback
                0x08023ed2                HAL_MultiProcessorEx_AddressLength_Set
                0x08023f0a                HAL_UARTEx_StopModeWakeUpSourceConfig
                0x08023f8c                HAL_UARTEx_EnableStopMode
                0x08023fba                HAL_UARTEx_DisableStopMode
                0x08023fe8                HAL_UARTEx_EnableFifoMode
                0x08024030                HAL_UARTEx_DisableFifoMode
                0x0802406e                HAL_UARTEx_SetTxFifoThreshold
                0x080240b8                HAL_UARTEx_SetRxFifoThreshold
                0x08024102                HAL_UARTEx_ReceiveToIdle
                0x08024272                HAL_UARTEx_ReceiveToIdle_IT
                0x080242cc                HAL_UARTEx_ReceiveToIdle_DMA
 .text          0x08024328     0x10bc ./build/stm32h7xx_hal_dfsdm.o
                0x08024536                HAL_DFSDM_ChannelMspInit
                0x08024538                HAL_DFSDM_ChannelInit
                0x0802463c                HAL_DFSDM_ChannelMspDeInit
                0x0802463e                HAL_DFSDM_ChannelDeInit
                0x080246a0                HAL_DFSDM_ChannelCkabStart
                0x08024700                HAL_DFSDM_ChannelPollForCkab
                0x08024760                HAL_DFSDM_ChannelCkabStop
                0x08024794                HAL_DFSDM_ChannelCkabStart_IT
                0x08024800                HAL_DFSDM_ChannelCkabCallback
                0x08024802                HAL_DFSDM_ChannelCkabStop_IT
                0x0802483c                HAL_DFSDM_ChannelScdStart
                0x08024874                HAL_DFSDM_ChannelPollForScd
                0x080248d0                HAL_DFSDM_ChannelScdStop
                0x08024904                HAL_DFSDM_ChannelScdStart_IT
                0x0802494c                HAL_DFSDM_ChannelScdCallback
                0x0802494e                HAL_DFSDM_ChannelScdStop_IT
                0x08024988                HAL_DFSDM_ChannelGetAwdValue
                0x08024990                HAL_DFSDM_ChannelModifyOffset
                0x080249b2                HAL_DFSDM_ChannelGetState
                0x080249b8                HAL_DFSDM_FilterMspInit
                0x080249ba                HAL_DFSDM_FilterInit
                0x08024ae0                HAL_DFSDM_FilterMspDeInit
                0x08024ae2                HAL_DFSDM_FilterDeInit
                0x08024b02                HAL_DFSDM_FilterConfigRegChannel
                0x08024b50                HAL_DFSDM_FilterConfigInjChannel
                0x08024b82                HAL_DFSDM_FilterRegularStart
                0x08024b9c                HAL_DFSDM_FilterRegularStop
                0x08024bb6                HAL_DFSDM_FilterRegularStart_IT
                0x08024bda                HAL_DFSDM_FilterRegularStop_IT
                0x08024bfe                HAL_DFSDM_FilterRegularStart_DMA
                0x08024ca8                HAL_DFSDM_FilterRegularMsbStart_DMA
                0x08024d54                HAL_DFSDM_FilterRegularStop_DMA
                0x08024d86                HAL_DFSDM_FilterGetRegularValue
                0x08024d94                HAL_DFSDM_FilterInjectedStart
                0x08024dae                HAL_DFSDM_FilterInjectedStop
                0x08024dc8                HAL_DFSDM_FilterInjectedStart_IT
                0x08024dec                HAL_DFSDM_FilterInjectedStop_IT
                0x08024e10                HAL_DFSDM_FilterInjectedStart_DMA
                0x08024eb4                HAL_DFSDM_FilterInjectedMsbStart_DMA
                0x08024f58                HAL_DFSDM_FilterInjectedStop_DMA
                0x08024f8a                HAL_DFSDM_FilterGetInjectedValue
                0x08024f98                HAL_DFSDM_FilterAwdStart_IT
                0x08025012                HAL_DFSDM_FilterAwdStop_IT
                0x0802505c                HAL_DFSDM_FilterExdStart
                0x0802508c                HAL_DFSDM_FilterExdStop
                0x080250bc                HAL_DFSDM_FilterGetExdMaxValue
                0x080250ca                HAL_DFSDM_FilterGetExdMinValue
                0x080250d8                HAL_DFSDM_FilterGetConvTimeValue
                0x080250e0                HAL_DFSDM_FilterRegConvCpltCallback
                0x080250ec                HAL_DFSDM_FilterRegConvHalfCpltCallback
                0x080250f8                HAL_DFSDM_FilterInjConvCpltCallback
                0x08025104                HAL_DFSDM_FilterInjConvHalfCpltCallback
                0x08025110                HAL_DFSDM_FilterAwdCallback
                0x08025112                HAL_DFSDM_FilterErrorCallback
                0x08025114                HAL_DFSDM_FilterPollForRegConversion
                0x0802519c                HAL_DFSDM_FilterPollForInjConversion
                0x0802522a                HAL_DFSDM_IRQHandler
                0x080253d8                HAL_DFSDM_FilterGetState
                0x080253de                HAL_DFSDM_FilterGetError
 .text          0x080253e4      0x2d4 ./build/stm32h7xx_hal_cortex.o
                0x080253e4                HAL_NVIC_SetPriorityGrouping
                0x08025408                HAL_NVIC_SetPriority
                0x08025474                HAL_NVIC_EnableIRQ
                0x08025490                HAL_NVIC_DisableIRQ
                0x080254b4                HAL_NVIC_SystemReset
                0x080254d8                HAL_SYSTICK_Config
                0x08025500                HAL_MPU_Disable
                0x0802551c                HAL_MPU_Enable
                0x0802553c                HAL_MPU_ConfigRegion
                0x0802559c                HAL_NVIC_GetPriorityGrouping
                0x080255ac                HAL_NVIC_GetPriority
                0x08025608                HAL_NVIC_SetPendingIRQ
                0x08025624                HAL_NVIC_GetPendingIRQ
                0x08025648                HAL_NVIC_ClearPendingIRQ
                0x08025664                HAL_NVIC_GetActive
                0x08025688                HAL_SYSTICK_CLKSourceConfig
                0x080256a8                HAL_SYSTICK_Callback
                0x080256aa                HAL_SYSTICK_IRQHandler
                0x080256b2                HAL_GetCurrentCPUID
 .text          0x080256b8       0xe4 ./build/stm32h7xx_hal_hsem.o
                0x080256b8                HAL_HSEM_Take
                0x080256dc                HAL_HSEM_FastTake
                0x080256fc                HAL_HSEM_IsSemTaken
                0x08025714                HAL_HSEM_Release
                0x08025724                HAL_HSEM_ReleaseAll
                0x08025738                HAL_HSEM_SetClearKey
                0x08025750                HAL_HSEM_GetClearKey
                0x08025760                HAL_HSEM_ActivateNotification
                0x08025770                HAL_HSEM_DeactivateNotification
                0x08025780                HAL_HSEM_FreeCallback
                0x08025782                HAL_HSEM_IRQHandler
 .text          0x0802579c      0x434 ./build/stm32h7xx_ll_fmc.o
                0x0802579c                FMC_NORSRAM_Init
                0x08025830                FMC_NORSRAM_DeInit
                0x08025864                FMC_NORSRAM_Timing_Init
                0x080258c8                FMC_NORSRAM_Extended_Timing_Init
                0x0802590c                FMC_NORSRAM_WriteOperation_Enable
                0x0802591c                FMC_NORSRAM_WriteOperation_Disable
                0x0802592c                FMC_NAND_Init
                0x08025964                FMC_NAND_CommonSpace_Timing_Init
                0x08025980                FMC_NAND_AttributeSpace_Timing_Init
                0x0802599c                FMC_NAND_DeInit
                0x080259b8                FMC_NAND_ECC_Enable
                0x080259c4                FMC_NAND_ECC_Disable
                0x080259d0                FMC_NAND_GetECC
                0x08025a0a                FMC_SDRAM_Init
                0x08025a80                FMC_SDRAM_Timing_Init
                0x08025b28                FMC_SDRAM_DeInit
                0x08025b46                FMC_SDRAM_WriteProtection_Enable
                0x08025b56                FMC_SDRAM_WriteProtection_Disable
                0x08025b66                FMC_SDRAM_SendCommand
                0x08025b94                FMC_SDRAM_ProgramRefreshRate
                0x08025ba8                FMC_SDRAM_SetAutoRefreshNumber
                0x08025bba                FMC_SDRAM_GetModeStatus
 .text          0x08025bd0        0x0 ./build/stm32h7xx_hal_rng_ex.o
 .text          0x08025bd0      0x210 ./build/stm32h7xx_hal_smartcard_ex.o
                0x08025c18                HAL_SMARTCARDEx_BlockLength_Config
                0x08025c28                HAL_SMARTCARDEx_TimeOut_Config
                0x08025c36                HAL_SMARTCARDEx_EnableReceiverTimeOut
                0x08025c74                HAL_SMARTCARDEx_DisableReceiverTimeOut
                0x08025cb2                HAL_SMARTCARDEx_RxFifoFullCallback
                0x08025cb4                HAL_SMARTCARDEx_TxFifoEmptyCallback
                0x08025cb6                HAL_SMARTCARDEx_EnableFifoMode
                0x08025cfe                HAL_SMARTCARDEx_DisableFifoMode
                0x08025d3c                HAL_SMARTCARDEx_SetTxFifoThreshold
                0x08025d8e                HAL_SMARTCARDEx_SetRxFifoThreshold
 .text          0x08025de0       0x24 ./build/stm32h7xx_ll_crs.o
                0x08025de0                LL_CRS_DeInit
 .text          0x08025e04      0xd4c ./build/stm32h7xx_hal_lptim.o
                0x08025e40                HAL_LPTIM_MspInit
                0x08025e42                HAL_LPTIM_Init
                0x08025f14                HAL_LPTIM_MspDeInit
                0x08025f16                HAL_LPTIM_PWM_Start
                0x08025f72                HAL_LPTIM_OnePulse_Start
                0x08025fd4                HAL_LPTIM_SetOnce_Start
                0x08026034                HAL_LPTIM_Encoder_Start
                0x08026088                HAL_LPTIM_TimeOut_Start
                0x080260e4                HAL_LPTIM_Counter_Start
                0x0802613c                HAL_LPTIM_ReadCounter
                0x08026142                HAL_LPTIM_ReadAutoReload
                0x08026148                HAL_LPTIM_ReadCapturedValue
                0x0802614e                HAL_LPTIM_CompareMatchCallback
                0x08026150                HAL_LPTIM_AutoReloadMatchCallback
                0x08026152                HAL_LPTIM_TriggerCallback
                0x08026154                HAL_LPTIM_CompareWriteCallback
                0x08026156                HAL_LPTIM_AutoReloadWriteCallback
                0x08026158                HAL_LPTIM_DirectionUpCallback
                0x0802615a                HAL_LPTIM_DirectionDownCallback
                0x0802615c                HAL_LPTIM_IRQHandler
                0x08026232                HAL_LPTIM_GetState
                0x08026238                LPTIM_Disable
                0x080264d0                HAL_LPTIM_DeInit
                0x08026500                HAL_LPTIM_PWM_Stop
                0x08026522                HAL_LPTIM_PWM_Start_IT
                0x080265d4                HAL_LPTIM_PWM_Stop_IT
                0x08026632                HAL_LPTIM_OnePulse_Stop
                0x08026654                HAL_LPTIM_OnePulse_Start_IT
                0x0802670c                HAL_LPTIM_OnePulse_Stop_IT
                0x0802676a                HAL_LPTIM_SetOnce_Stop
                0x0802678c                HAL_LPTIM_SetOnce_Start_IT
                0x08026844                HAL_LPTIM_SetOnce_Stop_IT
                0x080268a2                HAL_LPTIM_Encoder_Stop
                0x080268ce                HAL_LPTIM_Encoder_Start_IT
                0x08026950                HAL_LPTIM_Encoder_Stop_IT
                0x08026990                HAL_LPTIM_TimeOut_Stop
                0x080269bc                HAL_LPTIM_TimeOut_Start_IT
                0x08026a3c                HAL_LPTIM_TimeOut_Stop_IT
                0x08026a72                HAL_LPTIM_Counter_Stop
                0x08026a94                HAL_LPTIM_Counter_Start_IT
                0x08026b1a                HAL_LPTIM_Counter_Stop_IT
 .text          0x08026b50      0x134 ./build/stm32h7xx_ll_i2c.o
                0x08026b50                LL_I2C_DeInit
                0x08026bfc                LL_I2C_Init
                0x08026c6c                LL_I2C_StructInit
 .text          0x08026c84      0x430 ./build/stm32h7xx_hal_comp.o
                0x08026c84                HAL_COMP_MspInit
                0x08026c86                HAL_COMP_Init
                0x08026e28                HAL_COMP_MspDeInit
                0x08026e2a                HAL_COMP_DeInit
                0x08026e54                HAL_COMP_Start
                0x08026eb8                HAL_COMP_Stop
                0x08026ee6                HAL_COMP_Start_IT
                0x08026f54                HAL_COMP_Stop_IT
                0x08026f90                HAL_COMP_Lock
                0x08026fd4                HAL_COMP_GetOutputLevel
                0x08026ff8                HAL_COMP_TriggerCallback
                0x08026ffa                HAL_COMP_IRQHandler
                0x080270a0                HAL_COMP_GetState
                0x080270ae                HAL_COMP_GetError
 .text          0x080270b4      0x2cc ./build/stm32h7xx_ll_gpio.o
                0x080270b4                LL_GPIO_DeInit
                0x0802728c                LL_GPIO_Init
                0x08027368                LL_GPIO_StructInit
 .text          0x08027380     0x20d4 ./build/stm32h7xx_hal_mmc.o
                0x08027948                HAL_MMC_MspInit
                0x0802794a                HAL_MMC_MspDeInit
                0x0802794c                HAL_MMC_DeInit
                0x08027970                HAL_MMC_ReadBlocks
                0x08027b78                HAL_MMC_WriteBlocks
                0x08027d94                HAL_MMC_ReadBlocks_IT
                0x08027e88                HAL_MMC_WriteBlocks_IT
                0x08027f7c                HAL_MMC_ReadBlocks_DMA
                0x0802807c                HAL_MMC_WriteBlocks_DMA
                0x08028180                HAL_MMC_Erase
                0x08028290                HAL_MMC_GetState
                0x08028296                HAL_MMC_GetError
                0x0802829a                HAL_MMC_TxCpltCallback
                0x0802829c                HAL_MMC_RxCpltCallback
                0x0802829e                HAL_MMC_ErrorCallback
                0x080282a0                HAL_MMC_AbortCallback
                0x080282a2                HAL_MMC_GetCardCID
                0x080282f4                HAL_MMC_GetCardCSD
                0x080284b8                HAL_MMC_GetCardInfo
                0x080284d8                HAL_MMC_GetCardExtCSD
                0x08028754                HAL_MMC_InitCard
                0x08028818                HAL_MMC_ConfigWideBusOperation
                0x08028944                HAL_MMC_Init
                0x0802898e                HAL_MMC_GetCardState
                0x080289b0                HAL_MMC_ConfigSpeedBusOperation
                0x08028b40                HAL_MMC_Abort
                0x08028b88                HAL_MMC_Abort_IT
                0x08028bd4                HAL_MMC_EraseSequence
                0x08028d08                HAL_MMC_Sanitize
                0x08028df0                HAL_MMC_GetSupportedSecRemovalType
                0x08028e18                HAL_MMC_ConfigSecRemovalType
                0x08028f00                HAL_MMC_SleepDevice
                0x080290e0                HAL_MMC_AwakeDevice
                0x08029228                HAL_MMCEx_Read_DMADoubleBuf0CpltCallback
                0x0802922a                HAL_MMCEx_Read_DMADoubleBuf1CpltCallback
                0x0802922c                HAL_MMCEx_Write_DMADoubleBuf0CpltCallback
                0x0802922e                HAL_MMCEx_Write_DMADoubleBuf1CpltCallback
                0x08029230                HAL_MMC_IRQHandler
 .text          0x08029454     0x1d84 ./build/stm32h7xx_hal_spi.o
                0x08029746                HAL_SPI_Init
                0x0802996c                HAL_SPI_MspDeInit
                0x0802996e                HAL_SPI_DeInit
                0x0802999c                HAL_SPI_Transmit
                0x08029c60                HAL_SPI_TransmitReceive
                0x08029f72                HAL_SPI_Receive
                0x0802a1e0                HAL_SPI_Transmit_IT
                0x0802a2c0                HAL_SPI_TransmitReceive_IT
                0x0802a4f4                HAL_SPI_Receive_IT
                0x0802a600                HAL_SPI_Transmit_DMA
                0x0802a7bc                HAL_SPI_TransmitReceive_DMA
                0x0802aa38                HAL_SPI_Receive_DMA
                0x0802ac14                HAL_SPI_Abort
                0x0802ad04                HAL_SPI_DMAPause
                0x0802ad14                HAL_SPI_DMAResume
                0x0802ad24                HAL_SPI_DMAStop
                0x0802ad34                HAL_SPI_TxCpltCallback
                0x0802ad60                HAL_SPI_RxCpltCallback
                0x0802ad8c                HAL_SPI_TxRxCpltCallback
                0x0802adb8                HAL_SPI_TxHalfCpltCallback
                0x0802adc4                HAL_SPI_RxHalfCpltCallback
                0x0802add0                HAL_SPI_TxRxHalfCpltCallback
                0x0802addc                HAL_SPI_ErrorCallback
                0x0802ae0c                HAL_SPI_IRQHandler
                0x0802b066                HAL_SPI_AbortCpltCallback
                0x0802b068                HAL_SPI_Abort_IT
                0x0802b1cc                HAL_SPI_GetState
                0x0802b1d2                HAL_SPI_GetError
 .text          0x0802b1d8      0x618 ./build/stm32h7xx_ll_rtc.o
                0x0802b1d8                LL_RTC_StructInit
                0x0802b1e6                LL_RTC_TIME_StructInit
                0x0802b1f2                LL_RTC_DATE_StructInit
                0x0802b200                LL_RTC_ALMA_Init
                0x0802b338                LL_RTC_ALMB_Init
                0x0802b470                LL_RTC_ALMA_StructInit
                0x0802b484                LL_RTC_ALMB_StructInit
                0x0802b498                LL_RTC_EnterInitMode
                0x0802b4f0                LL_RTC_Init
                0x0802b540                LL_RTC_ExitInitMode
                0x0802b54a                LL_RTC_WaitForSynchro
                0x0802b5dc                LL_RTC_DeInit
                0x0802b630                LL_RTC_TIME_Init
                0x0802b714                LL_RTC_DATE_Init